/home/ee/ncs/modules/fs/littlefs/lfs.c:295:20:lfs_pair_isnull	0	static
/home/ee/ncs/modules/fs/littlefs/lfs.c:299:19:lfs_pair_cmp	8	static
/home/ee/ncs/modules/fs/littlefs/lfs.c:306:20:lfs_pair_issync	8	static
/home/ee/ncs/modules/fs/littlefs/lfs.c:374:26:lfs_tag_dsize	0	static
/home/ee/ncs/modules/fs/littlefs/lfs.c:394:20:lfs_gstate_xor	8	static
/home/ee/ncs/modules/fs/littlefs/lfs.c:400:20:lfs_gstate_iszero	0	static
/home/ee/ncs/modules/fs/littlefs/lfs.c:427:20:lfs_gstate_hasmovehere	8	static
/home/ee/ncs/modules/fs/littlefs/lfs.c:499:13:lfs_mlist_isopen	0	static
/home/ee/ncs/modules/fs/littlefs/lfs.c:619:12:lfs_alloc_lookahead	0	static
/home/ee/ncs/modules/fs/littlefs/lfs.c:845:12:lfs_dir_traverse_filter	12	static
/home/ee/ncs/modules/fs/littlefs/lfs.c:1892:12:lfs_dir_commit_size	8	static
/home/ee/ncs/modules/fs/littlefs/lfs.c:5116:12:lfs_fs_size_count	0	static
/home/ee/ncs/modules/fs/littlefs/lfs.c:4838:12:lfs_fs_preporphans	8	static
/home/ee/ncs/modules/fs/littlefs/lfs.c:47:12:lfs_bd_read	64	static
/home/ee/ncs/modules/fs/littlefs/lfs.c:711:19:lfs_dir_getslice	64	static
/home/ee/ncs/modules/fs/littlefs/lfs.c:776:19:lfs_dir_get	24	static
/home/ee/ncs/modules/fs/littlefs/lfs.c:1387:12:lfs_dir_getgstate	40	static
/home/ee/ncs/modules/fs/littlefs/lfs.c:4774:12:lfs_fs_parent_match	40	static
/home/ee/ncs/modules/fs/littlefs/lfs.c:4317:12:lfs_deinit	8	static
/home/ee/ncs/modules/fs/littlefs/lfs.c:1405:12:lfs_dir_getinfo	40	static
/home/ee/ncs/modules/fs/littlefs/lfs.c:278:12:lfs_bd_erase	8	static
/home/ee/ncs/modules/fs/littlefs/lfs.c:905:12:lfs_dir_traverse.constprop	208	static
/home/ee/ncs/modules/fs/littlefs/lfs.c:783:12:lfs_dir_getread.constprop	56	static
/home/ee/ncs/modules/fs/littlefs/lfs.c:157:12:lfs_bd_crc.constprop	64	static
/home/ee/ncs/modules/fs/littlefs/lfs.c:130:12:lfs_bd_cmp.constprop	64	static
/home/ee/ncs/modules/fs/littlefs/lfs.c:1445:12:lfs_dir_find_match	32	static
/home/ee/sensing_fw/build_primary/sensing_fw/zephyr/include/generated/zephyr/syscalls/log_msg.h:107:20:z_log_msg_static_create.constprop	0	static
/home/ee/ncs/modules/fs/littlefs/lfs.c:1100:19:lfs_dir_fetchmatch	176	dynamic,bounded
/home/ee/ncs/modules/fs/littlefs/lfs.c:4795:19:lfs_fs_parent	120	dynamic,bounded
/home/ee/ncs/modules/fs/littlefs/lfs.c:1379:12:lfs_dir_fetch	24	static
/home/ee/ncs/modules/fs/littlefs/lfs.c:1469:19:lfs_dir_find	88	static
/home/ee/ncs/modules/fs/littlefs/lfs.c:4730:12:lfs_fs_pred	80	dynamic,bounded
/home/ee/ncs/modules/fs/littlefs/lfs.c:2848:12:lfs_ctz_index.isra	24	static
/home/ee/ncs/modules/fs/littlefs/lfs.c:2861:12:lfs_ctz_find.constprop	72	static
/home/ee/ncs/modules/fs/littlefs/lfs.c:3461:20:lfs_file_flushedread	56	static
/home/ee/ncs/modules/fs/littlefs/lfs.c:2995:12:lfs_ctz_traverse	72	static
/home/ee/ncs/modules/fs/littlefs/lfs.c:4622:5:lfs_fs_traverse_	152	dynamic,bounded
/home/ee/ncs/modules/fs/littlefs/lfs.c:633:12:lfs_alloc_scan	16	static
/home/ee/ncs/modules/fs/littlefs/lfs.c:658:12:lfs_alloc	64	dynamic,bounded
/home/ee/ncs/modules/fs/littlefs/lfs.c:1792:12:lfs_dir_alloc	32	static
/home/ee/ncs/modules/fs/littlefs/lfs.c:5123:20:lfs_fs_size_	16	static
/home/ee/ncs/modules/fs/littlefs/lfs.c:41:20:lfs_cache_zero.isra	8	static
/home/ee/ncs/modules/fs/littlefs/lfs.c:4161:12:lfs_init	16	static
/home/ee/ncs/modules/fs/littlefs/lfs.c:179:12:lfs_bd_flush	48	static
/home/ee/ncs/modules/fs/littlefs/lfs.c:230:12:lfs_bd_prog	48	static
/home/ee/ncs/modules/fs/littlefs/lfs.c:3235:12:lfs_file_relocate	64	static
/home/ee/ncs/modules/fs/littlefs/lfs.c:3541:20:lfs_file_flushedwrite	104	static
/home/ee/ncs/modules/fs/littlefs/lfs.c:1581:12:lfs_dir_commitprog	40	static
/home/ee/ncs/modules/fs/littlefs/lfs.c:1598:12:lfs_dir_commitattr	64	static
/home/ee/ncs/modules/fs/littlefs/lfs.c:1909:12:lfs_dir_commit_commit	0	static
/home/ee/ncs/modules/fs/littlefs/lfs.c:3319:12:lfs_file_flush	112	static
/home/ee/ncs/modules/fs/littlefs/lfs.c:3625:20:lfs_file_write_	40	static
/home/ee/ncs/modules/fs/littlefs/lfs.c:214:12:lfs_bd_sync.constprop	8	static
/home/ee/ncs/modules/fs/littlefs/lfs.c:1646:12:lfs_dir_commitcrc	80	static
/home/ee/ncs/modules/fs/littlefs/lfs.c:1929:12:lfs_dir_compact	176	dynamic,bounded
/home/ee/ncs/modules/fs/littlefs/lfs.c:1857:12:lfs_dir_split	80	static
/home/ee/ncs/modules/fs/littlefs/lfs.c:2210:12:lfs_dir_relocatingcommit	224	dynamic,bounded
/home/ee/ncs/modules/fs/littlefs/lfs.c:2383:12:lfs_dir_orphaningcommit	152	static
/home/ee/ncs/modules/fs/littlefs/lfs.c:4935:12:lfs_fs_deorphan	160	static
/home/ee/ncs/modules/fs/littlefs/lfs.c:2576:12:lfs_dir_commit	8	static
/home/ee/ncs/modules/fs/littlefs/lfs.c:5066:12:lfs_fs_forceconsistency	72	static
/home/ee/ncs/modules/fs/littlefs/lfs.c:1836:12:lfs_dir_drop	24	static
/home/ee/ncs/modules/fs/littlefs/lfs.c:3400:12:lfs_file_sync_	40	static
/home/ee/ncs/modules/fs/littlefs/lfs.c:3215:12:lfs_file_close_	16	static
/home/ee/ncs/modules/fs/littlefs/lfs.c:4104:12:lfs_commitattr	64	static
/home/ee/ncs/modules/fs/littlefs/lfs.c:3040:12:lfs_file_opencfg_	72	static
/home/ee/ncs/modules/fs/littlefs/lfs.c:3669:19:lfs_file_seek_	32	static
/home/ee/ncs/modules/fs/littlefs/lfs.c:5889:5:lfs_format	104	static
/home/ee/ncs/modules/fs/littlefs/lfs.c:5948:5:lfs_unmount	0	static
/home/ee/ncs/modules/fs/littlefs/lfs.c:5919:5:lfs_mount	472	dynamic,bounded
/home/ee/ncs/modules/fs/littlefs/lfs.c:5963:5:lfs_remove	120	static
/home/ee/ncs/modules/fs/littlefs/lfs.c:5979:5:lfs_rename	224	static
/home/ee/ncs/modules/fs/littlefs/lfs.c:5994:5:lfs_stat	56	static
/home/ee/ncs/modules/fs/littlefs/lfs.c:6008:13:lfs_getattr	64	static
/home/ee/ncs/modules/fs/littlefs/lfs.c:6025:5:lfs_setattr	8	static
/home/ee/ncs/modules/fs/littlefs/lfs.c:6043:5:lfs_removeattr	16	static
/home/ee/ncs/modules/fs/littlefs/lfs.c:6059:5:lfs_file_open	16	static
/home/ee/ncs/modules/fs/littlefs/lfs.c:6076:5:lfs_file_opencfg	8	static
/home/ee/ncs/modules/fs/littlefs/lfs.c:6096:5:lfs_file_close	8	static
/home/ee/ncs/modules/fs/littlefs/lfs.c:6112:5:lfs_file_sync	8	static
/home/ee/ncs/modules/fs/littlefs/lfs.c:6128:13:lfs_file_read	24	static
/home/ee/ncs/modules/fs/littlefs/lfs.c:6146:13:lfs_file_write	8	static
/home/ee/ncs/modules/fs/littlefs/lfs.c:6164:12:lfs_file_seek	8	static
/home/ee/ncs/modules/fs/littlefs/lfs.c:6182:5:lfs_file_truncate	48	static
/home/ee/ncs/modules/fs/littlefs/lfs.c:6199:12:lfs_file_tell	8	static
/home/ee/ncs/modules/fs/littlefs/lfs.c:6214:5:lfs_file_rewind	8	static
/home/ee/ncs/modules/fs/littlefs/lfs.c:6228:12:lfs_file_size	8	static
/home/ee/ncs/modules/fs/littlefs/lfs.c:6244:5:lfs_mkdir	184	static
/home/ee/ncs/modules/fs/littlefs/lfs.c:6259:5:lfs_dir_open	48	static
/home/ee/ncs/modules/fs/littlefs/lfs.c:6274:5:lfs_dir_close	0	static
/home/ee/ncs/modules/fs/littlefs/lfs.c:6288:5:lfs_dir_read	24	static
/home/ee/ncs/modules/fs/littlefs/lfs.c:6303:5:lfs_dir_seek	32	static
/home/ee/ncs/modules/fs/littlefs/lfs.c:6318:12:lfs_dir_tell	0	static
/home/ee/ncs/modules/fs/littlefs/lfs.c:6332:5:lfs_dir_rewind	8	static
/home/ee/ncs/modules/fs/littlefs/lfs.c:6346:5:lfs_fs_stat	80	static
/home/ee/ncs/modules/fs/littlefs/lfs.c:6360:13:lfs_fs_size	0	static
/home/ee/ncs/modules/fs/littlefs/lfs.c:6374:5:lfs_fs_traverse	0	static
/home/ee/ncs/modules/fs/littlefs/lfs.c:6390:5:lfs_fs_mkconsistent	64	static
/home/ee/ncs/modules/fs/littlefs/lfs.c:6406:5:lfs_fs_gc	48	static
/home/ee/ncs/modules/fs/littlefs/lfs.c:6422:5:lfs_fs_grow	88	static
