/home/ee/ncs/zephyr/subsys/mgmt/mcumgr/smp_client/src/client.c:276:13:smp_read_hdr	0	static
/home/ee/ncs/zephyr/subsys/mgmt/mcumgr/smp_client/src/client.c:52:13:smp_client_handle_reqs	16	static
/home/ee/ncs/zephyr/subsys/mgmt/mcumgr/smp_client/src/client.c:170:13:smp_client_cmd_req_free	8	static
/home/ee/ncs/zephyr/subsys/mgmt/mcumgr/smp_client/src/client.c:79:13:smp_client_transport_work_fn	48	static
/home/ee/ncs/zephyr/subsys/mgmt/mcumgr/smp_client/src/client.c:134:12:smp_client_init	8	static
/home/ee/ncs/zephyr/include/zephyr/mgmt/mcumgr/smp/smp_client.h:50:5:smp_client_object_init	8	static
/home/ee/ncs/zephyr/include/zephyr/mgmt/mcumgr/smp/smp_client.h:72:5:smp_client_single_response	32	static
/home/ee/ncs/zephyr/include/zephyr/mgmt/mcumgr/smp/smp_client.h:86:17:smp_client_buf_allocation	32	static
/home/ee/ncs/zephyr/include/zephyr/mgmt/mcumgr/smp/smp_client.h:94:6:smp_client_buf_free	0	static
/home/ee/ncs/zephyr/include/zephyr/mgmt/mcumgr/smp/smp_client.h:109:5:smp_client_send_cmd	40	static
