/home/ee/ncs/modules/hal/cmsis/CMSIS/Core/Include/core_cm33.h:2390:22:__NVIC_EnableIRQ	0	static
/home/ee/ncs/modules/hal/cmsis/CMSIS/Core/Include/core_cm33.h:2428:22:__NVIC_DisableIRQ	0	static
/home/ee/ncs/modules/hal/cmsis/CMSIS/Core/Include/core_cm33.h:2587:22:__NVIC_SetPriority	0	static
/home/ee/ncs/zephyr/include/zephyr/arch/arm/irq.h:39:13:arch_irq_enable	8	static
/home/ee/ncs/zephyr/include/zephyr/arch/arm/irq.h:40:13:arch_irq_disable	8	static
/home/ee/ncs/zephyr/include/zephyr/arch/arm/irq.h:41:12:arch_irq_is_enabled	0	static
/home/ee/ncs/zephyr/include/zephyr/arch/arm/irq.h:44:13:z_arm_irq_priority_set	8	static
/home/ee/ncs/zephyr/include/zephyr/sw_isr_table.h:32:6:z_irq_spurious	8	static
