/home/ee/ncs/nrf/subsys/app_event_manager/app_event_manager_shell.c:48:12:show_subscribers	40	static
/home/ee/ncs/nrf/subsys/app_event_manager/app_event_manager_shell.c:35:12:show_listeners	24	static
/home/ee/ncs/nrf/subsys/app_event_manager/app_event_manager_shell.c:12:12:show_events	40	static
/home/ee/ncs/zephyr/include/zephyr/sys/atomic.h:228:20:atomic_set_bit_to.constprop	0	static
/home/ee/ncs/nrf/subsys/app_event_manager/app_event_manager_shell.c:84:13:set_event_displaying	72	dynamic
/home/ee/ncs/nrf/subsys/app_event_manager/app_event_manager_shell.c:137:12:enable_event_displaying	8	static
/home/ee/ncs/nrf/subsys/app_event_manager/app_event_manager_shell.c:144:12:disable_event_displaying	8	static
