/home/ee/ncs/zephyr/subsys/fs/fs.c:63:31:registry_find	0	static
/home/ee/sensing_fw/build_primary/sensing_fw/zephyr/include/generated/zephyr/syscalls/kernel.h:975:19:k_mutex_lock.constprop.isra	0	static
/home/ee/sensing_fw/build_primary/sensing_fw/zephyr/include/generated/zephyr/syscalls/kernel.h:992:19:k_mutex_unlock.constprop.isra	0	static
/home/ee/ncs/zephyr/subsys/fs/fs.c:82:12:fs_get_mnt_point	48	static
/home/ee/ncs/zephyr/include/zephyr/fs/fs.h:294:5:fs_open	40	static
/home/ee/ncs/zephyr/include/zephyr/fs/fs.h:307:5:fs_close	16	static
/home/ee/ncs/zephyr/include/zephyr/fs/fs.h:368:9:fs_read	8	static
/home/ee/ncs/zephyr/include/zephyr/fs/fs.h:389:9:fs_write	8	static
/home/ee/ncs/zephyr/include/zephyr/fs/fs.h:409:5:fs_seek	8	static
/home/ee/ncs/zephyr/include/zephyr/fs/fs.h:425:7:fs_tell	8	static
/home/ee/ncs/zephyr/include/zephyr/fs/fs.h:447:5:fs_truncate	8	static
/home/ee/ncs/zephyr/include/zephyr/fs/fs.h:465:5:fs_sync	8	static
/home/ee/ncs/zephyr/include/zephyr/fs/fs.h:497:5:fs_opendir	32	static
/home/ee/ncs/zephyr/include/zephyr/fs/fs.h:518:5:fs_readdir	32	static
/home/ee/ncs/zephyr/include/zephyr/fs/fs.h:531:5:fs_closedir	16	static
/home/ee/ncs/zephyr/include/zephyr/fs/fs.h:481:5:fs_mkdir	24	static
/home/ee/ncs/zephyr/include/zephyr/fs/fs.h:323:5:fs_unlink	24	static
/home/ee/ncs/zephyr/include/zephyr/fs/fs.h:350:5:fs_rename	24	static
/home/ee/ncs/zephyr/include/zephyr/fs/fs.h:611:5:fs_stat	24	static
/home/ee/ncs/zephyr/include/zephyr/fs/fs.h:627:5:fs_statvfs	24	static
/home/ee/ncs/zephyr/include/zephyr/fs/fs.h:560:5:fs_mount	64	dynamic,bounded
/home/ee/ncs/zephyr/include/zephyr/fs/fs.h:576:5:fs_unmount	16	static
/home/ee/ncs/zephyr/include/zephyr/fs/fs.h:593:5:fs_readmount	24	static
/home/ee/ncs/zephyr/include/zephyr/fs/fs.h:657:5:fs_register	16	static
/home/ee/ncs/zephyr/include/zephyr/fs/fs.h:670:5:fs_unregister	16	static
