/home/ee/ncs/zephyr/subsys/fs/fs.c:44:12:registry_add	0	static
/home/ee/ncs/zephyr/subsys/fs/fs.c:63:31:registry_find	0	static
/home/ee/ncs/zephyr/subsys/fs/fs.c:75:39:fs_type_get	8	static
/home/ee/ncs/zephyr/subsys/fs/fs.c:82:12:fs_get_mnt_point	40	static
/home/ee/ncs/zephyr/include/zephyr/fs/fs.h:294:5:fs_open	32	static
/home/ee/ncs/zephyr/include/zephyr/fs/fs.h:307:5:fs_close	24	static
/home/ee/ncs/zephyr/include/zephyr/fs/fs.h:368:9:fs_read	16	static
/home/ee/ncs/zephyr/include/zephyr/fs/fs.h:389:9:fs_write	16	static
/home/ee/ncs/zephyr/include/zephyr/fs/fs.h:409:5:fs_seek	16	static
/home/ee/ncs/zephyr/include/zephyr/fs/fs.h:425:7:fs_tell	16	static
/home/ee/ncs/zephyr/include/zephyr/fs/fs.h:447:5:fs_truncate	16	static
/home/ee/ncs/zephyr/include/zephyr/fs/fs.h:465:5:fs_sync	16	static
/home/ee/ncs/zephyr/include/zephyr/fs/fs.h:497:5:fs_opendir	32	static
/home/ee/ncs/zephyr/include/zephyr/fs/fs.h:518:5:fs_readdir	32	static
/home/ee/ncs/zephyr/include/zephyr/fs/fs.h:531:5:fs_closedir	24	static
/home/ee/ncs/zephyr/include/zephyr/fs/fs.h:481:5:fs_mkdir	24	static
/home/ee/ncs/zephyr/include/zephyr/fs/fs.h:323:5:fs_unlink	24	static
/home/ee/ncs/zephyr/include/zephyr/fs/fs.h:350:5:fs_rename	32	static
/home/ee/ncs/zephyr/include/zephyr/fs/fs.h:611:5:fs_stat	24	static
/home/ee/ncs/zephyr/include/zephyr/fs/fs.h:627:5:fs_statvfs	24	static
/home/ee/ncs/zephyr/include/zephyr/fs/fs.h:560:5:fs_mount	64	dynamic,bounded
/home/ee/ncs/zephyr/include/zephyr/fs/fs.h:576:5:fs_unmount	24	static
/home/ee/ncs/zephyr/include/zephyr/fs/fs.h:593:5:fs_readmount	16	static
/home/ee/ncs/zephyr/include/zephyr/fs/fs.h:657:5:fs_register	16	static
/home/ee/ncs/zephyr/include/zephyr/fs/fs.h:670:5:fs_unregister	16	static
