/home/ee/ncs/zephyr/subsys/fs/shell.c:89:13:create_abs_path	24	static
/home/ee/ncs/zephyr/subsys/fs/shell.c:447:12:cmd_write	240	static
/home/ee/ncs/zephyr/subsys/fs/shell.c:213:12:cmd_trunc	160	static
/home/ee/ncs/zephyr/subsys/fs/shell.c:426:12:cmd_statvfs	168	static
/home/ee/ncs/zephyr/subsys/fs/shell.c:262:12:cmd_rm	136	static
/home/ee/ncs/zephyr/subsys/fs/shell.c:372:12:cmd_cat	504	static
/home/ee/ncs/zephyr/subsys/fs/shell.c:278:12:cmd_read	464	static
/home/ee/ncs/zephyr/subsys/fs/shell.c:206:12:cmd_pwd	8	static
/home/ee/ncs/zephyr/subsys/fs/shell.c:752:14:mntpt_prepare	16	static
/home/ee/ncs/zephyr/subsys/fs/shell.c:794:12:cmd_mount_littlefs	8	static
/home/ee/ncs/zephyr/subsys/fs/shell.c:246:12:cmd_mkdir	136	static
/home/ee/ncs/zephyr/subsys/fs/shell.c:162:12:cmd_ls	416	static
/home/ee/ncs/zephyr/subsys/fs/shell.c:119:12:cmd_cd	408	static
