/home/ee/sensing_fw/src/data/data.cpp:1637:13:bool encode_foot_sensor_readings_callback(pb_ostream_t*, const pb_field_t*, void* const*)	24	static
/home/ee/sensing_fw/build_primary/sensing_fw/zephyr/include/generated/zephyr/syscalls/kernel.h:1177:19:int k_msgq_put(k_msgq*, const void*, k_timeout_t)	0	static
/home/ee/sensing_fw/src/data/data.cpp:136:13:void flush_foot_sensor_buffer()	8	static
/home/ee/sensing_fw/src/data/data.cpp:143:13:void flush_bhi360_buffer()	8	static
/home/ee/sensing_fw/src/data/data.cpp:150:13:void flush_activity_buffer()	8	static
/home/ee/ncs/zephyr/include/zephyr/kernel.h:1854:23:int64_t k_uptime_get()	8	static
/home/ee/ncs/zephyr/include/zephyr/sys/atomic_builtin.h:59:28:atomic_val_t atomic_get(const atomic_t*)	0	static
/home/ee/sensing_fw/src/data/data.cpp:1413:13:bool encode_string_callback(pb_ostream_t*, const pb_field_t*, void* const*)	16	static
/opt/toolchains/zephyr-sdk-0.17.0/arm-zephyr-eabi/arm-zephyr-eabi/include/c++/12.2.0/bits/stl_heap.h:224:5:constexpr void std::__adjust_heap(_RandomAccessIterator, _Distance, _Distance, _Tp, _Compare) [with _RandomAccessIterator = __gnu_cxx::__normal_iterator<LogFileEntry*, vector<LogFileEntry> >; _Distance = int; _Tp = LogFileEntry; _Compare = __gnu_cxx::__ops::_Iter_comp_iter<cap_and_reindex_log_files(const char*, const char*, uint8_t, uint8_t)::<lambda(const LogFileEntry&, const LogFileEntry&)> >]	56	static
/opt/toolchains/zephyr-sdk-0.17.0/arm-zephyr-eabi/arm-zephyr-eabi/include/c++/12.2.0/bits/stl_heap.h:254:5:constexpr void std::__pop_heap(_RandomAccessIterator, _RandomAccessIterator, _RandomAccessIterator, _Compare&) [with _RandomAccessIterator = __gnu_cxx::__normal_iterator<LogFileEntry*, vector<LogFileEntry> >; _Compare = __gnu_cxx::__ops::_Iter_comp_iter<cap_and_reindex_log_files(const char*, const char*, uint8_t, uint8_t)::<lambda(const LogFileEntry&, const LogFileEntry&)> >]	88	static
/opt/toolchains/zephyr-sdk-0.17.0/arm-zephyr-eabi/arm-zephyr-eabi/include/c++/12.2.0/bits/stl_algo.h:1782:5:constexpr void std::__unguarded_linear_insert(_RandomAccessIterator, _Compare) [with _RandomAccessIterator = __gnu_cxx::__normal_iterator<LogFileEntry*, vector<LogFileEntry> >; _Compare = __gnu_cxx::__ops::_Val_comp_iter<cap_and_reindex_log_files(const char*, const char*, uint8_t, uint8_t)::<lambda(const LogFileEntry&, const LogFileEntry&)> >]	56	static
/opt/toolchains/zephyr-sdk-0.17.0/arm-zephyr-eabi/arm-zephyr-eabi/include/c++/12.2.0/bits/stl_algo.h:1802:5:constexpr void std::__insertion_sort(_RandomAccessIterator, _RandomAccessIterator, _Compare) [with _RandomAccessIterator = __gnu_cxx::__normal_iterator<LogFileEntry*, vector<LogFileEntry> >; _Compare = __gnu_cxx::__ops::_Iter_comp_iter<cap_and_reindex_log_files(const char*, const char*, uint8_t, uint8_t)::<lambda(const LogFileEntry&, const LogFileEntry&)> >]	56	static
/home/ee/sensing_fw/include/ble_services.hpp:91:20:void send_error_to_bluetooth(sender_type_t, err_t, bool)	568	static
/home/ee/sensing_fw/build_primary/sensing_fw/zephyr/include/generated/zephyr/syscalls/log_msg.h:107:20:void z_log_msg_static_create(const void*, log_msg_desc, uint8_t*, const void*)	0	static
/home/ee/ncs/zephyr/include/zephyr/sys/cbprintf_internal.h:55:20:void z_cbprintf_wcpy(int*, int*, size_t)	0	static
/home/ee/ncs/zephyr/include/zephyr/sys/cbprintf_cxx.h:317:20:void z_cbprintf_cxx_store_arg(uint8_t*, T) [with T = int]	16	static
/home/ee/ncs/zephyr/include/zephyr/sys/cbprintf_cxx.h:317:20:void z_cbprintf_cxx_store_arg(uint8_t*, T) [with T = const char*]	16	static
/home/ee/sensing_fw/src/data/data.cpp:1311:16:uint8_t get_filesystem_usage_percent()	48	static
/home/ee/sensing_fw/src/data/data.cpp:227:17:uint32_t get_next_file_sequence(const char*, const char*)	136	dynamic,bounded
/home/ee/sensing_fw/src/data/data.cpp:1017:7:err_t mount_file_system(fs_mount_t*)	24	static
/home/ee/sensing_fw/build_primary/sensing_fw/zephyr/include/generated/zephyr/syscalls/kernel.h:975:19:int k_mutex_lock(k_mutex*, k_timeout_t)	0	static
/home/ee/sensing_fw/build_primary/sensing_fw/zephyr/include/generated/zephyr/syscalls/kernel.h:992:19:int k_mutex_unlock(k_mutex*)	0	static
/home/ee/ncs/zephyr/include/zephyr/kernel.h:564:23:int32_t k_msleep(int32_t)	8	static
/home/ee/ncs/zephyr/include/zephyr/sys/atomic_builtin.h:69:28:atomic_val_t atomic_set(atomic_t*, atomic_val_t)	0	static
/home/ee/sensing_fw/src/data/data.cpp:1081:5:int delete_oldest_log_files(const char*, const char*)	264	dynamic,bounded
/home/ee/sensing_fw/src/data/data.cpp:1186:7:err_t close_directory(fs_dir_t*)	24	static
/home/ee/sensing_fw/src/data/data.cpp:1202:5:int find_latest_log_file(const char*, record_type_t, char*, const char*)	248	dynamic,bounded
/home/ee/sensing_fw/src/data/data.cpp:2216:7:err_t type_and_id_to_path(record_type_t, uint8_t, char*)	32	static
/home/ee/sensing_fw/src/data/data.cpp:2237:7:err_t delete_by_type_and_id(record_type_t, uint8_t)	800	dynamic,bounded
/home/ee/sensing_fw/src/data/data.cpp:2546:7:err_t delete_oldest_log_file_checked(const char*, const char*)	248	dynamic,bounded
/home/ee/sensing_fw/src/data/data.cpp:1344:13:bool check_filesystem_space_and_cleanup()	40	static
/home/ee/sensing_fw/src/data/data.cpp:1854:14:err_t write_foot_sensor_protobuf_data(const sensor_data_messages_FootSensorLogMessage*)	152	dynamic,bounded
/home/ee/sensing_fw/src/data/data.cpp:1540:7:err_t end_foot_sensor_logging()	656	dynamic,bounded
/home/ee/sensing_fw/src/data/data.cpp:1910:14:err_t write_bhi360_protobuf_data(const sensor_data_messages_BHI360LogMessage*)	152	dynamic,bounded
/home/ee/sensing_fw/src/data/data.cpp:1752:7:err_t end_bhi360_logging()	704	dynamic,bounded
/home/ee/sensing_fw/src/data/data.cpp:2166:14:err_t write_activity_protobuf_data(const sensor_data_messages_ActivityLogMessage*)	152	dynamic,bounded
/home/ee/sensing_fw/src/data/data.cpp:2073:7:err_t end_activity_logging()	664	dynamic,bounded
/home/ee/sensing_fw/src/data/data.cpp:1433:7:err_t start_foot_sensor_logging(uint32_t, const char*)	272	dynamic,bounded
/home/ee/sensing_fw/src/data/data.cpp:1660:7:err_t start_bhi360_logging(uint32_t, const char*)	320	dynamic,bounded
/home/ee/sensing_fw/src/data/data.cpp:1966:7:err_t start_activity_logging(uint32_t, const char*)	272	dynamic,bounded
/home/ee/sensing_fw/src/data/data.cpp:2619:5:int close_all_files_in_directory(const char*)	472	dynamic,bounded
/home/ee/sensing_fw/src/data/data.cpp:2684:5:int delete_all_files_in_directory(const char*)	432	dynamic,bounded
/home/ee/sensing_fw/src/data/data.cpp:2786:7:err_t save_bhi360_calibration_data(const bhi360_calibration_data_t*)	120	dynamic,bounded
/home/ee/sensing_fw/src/data/data.cpp:2865:7:err_t load_bhi360_calibration_data(uint8_t)	1496	dynamic,bounded
/home/ee/sensing_fw/src/data/data.cpp:2959:7:err_t get_bhi360_calibration_data(uint8_t, uint8_t*, size_t, size_t*)	400	dynamic,bounded
/home/ee/sensing_fw/src/data/data.cpp:3046:7:err_t store_bhi360_calibration_data(uint8_t, const uint8_t*, size_t)	528	static
/opt/toolchains/zephyr-sdk-0.17.0/arm-zephyr-eabi/arm-zephyr-eabi/include/c++/12.2.0/bits/vector.tcc:439:7:) [with _Args = {const LogFileEntry&}; _Tp = LogFileEntry; _Alloc = std::allocator<LogFileEntry>]	40	static
/opt/toolchains/zephyr-sdk-0.17.0/arm-zephyr-eabi/arm-zephyr-eabi/include/c++/12.2.0/bits/move.h:196:5:constexpr std::_Require<std::__not_<std::__is_tuple_like<_Tp> >, std::is_move_constructible<_Tp>, std::is_move_assignable<_Tp> > std::swap(_Tp&, _Tp&) [with _Tp = LogFileEntry]	56	static
/opt/toolchains/zephyr-sdk-0.17.0/arm-zephyr-eabi/arm-zephyr-eabi/include/c++/12.2.0/bits/stl_algo.h:1908:5:constexpr void std::__introsort_loop(_RandomAccessIterator, _RandomAccessIterator, _Size, _Compare) [with _RandomAccessIterator = __gnu_cxx::__normal_iterator<LogFileEntry*, vector<LogFileEntry> >; _Size = int; _Compare = __gnu_cxx::__ops::_Iter_comp_iter<cap_and_reindex_log_files(const char*, const char*, uint8_t, uint8_t)::<lambda(const LogFileEntry&, const LogFileEntry&)> >]	112	static
/home/ee/sensing_fw/src/data/data.cpp:2442:7:err_t cap_and_reindex_log_files(const char*, const char*, uint8_t, uint8_t)	368	dynamic,bounded
/home/ee/sensing_fw/src/data/data.cpp:390:6:void proccess_data(void*, void*, void*)	1272	dynamic,bounded
/home/ee/sensing_fw/src/data/data.cpp:2735:13:bool app_event_handler(const app_event_header*)	64	static
