/home/ee/ncs/modules/crypto/mbedtls/3rdparty/p256-m/p256-m/p256-m.c:69:13:u256_set32	0	static
/home/ee/ncs/modules/crypto/mbedtls/3rdparty/p256-m/p256-m/p256-m.c:87:17:u256_add	8	static
/home/ee/ncs/modules/crypto/mbedtls/3rdparty/p256-m/p256-m/p256-m.c:111:17:u256_sub	12	static
/home/ee/ncs/modules/crypto/mbedtls/3rdparty/p256-m/p256-m/p256-m.c:134:13:u256_cmov	12	static
/home/ee/ncs/modules/crypto/mbedtls/3rdparty/p256-m/p256-m/p256-m.c:149:17:u256_diff	4	static
/home/ee/ncs/modules/crypto/mbedtls/3rdparty/p256-m/p256-m/p256-m.c:164:17:u256_diff0	0	static
/home/ee/ncs/modules/crypto/mbedtls/3rdparty/p256-m/p256-m/p256-m.c:217:17:u32_muladd64	0	static
/home/ee/ncs/modules/crypto/mbedtls/3rdparty/p256-m/p256-m/p256-m.c:350:17:u288_muladd	16	static
/home/ee/ncs/modules/crypto/mbedtls/3rdparty/p256-m/p256-m/p256-m.c:393:13:u288_rshift32	4	static
/home/ee/ncs/modules/crypto/mbedtls/3rdparty/p256-m/p256-m/p256-m.c:407:13:u256_from_bytes	4	static
/home/ee/ncs/modules/crypto/mbedtls/3rdparty/p256-m/p256-m/p256-m.c:425:13:u256_to_bytes	8	static
/home/ee/ncs/modules/crypto/mbedtls/3rdparty/p256-m/p256-m/p256-m.c:511:13:m256_add	48	static
/home/ee/ncs/modules/crypto/mbedtls/3rdparty/p256-m/p256-m/p256-m.c:533:13:m256_add_p	8	static
/home/ee/ncs/modules/crypto/mbedtls/3rdparty/p256-m/p256-m/p256-m.c:548:13:m256_sub	48	static
/home/ee/ncs/modules/crypto/mbedtls/3rdparty/p256-m/p256-m/p256-m.c:569:13:m256_sub_p	8	static
/home/ee/ncs/modules/crypto/mbedtls/3rdparty/p256-m/p256-m/p256-m.c:584:13:m256_mul	80	static
/home/ee/ncs/modules/crypto/mbedtls/3rdparty/p256-m/p256-m/p256-m.c:624:13:m256_mul_p	8	static
/home/ee/ncs/modules/crypto/mbedtls/3rdparty/p256-m/p256-m/p256-m.c:637:13:m256_prep	8	static
/home/ee/ncs/modules/crypto/mbedtls/3rdparty/p256-m/p256-m/p256-m.c:650:13:m256_done	48	static
/home/ee/ncs/modules/crypto/mbedtls/3rdparty/p256-m/p256-m/p256-m.c:665:13:m256_set32	16	static
/home/ee/ncs/modules/crypto/mbedtls/3rdparty/p256-m/p256-m/p256-m.c:684:13:m256_inv	56	static
/home/ee/ncs/modules/crypto/mbedtls/3rdparty/p256-m/p256-m/p256-m.c:729:12:m256_from_bytes	48	static
/home/ee/ncs/modules/crypto/mbedtls/3rdparty/p256-m/p256-m/p256-m.c:751:13:m256_to_bytes	48	static
/home/ee/ncs/modules/crypto/mbedtls/3rdparty/p256-m/p256-m/p256-m.c:823:17:point_check	80	static
/home/ee/ncs/modules/crypto/mbedtls/3rdparty/p256-m/p256-m/p256-m.c:850:13:point_to_affine	48	static
/home/ee/ncs/modules/crypto/mbedtls/3rdparty/p256-m/p256-m/p256-m.c:869:13:point_double	112	static
/home/ee/ncs/modules/crypto/mbedtls/3rdparty/p256-m/p256-m/p256-m.c:917:13:point_add	120	static
/home/ee/ncs/modules/crypto/mbedtls/3rdparty/p256-m/p256-m/p256-m.c:976:13:point_add_or_double_leaky	64	static
/home/ee/ncs/modules/crypto/mbedtls/3rdparty/p256-m/p256-m/p256-m.c:1013:12:point_from_bytes	16	static
/home/ee/ncs/modules/crypto/mbedtls/3rdparty/p256-m/p256-m/p256-m.c:1035:13:point_to_bytes	16	static
/home/ee/ncs/modules/crypto/mbedtls/3rdparty/p256-m/p256-m/p256-m.c:1057:13:scalar_mult	176	static
/home/ee/ncs/modules/crypto/mbedtls/3rdparty/p256-m/p256-m/p256-m.c:1140:12:scalar_from_bytes	48	static
/home/ee/ncs/modules/crypto/mbedtls/3rdparty/p256-m/p256-m/p256-m.c:1279:13:ecdsa_m256_mod_n	40	static
/home/ee/ncs/modules/crypto/mbedtls/3rdparty/p256-m/p256-m/p256-m.c:1297:13:ecdsa_m256_from_hash	40	static
/home/ee/ncs/modules/crypto/mbedtls/3rdparty/p256-m/p256-m/p256-m.c:1159:5:p256_generate_random	8	static
/home/ee/ncs/modules/crypto/mbedtls/3rdparty/p256-m/p256-m/p256-m.c:1179:12:scalar_gen_with_pub	40	static
/home/ee/ncs/modules/crypto/mbedtls/3rdparty/p256-m/p256-m/p256-m.c:1212:5:p256_gen_keypair	112	static
/home/ee/ncs/modules/crypto/mbedtls/3rdparty/p256-m/p256-m/p256-m.c:1233:5:p256_ecdh_shared_secret	184	static
/home/ee/ncs/modules/crypto/mbedtls/3rdparty/p256-m/p256-m/p256-m.c:1323:5:p256_ecdsa_sign	152	static
/home/ee/ncs/modules/crypto/mbedtls/3rdparty/p256-m/p256-m/p256-m.c:1397:5:p256_ecdsa_verify	256	static
/home/ee/ncs/modules/crypto/mbedtls/3rdparty/p256-m/p256-m/p256-m.c:1475:5:p256_validate_pubkey	72	static
/home/ee/ncs/modules/crypto/mbedtls/3rdparty/p256-m/p256-m/p256-m.c:1483:5:p256_validate_privkey	40	static
/home/ee/ncs/modules/crypto/mbedtls/3rdparty/p256-m/p256-m/p256-m.c:1492:5:p256_public_from_private	120	static
