/home/ee/ncs/zephyr/lib/net_buf/buf.c:57:12:pool_id	0	static
/home/ee/ncs/zephyr/lib/net_buf/buf.c:72:31:pool_get_uninit	16	static
/home/ee/ncs/zephyr/lib/net_buf/buf.c:96:17:generic_data_ref	0	static
/home/ee/ncs/zephyr/lib/net_buf/buf.c:159:13:fixed_data_unref	0	static
/home/ee/ncs/zephyr/lib/net_buf/buf.c:186:13:heap_data_unref	8	static
/home/ee/ncs/zephyr/lib/net_buf/buf.c:171:17:heap_data_alloc	8	static
/home/ee/ncs/zephyr/include/zephyr/net_buf.h:1309:22:net_buf_pool_get	0	static
/home/ee/ncs/zephyr/lib/net_buf/buf.c:127:13:mem_pool_data_unref	8	static
/home/ee/ncs/zephyr/lib/net_buf/buf.c:106:17:mem_pool_data_alloc	16	static
/home/ee/ncs/zephyr/lib/net_buf/buf.c:211:17:data_alloc	24	static
/home/ee/ncs/zephyr/include/zephyr/net_buf.h:1454:20:net_buf_destroy	16	static
/home/ee/ncs/zephyr/lib/net_buf/buf.c:218:17:data_ref	16	static
/home/ee/ncs/zephyr/include/zephyr/net_buf.h:1323:5:net_buf_id	8	static
/home/ee/ncs/zephyr/lib/net_buf/buf.c:148:17:fixed_data_alloc	16	static
/home/ee/ncs/zephyr/include/zephyr/net_buf.h:1475:6:net_buf_reset	8	static
/home/ee/ncs/zephyr/include/zephyr/net_buf.h:1384:31:net_buf_alloc_len	48	static
/home/ee/ncs/zephyr/include/zephyr/net_buf.h:1347:31:net_buf_alloc_fixed	8	static
/home/ee/ncs/zephyr/include/zephyr/net_buf.h:1417:31:net_buf_alloc_with_data	16	static
/home/ee/ncs/zephyr/include/zephyr/net_buf.h:1441:44:net_buf_get	8	static
/home/ee/ncs/zephyr/include/zephyr/net_buf.h:1493:6:net_buf_slist_put	16	static
/home/ee/ncs/zephyr/include/zephyr/net_buf.h:1502:31:net_buf_slist_get	16	static
/home/ee/ncs/zephyr/include/zephyr/net_buf.h:1512:19:net_buf_put	8	static
/home/ee/ncs/zephyr/include/zephyr/net_buf.h:1526:6:net_buf_unref	16	static
/home/ee/ncs/zephyr/include/zephyr/net_buf.h:1536:31:net_buf_ref	8	static
/home/ee/ncs/zephyr/include/zephyr/net_buf.h:1551:31:net_buf_clone	48	static
/home/ee/ncs/zephyr/include/zephyr/net_buf.h:1575:5:net_buf_user_data_copy	8	static
/home/ee/ncs/zephyr/include/zephyr/net_buf.h:2533:17:net_buf_frag_last	8	static
/home/ee/ncs/zephyr/include/zephyr/net_buf.h:2546:6:net_buf_frag_insert	16	static
/home/ee/ncs/zephyr/include/zephyr/net_buf.h:2562:17:net_buf_frag_add	16	static
/home/ee/ncs/zephyr/include/zephyr/net_buf.h:2580:17:net_buf_frag_del	8	static
/home/ee/ncs/zephyr/include/zephyr/net_buf.h:2598:8:net_buf_linearize	24	static
/home/ee/ncs/zephyr/include/zephyr/net_buf.h:2639:8:net_buf_append_bytes	40	static
/home/ee/ncs/zephyr/include/zephyr/net_buf.h:2657:8:net_buf_data_match	20	static
