/home/ee/ncs/zephyr/lib/os/printk.c:47:27:arch_printk_char_out	0	static
/home/ee/ncs/zephyr/lib/os/printk.c:95:12:char_out	8	static
/home/ee/ncs/zephyr/lib/os/printk.c:213:12:str_out	4	static
/home/ee/ncs/zephyr/include/zephyr/sys/printk-hooks.h:26:6:__printk_hook_install	0	static
/home/ee/ncs/zephyr/include/zephyr/sys/printk-hooks.h:36:18:__printk_get_hook	0	static
/home/ee/ncs/zephyr/include/zephyr/sys/printk.h:48:26:vprintk	16	static
/home/ee/sensing_fw/build/sensing_fw/zephyr/include/generated/zephyr/syscalls/kernel.h:1533:13:z_impl_k_str_out	16	static
/home/ee/ncs/zephyr/include/zephyr/sys/printk.h:47:26:printk	16	static
/home/ee/ncs/zephyr/include/zephyr/sys/printk.h:74:25:vsnprintk	32	static
/home/ee/ncs/zephyr/include/zephyr/sys/printk.h:72:25:snprintk	16	static
