/home/ee/sensing_fw/src/foot_sensor/foot_sensor.cpp:349:13:void calibrate_saadc_channels()	0	static
/home/ee/sensing_fw/src/foot_sensor/foot_sensor.cpp:524:6:void TIMER0_IRQHandler()	0	static
/home/ee/sensing_fw/src/foot_sensor/foot_sensor.cpp:376:13:void init_timer()	40	static
/home/ee/sensing_fw/src/foot_sensor/foot_sensor.cpp:437:14:err_t init_saadc()	112	static
/home/ee/ncs/nrf/include/caf/events/module_state_event.h:243:1:module_state_event* new_module_state_event()	8	static
/home/ee/ncs/nrf/include/caf/events/module_state_event.h:312:20:void module_set_state(module_state)	8	static
/home/ee/sensing_fw/src/foot_sensor/foot_sensor.cpp:187:13:void saadc_event_handler(const nrfx_saadc_evt_t*)	600	static
/home/ee/sensing_fw/include/ble_services.hpp:91:20:void send_error_to_bluetooth(sender_type_t, err_t, bool)	568	static
/home/ee/sensing_fw/src/foot_sensor/foot_sensor.cpp:134:6:void foot_sensor_initializing_entry()	8	static
/home/ee/sensing_fw/src/foot_sensor/foot_sensor.cpp:415:6:void init_dppi()	24	static
/home/ee/sensing_fw/src/foot_sensor/foot_sensor.cpp:142:13:void foot_sensor_init()	16	static
/home/ee/sensing_fw/src/foot_sensor/foot_sensor.cpp:536:13:bool app_event_handler(const app_event_header*)	584	static
/home/ee/sensing_fw/src/foot_sensor/foot_sensor.cpp:518:6:void SAADC_IRQHandler()	8	static
