/home/ee/sensing_fw/build_secondary/sensing_fw/modules/libmetal/libmetal/lib/include/metal/utilities.h:131:1:metal_bitmap_next_clear_bit	4	static
/home/ee/sensing_fw/build_secondary/sensing_fw/modules/libmetal/libmetal/lib/include/metal/io.h:161:1:metal_io_phys	8	static
/home/ee/sensing_fw/build_secondary/sensing_fw/modules/libmetal/libmetal/lib/include/metal/io.h:182:1:metal_io_phys_to_offset	16	static
/home/ee/sensing_fw/build_secondary/sensing_fw/modules/libmetal/libmetal/lib/include/metal/io.h:206:1:metal_io_phys_to_virt	8	static
/home/ee/ncs/modules/lib/open-amp/open-amp/lib/include/openamp/virtio_ring.h:175:19:vring_size	0	static
/home/ee/ncs/modules/lib/open-amp/open-amp/lib/remoteproc/remoteproc.c:86:1:remoteproc_datopa	0	static
/home/ee/ncs/modules/lib/open-amp/open-amp/lib/remoteproc/remoteproc.c:95:1:remoteproc_patoda	0	static
/home/ee/ncs/modules/lib/open-amp/open-amp/lib/remoteproc/remoteproc.c:927:12:remoteproc_virtio_notify	8	static
/home/ee/sensing_fw/build_secondary/sensing_fw/modules/libmetal/libmetal/lib/include/metal/system/zephyr/mutex.h:74:20:__metal_mutex_acquire	8	static
/home/ee/ncs/modules/lib/open-amp/open-amp/lib/remoteproc/remoteproc.c:36:1:remoteproc_get_mem	56	static
/home/ee/ncs/modules/lib/open-amp/open-amp/lib/remoteproc/remoteproc.c:24:1:remoteproc_check_fw_format	8	static
/home/ee/ncs/modules/lib/open-amp/open-amp/lib/remoteproc/remoteproc.c:103:14:remoteproc_get_rsc_table	56	static
/home/ee/ncs/modules/lib/open-amp/open-amp/lib/include/openamp/remoteproc.h:562:20:remoteproc_init	16	static
/home/ee/ncs/modules/lib/open-amp/open-amp/lib/include/openamp/remoteproc.h:573:5:remoteproc_remove	16	static
/home/ee/ncs/modules/lib/open-amp/open-amp/lib/include/openamp/remoteproc.h:686:5:remoteproc_config	16	static
/home/ee/ncs/modules/lib/open-amp/open-amp/lib/include/openamp/remoteproc.h:696:5:remoteproc_start	16	static
/home/ee/ncs/modules/lib/open-amp/open-amp/lib/include/openamp/remoteproc.h:706:5:remoteproc_stop	16	static
/home/ee/ncs/modules/lib/open-amp/open-amp/lib/include/openamp/remoteproc.h:716:5:remoteproc_shutdown	16	static
/home/ee/ncs/modules/lib/open-amp/open-amp/lib/include/openamp/remoteproc.h:585:6:remoteproc_init_mem	24	static
/home/ee/ncs/modules/lib/open-amp/open-amp/lib/include/openamp/remoteproc.h:595:6:remoteproc_add_mem	4	static
/home/ee/ncs/modules/lib/open-amp/open-amp/lib/include/openamp/remoteproc.h:606:1:remoteproc_get_io_with_name	80	static
/home/ee/ncs/modules/lib/open-amp/open-amp/lib/include/openamp/remoteproc.h:618:1:remoteproc_get_io_with_pa	80	static
/home/ee/ncs/modules/lib/open-amp/open-amp/lib/include/openamp/remoteproc.h:631:1:remoteproc_get_io_with_da	88	static
/home/ee/ncs/modules/lib/open-amp/open-amp/lib/include/openamp/remoteproc.h:644:1:remoteproc_get_io_with_va	80	static
/home/ee/ncs/modules/lib/open-amp/open-amp/lib/remoteproc/remoteproc.c:140:12:remoteproc_parse_rsc_table	16	static
/home/ee/ncs/modules/lib/open-amp/open-amp/lib/include/openamp/remoteproc.h:673:5:remoteproc_set_rsc_table	24	static
/home/ee/ncs/modules/lib/open-amp/open-amp/lib/include/openamp/remoteproc.h:659:7:remoteproc_mmap	112	static
/home/ee/ncs/modules/lib/open-amp/open-amp/lib/include/openamp/remoteproc.h:734:5:remoteproc_load	128	static
/home/ee/ncs/modules/lib/open-amp/open-amp/lib/include/openamp/remoteproc.h:788:5:remoteproc_load_noblock	96	static
/home/ee/ncs/modules/lib/open-amp/open-amp/lib/include/openamp/remoteproc.h:804:14:remoteproc_allocate_id	16	static
/home/ee/ncs/modules/lib/open-amp/open-amp/lib/include/openamp/remoteproc.h:830:6:remoteproc_remove_virtio	8	static
/home/ee/ncs/modules/lib/open-amp/open-amp/lib/include/openamp/remoteproc.h:820:1:remoteproc_create_virtio	64	static
/home/ee/ncs/modules/lib/open-amp/open-amp/lib/include/openamp/remoteproc.h:842:5:remoteproc_get_notification	16	static
