/home/ee/ncs/modules/crypto/mbedtls/library/psa_crypto_hash.c:21:14:mbedtls_psa_hash_abort	8	static
/home/ee/ncs/modules/crypto/mbedtls/library/psa_crypto_hash.c:91:14:mbedtls_psa_hash_setup	16	static
/home/ee/ncs/modules/crypto/mbedtls/library/psa_crypto_hash.c:182:14:mbedtls_psa_hash_clone	16	static
/home/ee/ncs/modules/crypto/mbedtls/library/psa_crypto_hash.c:261:14:mbedtls_psa_hash_update	8	static
/home/ee/ncs/modules/crypto/mbedtls/library/psa_crypto_hash.c:340:14:mbedtls_psa_hash_finish	24	static
/home/ee/ncs/modules/crypto/mbedtls/library/psa_crypto_hash.c:433:14:mbedtls_psa_hash_compute	144	static
