/home/ee/ncs/zephyr/subsys/shell/shell_cmds.c:203:12:cmd_comment	0	static
/home/ee/ncs/zephyr/subsys/shell/shell_cmds.c:390:12:cmd_shell_stats_reset	0	static
/home/ee/ncs/zephyr/subsys/shell/shell_ops.h:18:20:z_shell_raw_fprintf	12	static
/home/ee/ncs/zephyr/subsys/shell/shell_cmds.c:212:12:cmd_clear	8	static
/home/ee/ncs/zephyr/subsys/shell/shell_ops.h:246:20:z_cursor_save	8	static
/home/ee/ncs/zephyr/subsys/shell/shell_ops.h:252:20:z_cursor_restore	8	static
/home/ee/ncs/zephyr/subsys/shell/shell_cmds.c:401:12:cmd_resize_default	8	static
/home/ee/ncs/zephyr/subsys/shell/shell_cmds.c:379:12:cmd_shell_stats_show	8	static
/home/ee/ncs/zephyr/subsys/shell/shell_cmds.c:339:12:cmd_echo	16	static
/home/ee/ncs/zephyr/subsys/shell/shell_ops.h:97:20:z_flag_echo_set	0	static
/home/ee/ncs/zephyr/subsys/shell/shell_cmds.c:329:12:cmd_echo_on	8	static
/home/ee/ncs/zephyr/subsys/shell/shell_cmds.c:319:12:cmd_echo_off	8	static
/home/ee/ncs/zephyr/subsys/shell/shell_ops.h:84:20:z_flag_use_vt100_set	0	static
/home/ee/ncs/zephyr/subsys/shell/shell_cmds.c:289:12:cmd_vt100_on	8	static
/home/ee/ncs/zephyr/subsys/shell/shell_cmds.c:279:12:cmd_vt100_off	8	static
/home/ee/ncs/zephyr/subsys/shell/shell_ops.h:71:20:z_flag_use_colors_set	0	static
/home/ee/ncs/zephyr/subsys/shell/shell_cmds.c:269:12:cmd_colors_on	8	static
/home/ee/ncs/zephyr/subsys/shell/shell_cmds.c:259:12:cmd_colors_off	8	static
/home/ee/ncs/zephyr/subsys/shell/shell_ops.h:149:20:z_flag_mode_delete_set	0	static
/home/ee/ncs/zephyr/subsys/shell/shell_cmds.c:248:12:cmd_bacskpace_mode_delete	8	static
/home/ee/ncs/zephyr/subsys/shell/shell_cmds.c:237:12:cmd_bacskpace_mode_backspace	8	static
/home/ee/ncs/zephyr/subsys/shell/shell_cmds.c:309:12:cmd_prompt_on	8	static
/home/ee/ncs/zephyr/subsys/shell/shell_cmds.c:299:12:cmd_prompt_off	8	static
/home/ee/ncs/zephyr/subsys/shell/shell_cmds.c:222:12:cmd_backends	24	static
/home/ee/ncs/zephyr/subsys/shell/shell_cmds.c:353:12:cmd_history	24	static
/home/ee/ncs/zephyr/subsys/shell/shell_cmds.c:73:12:cursor_position_get	40	static
/home/ee/ncs/zephyr/subsys/shell/shell_cmds.c:178:12:terminal_size_get	24	static
/home/ee/ncs/zephyr/subsys/shell/shell_cmds.c:414:12:cmd_resize	16	static
/home/ee/ncs/zephyr/subsys/shell/shell_cmds.c:438:12:cmd_get_retval	8	static
