/home/ee/ncs/zephyr/subsys/pm/device.c:99:12:power_domain_add_or_remove	0	static
/home/ee/ncs/zephyr/include/zephyr/sys/atomic.h:127:20:atomic_test_bit	0	static
/home/ee/ncs/zephyr/include/zephyr/pm/device.h:408:13:pm_device_state_str	0	static
/home/ee/ncs/zephyr/include/zephyr/pm/device.h:427:5:pm_device_action_run	16	static
/home/ee/ncs/zephyr/include/zephyr/pm/device.h:608:5:pm_device_power_domain_remove	8	static
/home/ee/ncs/zephyr/include/zephyr/pm/device.h:593:5:pm_device_power_domain_add	8	static
/home/ee/ncs/zephyr/include/zephyr/pm/device.h:454:5:pm_device_state_get	0	static
/home/ee/ncs/zephyr/include/zephyr/pm/device.h:523:6:pm_device_is_any_busy	24	static
/home/ee/ncs/zephyr/include/zephyr/pm/device.h:533:6:pm_device_is_busy	8	static
/home/ee/ncs/zephyr/include/zephyr/pm/device.h:506:6:pm_device_busy_set	0	static
/home/ee/ncs/zephyr/include/zephyr/pm/device.h:515:6:pm_device_busy_clear	0	static
/home/ee/ncs/zephyr/include/zephyr/pm/device.h:548:6:pm_device_wakeup_enable	0	static
/home/ee/ncs/zephyr/include/zephyr/pm/device.h:558:6:pm_device_wakeup_is_enabled	8	static
/home/ee/ncs/zephyr/include/zephyr/pm/device.h:568:6:pm_device_wakeup_is_capable	8	static
/home/ee/ncs/zephyr/include/zephyr/pm/device.h:578:6:pm_device_on_power_domain	0	static
/home/ee/ncs/zephyr/include/zephyr/pm/device.h:620:6:pm_device_is_powered	0	static
/home/ee/ncs/zephyr/include/zephyr/pm/device.h:636:5:pm_device_driver_init	16	static
