/home/ee/ncs/zephyr/include/zephyr/sys/cbprintf_internal.h:55:20:void z_cbprintf_wcpy(int*, int*, size_t)	0	static
/home/ee/sensing_fw/src/bluetooth/ble_seq_manager.cpp:138:6:void BleSequenceManager::clearBuffers()	16	static
/home/ee/sensing_fw/src/bluetooth/ble_seq_manager.cpp:8:1:BleSequenceManager::BleSequenceManager()	0	static
/home/ee/sensing_fw/src/bluetooth/ble_seq_manager.cpp:14:21:static BleSequenceManager& BleSequenceManager::getInstance()	8	static
/home/ee/sensing_fw/src/bluetooth/ble_seq_manager.cpp:20:9:uint8_t BleSequenceManager::nextSeq(uint8_t)	0	static
/home/ee/sensing_fw/src/bluetooth/ble_seq_manager.cpp:25:6:void BleSequenceManager::addFootSample(const foot_samples_t*, foot_samples_ble_t*)	12	static
/home/ee/sensing_fw/src/bluetooth/ble_seq_manager.cpp:47:6:void BleSequenceManager::addBhi3603D(const bhi360_3d_mapping_t*, bhi360_3d_mapping_ble_t*)	12	static
/home/ee/sensing_fw/src/bluetooth/ble_seq_manager.cpp:77:6:void BleSequenceManager::addBhi360Accel(const bhi360_linear_accel_t*, bhi360_linear_accel_ble_t*)	8	static
/home/ee/sensing_fw/src/bluetooth/ble_seq_manager.cpp:101:6:void BleSequenceManager::onDisconnect()	24	static
/home/ee/sensing_fw/src/bluetooth/ble_seq_manager.cpp:126:9:uint8_t BleSequenceManager::getFootBuffer(foot_samples_ble_t*, uint8_t)	24	static
/home/ee/sensing_fw/src/bluetooth/ble_seq_manager.cpp:130:9:uint8_t BleSequenceManager::getBhi3603DBuffer(bhi360_3d_mapping_ble_t*, uint8_t)	24	static
/home/ee/sensing_fw/src/bluetooth/ble_seq_manager.cpp:134:9:uint8_t BleSequenceManager::getBhi360AccelBuffer(bhi360_linear_accel_ble_t*, uint8_t)	20	static
/home/ee/sensing_fw/src/bluetooth/ble_seq_manager.cpp:138:6:void BleSequenceManager::clearBuffers()	0	static
/home/ee/sensing_fw/src/bluetooth/ble_seq_manager.cpp:107:6:void BleSequenceManager::onReconnect()	32	static
