/home/ee/sensing_fw/src/bluetooth/ble_d2d_rx.cpp:239:16:ssize_t d2d_fota_status_write(bt_conn*, const bt_gatt_attr*, const void*, uint16_t, uint16_t, uint8_t)	0	static
/home/ee/sensing_fw/src/bluetooth/ble_d2d_rx.cpp:57:16:ssize_t d2d_set_time_write(bt_conn*, const bt_gatt_attr*, const void*, uint16_t, uint16_t, uint8_t)	8	static
/home/ee/ncs/zephyr/include/zephyr/sys/cbprintf_cxx.h:317:20:void z_cbprintf_cxx_store_arg(uint8_t*, T) [with T = int]	0	static
/home/ee/ncs/zephyr/include/zephyr/sys/cbprintf_cxx.h:317:20:void z_cbprintf_cxx_store_arg(uint8_t*, T) [with T = const char*]	0	static
/home/ee/sensing_fw/src/bluetooth/ble_d2d_rx.cpp:299:16:ssize_t d2d_request_device_info_write(bt_conn*, const bt_gatt_attr*, const void*, uint16_t, uint16_t, uint8_t)	16	static
/home/ee/sensing_fw/src/bluetooth/ble_d2d_rx.cpp:269:16:ssize_t d2d_delete_activity_log_write(bt_conn*, const bt_gatt_attr*, const void*, uint16_t, uint16_t, uint8_t)	584	static
/home/ee/sensing_fw/src/bluetooth/ble_d2d_rx.cpp:112:16:ssize_t d2d_delete_bhi360_log_write(bt_conn*, const bt_gatt_attr*, const void*, uint16_t, uint16_t, uint8_t)	584	static
/home/ee/sensing_fw/src/bluetooth/ble_d2d_rx.cpp:82:16:ssize_t d2d_delete_foot_log_write(bt_conn*, const bt_gatt_attr*, const void*, uint16_t, uint16_t, uint8_t)	584	static
/home/ee/sensing_fw/src/bluetooth/ble_d2d_rx.cpp:205:16:ssize_t d2d_trigger_bhi360_calibration_write(bt_conn*, const bt_gatt_attr*, const void*, uint16_t, uint16_t, uint8_t)	584	static
/home/ee/sensing_fw/src/bluetooth/ble_d2d_rx.cpp:175:16:ssize_t d2d_stop_activity_write(bt_conn*, const bt_gatt_attr*, const void*, uint16_t, uint16_t, uint8_t)	24	static
/home/ee/sensing_fw/src/bluetooth/ble_d2d_rx.cpp:142:16:ssize_t d2d_start_activity_write(bt_conn*, const bt_gatt_attr*, const void*, uint16_t, uint16_t, uint8_t)	24	static
/home/ee/sensing_fw/src/bluetooth/ble_d2d_rx.cpp:342:6:void ble_d2d_rx_init()	0	static
