/home/ee/ncs/zephyr/include/zephyr/sys/cbprintf_cxx.h:317:20:void z_cbprintf_cxx_store_arg(uint8_t*, T) [with T = int]	0	static
/home/ee/sensing_fw/build_primary/sensing_fw/zephyr/include/generated/zephyr/syscalls/kernel.h:975:19:int k_mutex_lock(k_mutex*, k_timeout_t)	0	static
/home/ee/sensing_fw/build_primary/sensing_fw/zephyr/include/generated/zephyr/syscalls/kernel.h:992:19:int k_mutex_unlock(k_mutex*)	0	static
/home/ee/ncs/zephyr/include/zephyr/sys/cbprintf_cxx.h:317:20:void z_cbprintf_cxx_store_arg(uint8_t*, T) [with T = const char*]	0	static
/home/ee/sensing_fw/src/bluetooth/ble_conn_params.cpp:143:6:0(conn_profile_t)	24	static
/home/ee/sensing_fw/src/bluetooth/ble_conn_params.cpp:75:5:int ble_conn_params_init()	0	static
/home/ee/sensing_fw/src/bluetooth/ble_conn_params.cpp:132:16:conn_profile_t ble_conn_params_get_profile()	8	static
/home/ee/sensing_fw/src/bluetooth/ble_conn_params.cpp:143:6:void ble_conn_params_update_data_rates(conn_profile_t)	0	static
/home/ee/sensing_fw/src/bluetooth/ble_conn_params.cpp:82:5:int ble_conn_params_update(bt_conn*, conn_profile_t)	32	static
/home/ee/sensing_fw/src/bluetooth/ble_conn_params.cpp:171:6:bool ble_conn_params_is_aggregation_enabled()	8	static
/home/ee/sensing_fw/src/bluetooth/ble_conn_params.cpp:182:9:uint8_t ble_conn_params_get_aggregation_count()	8	static
/home/ee/sensing_fw/src/bluetooth/ble_conn_params.cpp:193:6:void ble_conn_params_on_updated(bt_conn*, uint16_t, uint16_t, uint16_t)	80	dynamic,bounded
