/home/ee/ncs/zephyr/include/zephyr/sys/cbprintf_cxx.h:317:20:void z_cbprintf_cxx_store_arg(uint8_t*, T) [with T = int]	0	static
/home/ee/ncs/zephyr/include/zephyr/sys/cbprintf_cxx.h:317:20:void z_cbprintf_cxx_store_arg(uint8_t*, T) [with T = const char*]	0	static
/home/ee/sensing_fw/src/bluetooth/ble_d2d_tx_queue.cpp:14:6:void ble_d2d_tx_queue_init()	8	static
/home/ee/sensing_fw/src/bluetooth/ble_d2d_tx_queue.cpp:21:5:int ble_d2d_tx_queue_command(d2d_tx_cmd_type, const void*)	32	static
/home/ee/sensing_fw/src/bluetooth/ble_d2d_tx_queue.cpp:55:6:void ble_d2d_tx_process_queued_commands()	40	static
/home/ee/sensing_fw/src/bluetooth/ble_d2d_tx_queue.cpp:124:6:bool ble_d2d_tx_is_ready()	0	static
