/home/ee/sensing_fw/src/bluetooth/ble_recovery_handler.cpp:47:6:static void BleRecoveryHandler::recoveryTimerHandler(k_timer*)	0	static
/home/ee/ncs/zephyr/include/zephyr/sys/cbprintf_cxx.h:317:20:void z_cbprintf_cxx_store_arg(uint8_t*, T) [with T = int]	0	static
/home/ee/ncs/zephyr/include/zephyr/sys/cbprintf_cxx.h:317:20:void z_cbprintf_cxx_store_arg(uint8_t*, T) [with T = const char*]	0	static
/home/ee/sensing_fw/src/bluetooth/ble_recovery_handler.cpp:34:6:void BleRecoveryHandler::init()	16	static
/home/ee/sensing_fw/src/bluetooth/ble_recovery_handler.cpp:21:1:BleRecoveryHandler::BleRecoveryHandler()	0	static
/home/ee/sensing_fw/src/bluetooth/ble_recovery_handler.cpp:29:21:static BleRecoveryHandler& BleRecoveryHandler::getInstance()	8	static
/home/ee/sensing_fw/src/bluetooth/ble_recovery_handler.cpp:34:6:void BleRecoveryHandler::init()	8	static
/home/ee/sensing_fw/src/bluetooth/ble_recovery_handler.cpp:65:6:void BleRecoveryHandler::freeBuffers()	8	static
/home/ee/sensing_fw/src/bluetooth/ble_recovery_handler.cpp:53:6:0()	24	static
/home/ee/sensing_fw/src/bluetooth/ble_recovery_handler.cpp:53:6:void BleRecoveryHandler::allocateBuffers()	8	static
/home/ee/sensing_fw/src/bluetooth/ble_recovery_handler.cpp:80:6:void BleRecoveryHandler::startRecovery()	32	static
/home/ee/sensing_fw/src/bluetooth/ble_recovery_handler.cpp:108:6:void BleRecoveryHandler::stopRecovery()	24	static
/home/ee/sensing_fw/src/bluetooth/ble_recovery_handler.cpp:125:6:void BleRecoveryHandler::sendRecoveryMarker()	56	static
/home/ee/sensing_fw/src/bluetooth/ble_recovery_handler.cpp:147:6:bool BleRecoveryHandler::sendNextFootPacket()	8	static
/home/ee/sensing_fw/src/bluetooth/ble_recovery_handler.cpp:163:6:bool BleRecoveryHandler::sendNextBhi3603DPacket()	8	static
/home/ee/sensing_fw/src/bluetooth/ble_recovery_handler.cpp:179:6:bool BleRecoveryHandler::sendNextBhi360AccelPacket()	8	static
/home/ee/sensing_fw/src/bluetooth/ble_recovery_handler.cpp:195:6:void BleRecoveryHandler::handleRecoveryWork()	32	static
/home/ee/sensing_fw/src/bluetooth/ble_recovery_handler.cpp:40:6:static void BleRecoveryHandler::recoveryWorkHandler(k_work*)	0	static
/home/ee/sensing_fw/src/bluetooth/ble_recovery_handler.cpp:250:6:void ble_recovery_handler_init()	8	static
