/home/ee/sensing_fw/src/bluetooth/bluetooth.cpp:909:13:void count_bonds(const bt_bond_info*, void*)	0	static
/home/ee/sensing_fw/src/bluetooth/bluetooth.cpp:731:13:void check_bond(const bt_bond_info*, void*)	8	static
/home/ee/sensing_fw/src/bluetooth/bluetooth.cpp:105:13:void find_active_conn_cb(bt_conn*, void*)	48	static
/home/ee/ncs/zephyr/include/zephyr/sys/cbprintf_cxx.h:317:20:void z_cbprintf_cxx_store_arg(uint8_t*, T) [with T = int]	0	static
/home/ee/ncs/zephyr/include/zephyr/bluetooth/addr.h:242:19:int bt_addr_le_to_str(const bt_addr_le_t*, char*, size_t)	56	static
/home/ee/sensing_fw/src/bluetooth/bluetooth.cpp:221:13:void d2d_connected(bt_conn*, uint8_t)	40	static
/home/ee/ncs/zephyr/include/zephyr/sys/cbprintf_cxx.h:317:20:void z_cbprintf_cxx_store_arg(uint8_t*, T) [with T = const char*]	0	static
/home/ee/sensing_fw/src/bluetooth/bluetooth.cpp:802:32:static constexpr void connected(bt_conn*, uint8_t)::<lambda(bt_conn*, uint8_t, bt_gatt_exchange_params*)>::_FUN(bt_conn*, uint8_t, bt_gatt_exchange_params*)	24	static
/home/ee/sensing_fw/src/bluetooth/bluetooth.cpp:1924:7:err_t bt_stop_advertising()	16	static
/home/ee/sensing_fw/src/bluetooth/bluetooth.cpp:1924:7:err_t bt_stop_advertising()	8	static
/home/ee/sensing_fw/src/bluetooth/bluetooth.cpp:1812:7:err_t ble_start_hidden()	32	static
/home/ee/sensing_fw/src/bluetooth/bluetooth.cpp:985:13:void security_changed(bt_conn*, bt_security_t, bt_security_err)	112	dynamic,bounded
/home/ee/sensing_fw/src/bluetooth/bluetooth.cpp:776:13:void connected(bt_conn*, uint8_t)	104	dynamic,bounded
/home/ee/sensing_fw/src/bluetooth/bluetooth.cpp:1833:13:void ble_timer_expiry_function(k_timer*)	24	static
/home/ee/sensing_fw/src/bluetooth/bluetooth.cpp:680:13:void pairing_failed(bt_conn*, bt_security_err)	24	static
/home/ee/sensing_fw/src/bluetooth/bluetooth.cpp:659:13:void pairing_complete(bt_conn*, bool)	0	static
/home/ee/sensing_fw/src/bluetooth/bluetooth.cpp:165:6:void bluetooth_d2d_confirmed(bt_conn*)	0	static
/home/ee/sensing_fw/src/bluetooth/bluetooth.cpp:186:6:void bluetooth_d2d_not_found(bt_conn*)	24	static
/home/ee/sensing_fw/src/bluetooth/bluetooth.cpp:1067:5:int set_bluetooth_name()	72	dynamic,bounded
/home/ee/sensing_fw/src/bluetooth/bluetooth.cpp:1746:7:err_t bt_start_advertising(int)	88	dynamic,bounded
/home/ee/sensing_fw/src/bluetooth/bluetooth.cpp:1855:13:void ble_timer_handler_function(k_work*)	24	static
/home/ee/sensing_fw/src/bluetooth/bluetooth.cpp:936:13:void disconnected(bt_conn*, uint8_t)	16	static
/home/ee/sensing_fw/src/bluetooth/bluetooth.cpp:1104:7:err_t bt_module_init()	96	static
/home/ee/sensing_fw/src/bluetooth/bluetooth.cpp:1935:13:bool app_event_handler(const app_event_header*)	16	static
/home/ee/sensing_fw/src/bluetooth/bluetooth.cpp:294:13:void d2d_disconnected(bt_conn*, uint8_t)	8	static
/home/ee/sensing_fw/src/bluetooth/bluetooth.cpp:1257:6:void bluetooth_process(void*, void*, void*)	1776	dynamic,bounded
