/home/ee/sensing_fw/src/bluetooth/control_service.cpp:408:17:uint32_t swap_to_little_endian(uint32_t)	0	static
/home/ee/sensing_fw/src/bluetooth/control_service.cpp:605:13:void cs_delete_secondary_activity_log_ccc_cfg_changed(const bt_gatt_attr*, uint16_t)	16	static
/home/ee/sensing_fw/src/bluetooth/control_service.cpp:570:13:void cs_delete_secondary_bhi360_log_ccc_cfg_changed(const bt_gatt_attr*, uint16_t)	16	static
/home/ee/sensing_fw/src/bluetooth/control_service.cpp:535:13:void cs_delete_secondary_foot_log_ccc_cfg_changed(const bt_gatt_attr*, uint16_t)	16	static
/home/ee/sensing_fw/src/bluetooth/control_service.cpp:656:13:void cs_delete_activity_log_ccc_cfg_changed(const bt_gatt_attr*, uint16_t)	16	static
/home/ee/sensing_fw/src/bluetooth/control_service.cpp:708:13:void cs_trigger_bhi360_calibration_ccc_cfg_changed(const bt_gatt_attr*, uint16_t)	16	static
/home/ee/sensing_fw/src/bluetooth/control_service.cpp:764:13:void cs_stop_activity_ccc_cfg_changed(const bt_gatt_attr*, uint16_t)	16	static
/home/ee/sensing_fw/src/bluetooth/control_service.cpp:718:13:void cs_start_activity_ccc_cfg_changed(const bt_gatt_attr*, uint16_t)	16	static
/home/ee/sensing_fw/src/bluetooth/control_service.cpp:390:13:void cs_delete_bhi360_log_ccc_cfg_changed(const bt_gatt_attr*, uint16_t)	16	static
/home/ee/sensing_fw/src/bluetooth/control_service.cpp:329:13:void cs_delete_foot_log_ccc_cfg_changed(const bt_gatt_attr*, uint16_t)	16	static
/home/ee/sensing_fw/src/bluetooth/control_service.cpp:476:16:ssize_t write_conn_param_control_vnd(bt_conn*, const bt_gatt_attr*, const void*, uint16_t, uint16_t, uint8_t)	32	static
/home/ee/sensing_fw/src/bluetooth/control_service.cpp:463:16:ssize_t read_conn_param_control_vnd(bt_conn*, const bt_gatt_attr*, void*, uint16_t, uint16_t)	48	static
/home/ee/sensing_fw/src/bluetooth/control_service.cpp:279:9:ssize_t read_delete_foot_log_command_vnd(bt_conn*, const bt_gatt_attr*, void*, uint16_t, uint16_t)	32	static
/home/ee/sensing_fw/src/bluetooth/control_service.cpp:343:9:ssize_t read_delete_bhi360_log_command_vnd(bt_conn*, const bt_gatt_attr*, void*, uint16_t, uint16_t)	32	static
/home/ee/sensing_fw/src/bluetooth/control_service.cpp:583:16:ssize_t write_delete_secondary_activity_log_command_vnd(bt_conn*, const bt_gatt_attr*, const void*, uint16_t, uint16_t, uint8_t)	24	static
/home/ee/sensing_fw/src/bluetooth/control_service.cpp:548:16:ssize_t write_delete_secondary_bhi360_log_command_vnd(bt_conn*, const bt_gatt_attr*, const void*, uint16_t, uint16_t, uint8_t)	24	static
/home/ee/sensing_fw/src/bluetooth/control_service.cpp:513:16:ssize_t write_delete_secondary_foot_log_command_vnd(bt_conn*, const bt_gatt_attr*, const void*, uint16_t, uint16_t, uint8_t)	24	static
/home/ee/sensing_fw/src/bluetooth/control_service.cpp:619:16:ssize_t write_delete_activity_log_command_vnd(bt_conn*, const bt_gatt_attr*, const void*, uint16_t, uint16_t, uint8_t)	584	static
/home/ee/sensing_fw/src/bluetooth/control_service.cpp:293:9:ssize_t write_delete_foot_log_command_vnd(bt_conn*, const bt_gatt_attr*, const void*, uint16_t, uint16_t, uint8_t)	584	static
/home/ee/sensing_fw/src/bluetooth/control_service.cpp:354:9:ssize_t write_delete_bhi360_log_command_vnd(bt_conn*, const bt_gatt_attr*, const void*, uint16_t, uint16_t, uint8_t)	584	static
/home/ee/sensing_fw/src/bluetooth/control_service.cpp:669:16:ssize_t write_trigger_bhi360_calibration_vnd(bt_conn*, const bt_gatt_attr*, const void*, uint16_t, uint16_t, uint8_t)	600	static
/home/ee/sensing_fw/include/events/foot_sensor_event.h:37:1:foot_sensor_stop_activity_event* new_foot_sensor_stop_activity_event()	8	static
/home/ee/sensing_fw/include/events/motion_sensor_event.h:37:1:motion_sensor_stop_activity_event* new_motion_sensor_stop_activity_event()	8	static
/home/ee/sensing_fw/src/bluetooth/control_service.cpp:729:16:ssize_t write_stop_activity_command_vnd(bt_conn*, const bt_gatt_attr*, const void*, uint16_t, uint16_t, uint8_t)	24	static
/home/ee/sensing_fw/include/events/foot_sensor_event.h:31:1:foot_sensor_start_activity_event* new_foot_sensor_start_activity_event()	8	static
/home/ee/sensing_fw/include/events/motion_sensor_event.h:31:1:motion_sensor_start_activity_event* new_motion_sensor_start_activity_event()	8	static
/home/ee/sensing_fw/src/bluetooth/control_service.cpp:422:16:ssize_t write_start_activity_command_vnd(bt_conn*, const bt_gatt_attr*, const void*, uint16_t, uint16_t, uint8_t)	24	static
/home/ee/sensing_fw/src/bluetooth/control_service.cpp:774:16:ssize_t write_set_time_control_vnd(bt_conn*, const bt_gatt_attr*, const void*, uint16_t, uint16_t, uint8_t)	24	static
