/opt/toolchains/zephyr-sdk-0.17.0/arm-zephyr-eabi/arm-zephyr-eabi/include/c++/12.2.0/bits/std_function.h:241:5:std::_Function_base::~_Function_base()	8	static
/home/ee/sensing_fw/src/bluetooth/retry_manager.cpp:121:6:void RetryManager::abort()	64	dynamic,bounded
/home/ee/sensing_fw/src/bluetooth/retry_manager.cpp:129:6:void RetryManager::getStats(retry_stats*) const	16	static
/home/ee/sensing_fw/src/bluetooth/retry_manager.cpp:137:6:void RetryManager::resetStats()	16	static
/home/ee/sensing_fw/src/bluetooth/retry_manager.cpp:162:6:void RetryManager::addJitter(uint32_t&)	24	static
/home/ee/sensing_fw/src/bluetooth/retry_manager.cpp:143:10:uint32_t RetryManager::calculateDelay(uint32_t)	16	static
/opt/toolchains/zephyr-sdk-0.17.0/arm-zephyr-eabi/arm-zephyr-eabi/include/c++/12.2.0/bits/std_function.h:386:7:)>&) [with _Res = int; _ArgTypes = {}]	16	static
/opt/toolchains/zephyr-sdk-0.17.0/arm-zephyr-eabi/arm-zephyr-eabi/include/c++/12.2.0/bits/std_function.h:587:7:) const [with _Res = void; _ArgTypes = {unsigned int, unsigned int}]	16	static
/opt/toolchains/zephyr-sdk-0.17.0/arm-zephyr-eabi/arm-zephyr-eabi/include/c++/12.2.0/bits/std_function.h:587:7:) const [with _Res = int; _ArgTypes = {}]	8	static
/home/ee/sensing_fw/src/bluetooth/retry_manager.cpp:34:14:retry_result RetryManager::executeWithProgress(OperationFunc, ProgressCallback)	296	dynamic,bounded
/home/ee/sensing_fw/src/bluetooth/retry_manager.cpp:30:14:retry_result RetryManager::execute(OperationFunc)	40	static
/opt/toolchains/zephyr-sdk-0.17.0/arm-zephyr-eabi/arm-zephyr-eabi/include/c++/12.2.0/bits/basic_string.h:418:7:static constexpr void std::__cxx11::basic_string<_CharT, _Traits, _Alloc>::_S_copy(_CharT*, const _CharT*, size_type) [with _CharT = char; _Traits = std::char_traits<char>; _Alloc = std::allocator<char>]	8	static
/opt/toolchains/zephyr-sdk-0.17.0/arm-zephyr-eabi/arm-zephyr-eabi/include/c++/12.2.0/bits/new_allocator.h:112:7:_Tp* std::__new_allocator<_Tp>::allocate(size_type, const void*) [with _Tp = char]	8	static
/opt/toolchains/zephyr-sdk-0.17.0/arm-zephyr-eabi/arm-zephyr-eabi/include/c++/12.2.0/bits/basic_string.tcc:134:5:constexpr std::__cxx11::basic_string<_CharT, _Traits, _Alloc>::pointer std::__cxx11::basic_string<_CharT, _Traits, _Alloc>::_M_create(size_type&, size_type) [with _CharT = char; _Traits = std::char_traits<char>; _Alloc = std::allocator<char>]	8	static
/opt/toolchains/zephyr-sdk-0.17.0/arm-zephyr-eabi/arm-zephyr-eabi/include/c++/12.2.0/bits/basic_string.tcc:217:7:constexpr void std::__cxx11::basic_string<_CharT, _Traits, _Alloc>::_M_construct(_InIterator, _InIterator, std::forward_iterator_tag) [with _FwdIterator = char*; _CharT = char; _Traits = std::char_traits<char>; _Alloc = std::allocator<char>]	24	static
/opt/toolchains/zephyr-sdk-0.17.0/arm-zephyr-eabi/arm-zephyr-eabi/include/c++/12.2.0/bits/basic_string.h:540:7:constexpr std::__cxx11::basic_string<_CharT, _Traits, _Alloc>::basic_string(const std::__cxx11::basic_string<_CharT, _Traits, _Alloc>&) [with _CharT = char; _Traits = std::char_traits<char>; _Alloc = std::allocator<char>]	8	static
/home/ee/sensing_fw/src/bluetooth/retry_manager.cpp:13:1:RetryManager::RetryManager(const std::string&, const retry_config&)	104	dynamic,bounded
