/home/ee/ncs/zephyr/include/zephyr/sys/cbprintf_internal.h:55:20:void z_cbprintf_wcpy(int*, int*, size_t)	0	static
/home/ee/ncs/zephyr/include/zephyr/sys/cbprintf_cxx.h:317:20:void z_cbprintf_cxx_store_arg(uint8_t*, T) [with T = const char*]	16	static
/home/ee/sensing_fw/build_primary/sensing_fw/zephyr/include/generated/zephyr/syscalls/kernel.h:975:19:int k_mutex_lock(k_mutex*, k_timeout_t)	0	static
/home/ee/sensing_fw/build_primary/sensing_fw/zephyr/include/generated/zephyr/syscalls/kernel.h:992:19:int k_mutex_unlock(k_mutex*)	0	static
/opt/toolchains/zephyr-sdk-0.17.0/arm-zephyr-eabi/arm-zephyr-eabi/include/c++/12.2.0/bits/std_function.h:241:5:std::_Function_base::~_Function_base()	8	static
/home/ee/sensing_fw/src/bluetooth/retry_manager.cpp:13:1:RetryManager::RetryManager(const std::string&, const retry_config&)	120	dynamic,bounded
/home/ee/sensing_fw/src/bluetooth/retry_manager.cpp:121:6:void RetryManager::abort()	64	dynamic,bounded
/home/ee/sensing_fw/src/bluetooth/retry_manager.cpp:129:6:void RetryManager::getStats(retry_stats*) const	16	static
/home/ee/sensing_fw/src/bluetooth/retry_manager.cpp:137:6:void RetryManager::resetStats()	16	static
/home/ee/sensing_fw/src/bluetooth/retry_manager.cpp:162:6:void RetryManager::addJitter(uint32_t&)	24	static
/home/ee/sensing_fw/src/bluetooth/retry_manager.cpp:143:10:uint32_t RetryManager::calculateDelay(uint32_t)	16	static
/home/ee/sensing_fw/src/bluetooth/retry_manager.cpp:34:14:retry_result RetryManager::executeWithProgress(OperationFunc, ProgressCallback)	296	dynamic,bounded
/home/ee/sensing_fw/src/bluetooth/retry_manager.cpp:30:14:retry_result RetryManager::execute(OperationFunc)	48	static
