/home/ee/ncs/zephyr/drivers/gpio/gpio_nrfx.c:244:12:gpio_nrfx_port_get_raw	0	static
/home/ee/ncs/zephyr/drivers/gpio/gpio_nrfx.c:254:12:gpio_nrfx_port_set_masked_raw	0	static
/home/ee/ncs/zephyr/drivers/gpio/gpio_nrfx.c:275:12:gpio_nrfx_port_set_bits_raw	0	static
/home/ee/ncs/zephyr/drivers/gpio/gpio_nrfx.c:291:12:gpio_nrfx_port_clear_bits_raw	0	static
/home/ee/ncs/zephyr/drivers/gpio/gpio_nrfx.c:307:12:gpio_nrfx_port_toggle_bits	0	static
/home/ee/ncs/zephyr/drivers/gpio/gpio_nrfx.c:395:12:gpio_nrfx_manage_callback	8	static
/home/ee/ncs/zephyr/drivers/gpio/gpio_nrfx.c:483:12:gpio_nrfx_init	16	static
/home/ee/ncs/modules/hal/nordic/nrfx/hal/nrf_gpio.h:942:35:nrf_gpio_pin_port_decode	8	static
/home/ee/ncs/zephyr/drivers/gpio/gpio_nrfx.c:341:12:gpio_nrfx_pin_interrupt_configure	48	static
/home/ee/ncs/zephyr/drivers/gpio/gpio_nrfx.c:114:12:gpio_nrfx_pin_configure	56	static
/home/ee/ncs/zephyr/drivers/gpio/gpio_nrfx.c:459:13:nrfx_gpio_handler	16	static
