/home/ee/ncs/modules/hal/nordic/nrfx/haly/nrfy_timer.h:414:25:__nrfy_internal_timer_event_handle	4	static
/home/ee/ncs/modules/hal/nordic/nrfx/haly/nrfy_timer.h:431:29:__nrfy_internal_timer_events_process	24	static
/home/ee/ncs/modules/hal/nordic/nrfx/drivers/src/nrfx_timer.c:360:13:irq_handler	24	static
/home/ee/ncs/modules/hal/nordic/nrfx/hal/nrf_timer.h:933:24:nrf_timer_prescaler_set	8	static
/home/ee/ncs/modules/hal/nordic/nrfx/haly/nrfy_timer.h:84:25:nrfy_timer_periph_configure	8	static
/home/ee/ncs/modules/hal/nordic/nrfx/drivers/src/nrfx_timer.c:81:17:prescaler_calculate	0	static
/home/ee/ncs/modules/hal/nordic/nrfx/haly/nrfy_timer.h:101:25:nrfy_timer_int_init	16	static
/home/ee/ncs/modules/hal/nordic/nrfx/drivers/src/nrfx_timer.c:93:19:timer_configure	24	static
/home/ee/ncs/modules/hal/nordic/nrfx/drivers/include/nrfx_timer.h:148:12:nrfx_timer_init	8	static
/home/ee/ncs/modules/hal/nordic/nrfx/drivers/include/nrfx_timer.h:163:12:nrfx_timer_reconfigure	8	static
/home/ee/ncs/modules/hal/nordic/nrfx/drivers/include/nrfx_timer.h:181:6:nrfx_timer_init_check	0	static
/home/ee/ncs/modules/hal/nordic/nrfx/drivers/include/nrfx_timer.h:188:6:nrfx_timer_enable	8	static
/home/ee/ncs/modules/hal/nordic/nrfx/drivers/include/nrfx_timer.h:198:6:nrfx_timer_disable	8	static
/home/ee/ncs/modules/hal/nordic/nrfx/drivers/include/nrfx_timer.h:171:6:nrfx_timer_uninit	16	static
/home/ee/ncs/modules/hal/nordic/nrfx/drivers/include/nrfx_timer.h:208:6:nrfx_timer_is_enabled	8	static
/home/ee/ncs/modules/hal/nordic/nrfx/drivers/include/nrfx_timer.h:222:6:nrfx_timer_resume	8	static
/home/ee/ncs/modules/hal/nordic/nrfx/drivers/include/nrfx_timer.h:215:6:nrfx_timer_pause	8	static
/home/ee/ncs/modules/hal/nordic/nrfx/drivers/include/nrfx_timer.h:229:6:nrfx_timer_clear	8	static
/home/ee/ncs/modules/hal/nordic/nrfx/drivers/include/nrfx_timer.h:236:6:nrfx_timer_increment	8	static
/home/ee/ncs/modules/hal/nordic/nrfx/drivers/include/nrfx_timer.h:290:10:nrfx_timer_capture	8	static
/home/ee/ncs/modules/hal/nordic/nrfx/drivers/include/nrfx_timer.h:342:10:nrfx_timer_us_to_ticks	0	static
/home/ee/ncs/modules/hal/nordic/nrfx/drivers/include/nrfx_timer.h:352:10:nrfx_timer_ms_to_ticks	4	static
/home/ee/ncs/modules/hal/nordic/nrfx/drivers/include/nrfx_timer.h:313:6:nrfx_timer_compare	16	static
/home/ee/ncs/modules/hal/nordic/nrfx/drivers/include/nrfx_timer.h:328:6:nrfx_timer_extended_compare	16	static
/home/ee/ncs/modules/hal/nordic/nrfx/drivers/include/nrfx_timer.h:360:6:nrfx_timer_compare_int_enable	8	static
/home/ee/ncs/modules/hal/nordic/nrfx/drivers/include/nrfx_timer.h:368:6:nrfx_timer_compare_int_disable	8	static
/home/ee/ncs/modules/hal/nordic/nrfx/drivers/src/nrfx_timer.c:381:1:nrfx_timer_0_irq_handler	8	static
