/home/ee/ncs/modules/hal/nordic/nrfx/hal/nrf_qspi.h:794:24:nrf_qspi_pins_set	0	static
/home/ee/ncs/modules/hal/nordic/nrfx/hal/nrf_qspi.h:834:24:nrf_qspi_pins_get	0	static
/home/ee/ncs/modules/hal/nordic/nrfx/hal/nrf_qspi.h:851:24:nrf_qspi_ifconfig0_set	0	static
/home/ee/ncs/modules/hal/nordic/nrfx/hal/nrf_qspi.h:872:24:nrf_qspi_ifconfig1_set	0	static
/home/ee/ncs/modules/hal/nordic/nrfx/hal/nrf_qspi.h:952:24:nrf_qspi_cinstrdata_set	0	static
/home/ee/ncs/modules/hal/nordic/nrfx/hal/nrf_qspi.h:997:24:nrf_qspi_cinstrdata_get	4	static
/home/ee/ncs/modules/hal/nordic/nrfx/hal/nrf_qspi.h:1039:24:nrf_qspi_cinstr_transfer_start	0	static
/home/ee/ncs/modules/hal/nordic/nrfx/hal/nrf_qspi.h:1050:24:nrf_qspi_cinstr_long_transfer_start	0	static
/home/ee/ncs/modules/hal/nordic/nrfx/hal/nrf_gpio.h:1501:24:nrf_gpio_pin_present_check	0	static
/home/ee/ncs/modules/hal/nordic/nrfx/drivers/src/nrfx_qspi.c:378:13:qspi_deactivate	0	static
/home/ee/ncs/modules/hal/nordic/nrfx/drivers/src/nrfx_qspi.c:391:13:qspi_errata_159_conditions_check	0	static
/home/ee/ncs/modules/hal/nordic/nrfx/drivers/src/nrfx_qspi.c:406:13:qspi_workaround_215_43_apply	56	static
/home/ee/ncs/modules/hal/nordic/nrfx/drivers/src/nrfx_qspi.c:935:13:qspi_event_xfer_handle	0	static
/home/ee/ncs/modules/hal/nordic/nrfx/drivers/src/nrfx_qspi.c:954:13:qspi_event_erase_handle	0	static
/home/ee/ncs/modules/hal/nordic/nrfx/drivers/src/nrfx_qspi.c:960:13:qspi_extended_event_process	8	static
/home/ee/ncs/modules/hal/nordic/nrfx/drivers/src/nrfx_qspi.c:984:13:qspi_activate_event_process	0	static
/home/ee/ncs/modules/hal/nordic/nrfx/hal/nrf_gpio.h:942:35:nrf_gpio_pin_port_decode	16	static
/home/ee/ncs/modules/hal/nordic/nrfx/drivers/src/nrfx_qspi.c:201:13:qspi_pins_configure	24	static
/home/ee/ncs/modules/hal/nordic/nrfx/hal/nrf_gpio.h:1103:24:nrf_gpio_cfg_default	16	static
/home/ee/ncs/modules/hal/nordic/nrfx/drivers/src/nrfx_qspi.c:268:13:qspi_pins_deconfigure	32	static
/home/ee/ncs/modules/hal/nordic/nrfx/drivers/src/nrfx_qspi.c:306:19:qspi_configure	16	static
/home/ee/ncs/modules/hal/nordic/nrfx/drivers/src/nrfx_qspi.c:287:19:qspi_ready_wait	16	static
/home/ee/ncs/modules/hal/nordic/nrfx/drivers/src/nrfx_qspi.c:357:19:qspi_activate	8	static
/home/ee/ncs/modules/hal/nordic/nrfx/drivers/src/nrfx_qspi.c:122:19:qspi_xfer	24	static
/home/ee/ncs/modules/hal/nordic/nrfx/drivers/include/nrfx_qspi.h:219:12:nrfx_qspi_init	8	static
/home/ee/ncs/modules/hal/nordic/nrfx/drivers/include/nrfx_qspi.h:237:12:nrfx_qspi_reconfigure	8	static
/home/ee/ncs/modules/hal/nordic/nrfx/drivers/include/nrfx_qspi.h:431:6:nrfx_qspi_timeout_signal	8	static
/home/ee/ncs/modules/hal/nordic/nrfx/drivers/include/nrfx_qspi.h:460:12:nrfx_qspi_cinstr_xfer	16	static
/home/ee/ncs/modules/hal/nordic/nrfx/drivers/include/nrfx_qspi.h:483:12:nrfx_qspi_cinstr_quick_send	16	static
/home/ee/ncs/modules/hal/nordic/nrfx/drivers/include/nrfx_qspi.h:513:12:nrfx_qspi_lfm_start	16	static
/home/ee/ncs/modules/hal/nordic/nrfx/drivers/include/nrfx_qspi.h:537:12:nrfx_qspi_lfm_xfer	32	static
/home/ee/ncs/modules/hal/nordic/nrfx/drivers/include/nrfx_qspi.h:422:12:nrfx_qspi_mem_busy_check	16	static
/home/ee/ncs/modules/hal/nordic/nrfx/drivers/include/nrfx_qspi.h:245:6:nrfx_qspi_uninit	8	static
/home/ee/ncs/modules/hal/nordic/nrfx/drivers/include/nrfx_qspi.h:256:12:nrfx_qspi_activate	8	static
/home/ee/ncs/modules/hal/nordic/nrfx/drivers/include/nrfx_qspi.h:267:12:nrfx_qspi_deactivate	8	static
/home/ee/ncs/modules/hal/nordic/nrfx/drivers/include/nrfx_qspi.h:275:6:nrfx_qspi_init_check	0	static
/home/ee/ncs/modules/hal/nordic/nrfx/drivers/include/nrfx_qspi.h:347:12:nrfx_qspi_write	8	static
/home/ee/ncs/modules/hal/nordic/nrfx/drivers/include/nrfx_qspi.h:310:12:nrfx_qspi_read	8	static
/home/ee/ncs/modules/hal/nordic/nrfx/drivers/include/nrfx_qspi.h:380:12:nrfx_qspi_erase	16	static
/home/ee/ncs/modules/hal/nordic/nrfx/drivers/include/nrfx_qspi.h:396:12:nrfx_qspi_chip_erase	8	static
/home/ee/ncs/modules/hal/nordic/nrfx/drivers/include/nrfx_qspi.h:403:29:nrfx_qspi_event_extended_get	8	static
/home/ee/ncs/modules/hal/nordic/nrfx/drivers/include/nrfx_qspi.h:410:6:nrfx_qspi_xfer_buffered_check	8	static
/home/ee/ncs/modules/hal/nordic/nrfx/drivers/include/nrfx_qspi.h:552:12:nrfx_qspi_xip_encrypt	8	static
/home/ee/ncs/modules/hal/nordic/nrfx/drivers/include/nrfx_qspi.h:565:12:nrfx_qspi_dma_encrypt	8	static
/home/ee/ncs/modules/hal/nordic/nrfx/drivers/include/nrfx_qspi.h:571:6:nrfx_qspi_irq_handler	8	static
