/home/ee/ncs/zephyr/subsys/settings/src/settings_file.c:482:15:get_len_cb	0	static
/home/ee/ncs/zephyr/subsys/settings/src/settings_file.c:580:14:settings_file_storage_get	0	static
/home/ee/ncs/zephyr/subsys/settings/src/settings_file.c:114:12:settings_file_load_priv	240	static
/home/ee/ncs/zephyr/subsys/settings/src/settings_file.c:181:12:settings_file_load	0	static
/home/ee/ncs/zephyr/subsys/settings/src/settings_file.c:489:12:write_handler	16	static
/home/ee/ncs/zephyr/subsys/settings/src/settings_file.c:446:12:read_handler	16	static
/home/ee/ncs/zephyr/subsys/settings/src/settings_file.c:533:12:mkdir_for_file	320	static
/home/ee/ncs/zephyr/subsys/settings/src/settings_file.c:226:12:settings_file_save_and_compress	504	static
/home/ee/ncs/zephyr/subsys/settings/src/settings_file.c:423:12:settings_file_save	80	static
/home/ee/ncs/zephyr/subsys/settings/include/settings/settings_file.h:28:5:settings_file_src	8	static
/home/ee/ncs/zephyr/subsys/settings/include/settings/settings_file.h:31:5:settings_file_dst	8	static
/home/ee/ncs/zephyr/subsys/settings/include/settings/settings_file.h:33:6:settings_mount_file_backend	0	static
/home/ee/ncs/zephyr/subsys/settings/src/settings_file.c:554:5:settings_backend_init	8	static
