/home/ee/ncs/zephyr/subsys/settings/src/settings.c:31:6:settings_init	0	static
/home/ee/ncs/zephyr/include/zephyr/settings/settings.h:252:5:settings_register_with_cprio	24	static
/home/ee/ncs/zephyr/include/zephyr/settings/settings.h:263:5:settings_register	0	static
/home/ee/ncs/zephyr/include/zephyr/settings/settings.h:616:5:settings_name_steq	8	static
/home/ee/ncs/zephyr/include/zephyr/settings/settings.h:628:5:settings_name_next	8	static
/home/ee/ncs/zephyr/include/zephyr/settings/settings.h:564:33:settings_parse_and_lookup	40	static
/home/ee/ncs/zephyr/include/zephyr/settings/settings.h:580:5:settings_call_set_handler	88	dynamic,bounded
/home/ee/ncs/zephyr/include/zephyr/settings/settings.h:406:5:settings_commit_subtree	32	static
/home/ee/ncs/zephyr/include/zephyr/settings/settings.h:396:5:settings_commit	0	static
