/home/ee/ncs/modules/lib/zcbor/include/zcbor_common.h:383:20:zcbor_error.isra	0	static
/home/ee/ncs/modules/lib/zcbor/src/zcbor_decode.c:71:13:err_restore	0	static
/home/ee/ncs/modules/lib/zcbor/src/zcbor_decode.c:35:13:initial_checks	8	static
/home/ee/ncs/modules/lib/zcbor/src/zcbor_decode.c:43:13:type_check	16	static
/home/ee/ncs/modules/lib/zcbor/src/zcbor_decode.c:1196:13:float_check	16	static
/home/ee/ncs/modules/lib/zcbor/src/zcbor_decode.c:1011:13:array_end_expect	8	static
/home/ee/ncs/modules/lib/zcbor/src/zcbor_decode.c:1021:13:list_map_end_decode	8	static
/home/ee/ncs/modules/lib/zcbor/src/zcbor_decode.c:139:13:value_extract	40	static
/home/ee/ncs/modules/lib/zcbor/src/zcbor_decode.c:423:13:str_start_decode	16	static
/home/ee/ncs/modules/lib/zcbor/src/zcbor_decode.c:700:13:list_map_start_decode	24	static
/home/ee/ncs/modules/lib/zcbor/src/zcbor_decode.c:519:13:start_decode_fragment	16	static
/home/ee/ncs/modules/lib/zcbor/src/zcbor_decode.c:463:13:str_start_decode_with_overflow_check	16	static
/home/ee/ncs/modules/lib/zcbor/src/zcbor_decode.c:587:13:str_decode	16	static
/home/ee/ncs/modules/lib/zcbor/src/zcbor_decode.c:611:13:str_expect	24	static
/home/ee/ncs/modules/lib/zcbor/include/zcbor_decode.h:100:6:zcbor_bstr_expect	0	static
/home/ee/ncs/modules/lib/zcbor/include/zcbor_decode.h:101:6:zcbor_tstr_expect	0	static
/home/ee/ncs/modules/lib/zcbor/include/zcbor_decode.h:71:6:zcbor_int_decode	24	static
/home/ee/ncs/modules/lib/zcbor/include/zcbor_decode.h:66:6:zcbor_int32_decode	0	static
/home/ee/ncs/modules/lib/zcbor/include/zcbor_decode.h:67:6:zcbor_int64_decode	0	static
/home/ee/ncs/modules/lib/zcbor/include/zcbor_decode.h:72:6:zcbor_uint_decode	16	static
/home/ee/ncs/modules/lib/zcbor/include/zcbor_decode.h:68:6:zcbor_uint32_decode	0	static
/home/ee/ncs/modules/lib/zcbor/include/zcbor_decode.h:96:6:zcbor_int64_expect	24	static
/home/ee/ncs/modules/lib/zcbor/include/zcbor_decode.h:136:6:zcbor_int64_expect_union	16	static
/home/ee/ncs/modules/lib/zcbor/include/zcbor_decode.h:95:6:zcbor_int32_expect	0	static
/home/ee/ncs/modules/lib/zcbor/include/zcbor_decode.h:135:6:zcbor_int32_expect_union	16	static
/home/ee/ncs/modules/lib/zcbor/include/zcbor_decode.h:116:6:zcbor_int32_pexpect	0	static
/home/ee/ncs/modules/lib/zcbor/include/zcbor_decode.h:117:6:zcbor_int64_pexpect	0	static
/home/ee/ncs/modules/lib/zcbor/include/zcbor_decode.h:69:6:zcbor_uint64_decode	0	static
/home/ee/ncs/modules/lib/zcbor/include/zcbor_decode.h:70:6:zcbor_size_decode	0	static
/home/ee/ncs/modules/lib/zcbor/include/zcbor_decode.h:98:6:zcbor_uint64_expect	24	static
/home/ee/ncs/modules/lib/zcbor/include/zcbor_decode.h:138:6:zcbor_uint64_expect_union	16	static
/home/ee/ncs/modules/lib/zcbor/include/zcbor_decode.h:97:6:zcbor_uint32_expect	0	static
/home/ee/ncs/modules/lib/zcbor/include/zcbor_decode.h:137:6:zcbor_uint32_expect_union	16	static
/home/ee/ncs/modules/lib/zcbor/include/zcbor_decode.h:118:6:zcbor_uint32_pexpect	0	static
/home/ee/ncs/modules/lib/zcbor/include/zcbor_decode.h:119:6:zcbor_uint64_pexpect	0	static
/home/ee/ncs/modules/lib/zcbor/include/zcbor_decode.h:99:6:zcbor_size_expect	0	static
/home/ee/ncs/modules/lib/zcbor/include/zcbor_decode.h:120:6:zcbor_size_pexpect	0	static
/home/ee/ncs/modules/lib/zcbor/include/zcbor_decode.h:387:6:zcbor_bstr_start_decode	24	static
/home/ee/ncs/modules/lib/zcbor/include/zcbor_decode.h:393:6:zcbor_bstr_end_decode	8	static
/home/ee/ncs/modules/lib/zcbor/include/zcbor_decode.h:425:6:zcbor_bstr_start_decode_fragment	8	static
/home/ee/ncs/modules/lib/zcbor/include/zcbor_decode.h:413:6:zcbor_next_fragment	16	static
/home/ee/ncs/modules/lib/zcbor/include/zcbor_decode.h:433:6:zcbor_bstr_next_fragment	16	static
/home/ee/ncs/modules/lib/zcbor/include/zcbor_decode.h:438:6:zcbor_is_last_fragment	0	static
/home/ee/ncs/modules/lib/zcbor/include/zcbor_decode.h:73:6:zcbor_bstr_decode	0	static
/home/ee/ncs/modules/lib/zcbor/include/zcbor_decode.h:406:6:zcbor_bstr_decode_fragment	16	static
/home/ee/ncs/modules/lib/zcbor/include/zcbor_decode.h:74:6:zcbor_tstr_decode	0	static
/home/ee/ncs/modules/lib/zcbor/include/zcbor_decode.h:407:6:zcbor_tstr_decode_fragment	16	static
/home/ee/ncs/modules/lib/zcbor/include/zcbor_decode.h:362:6:zcbor_bstr_expect_ptr	16	static
/home/ee/ncs/modules/lib/zcbor/include/zcbor_decode.h:363:6:zcbor_tstr_expect_ptr	16	static
/home/ee/ncs/modules/lib/zcbor/include/zcbor_decode.h:364:6:zcbor_bstr_expect_term	16	static
/home/ee/ncs/modules/lib/zcbor/include/zcbor_decode.h:365:6:zcbor_tstr_expect_term	16	static
/home/ee/ncs/modules/lib/zcbor/include/zcbor_decode.h:150:6:zcbor_list_start_decode	0	static
/home/ee/ncs/modules/lib/zcbor/include/zcbor_decode.h:151:6:zcbor_map_start_decode	8	static
/home/ee/ncs/modules/lib/zcbor/include/zcbor_decode.h:261:6:zcbor_array_at_end	0	static
/home/ee/ncs/modules/lib/zcbor/include/zcbor_decode.h:152:6:zcbor_unordered_map_start_decode	8	static
/home/ee/ncs/modules/lib/zcbor/src/zcbor_decode.c:813:15:get_current_index	0	static
/home/ee/ncs/modules/lib/zcbor/include/zcbor_decode.h:238:6:zcbor_elem_processed	0	static
/home/ee/ncs/modules/lib/zcbor/include/zcbor_decode.h:254:6:zcbor_list_end_decode	0	static
/home/ee/ncs/modules/lib/zcbor/include/zcbor_decode.h:255:6:zcbor_map_end_decode	0	static
/home/ee/ncs/modules/lib/zcbor/include/zcbor_decode.h:257:6:zcbor_list_map_end_force_decode	0	static
/home/ee/ncs/modules/lib/zcbor/src/zcbor_decode.c:1097:6:zcbor_simple_decode	16	static
/home/ee/ncs/modules/lib/zcbor/src/zcbor_decode.c:1122:6:zcbor_simple_expect	24	static
/home/ee/ncs/modules/lib/zcbor/src/zcbor_decode.c:1140:6:zcbor_simple_pexpect	0	static
/home/ee/ncs/modules/lib/zcbor/include/zcbor_decode.h:104:6:zcbor_nil_expect	0	static
/home/ee/ncs/modules/lib/zcbor/include/zcbor_decode.h:105:6:zcbor_undefined_expect	0	static
/home/ee/ncs/modules/lib/zcbor/include/zcbor_decode.h:76:6:zcbor_bool_decode	24	static
/home/ee/ncs/modules/lib/zcbor/include/zcbor_decode.h:103:6:zcbor_bool_expect	0	static
/home/ee/ncs/modules/lib/zcbor/include/zcbor_decode.h:122:6:zcbor_bool_pexpect	0	static
/home/ee/ncs/modules/lib/zcbor/include/zcbor_decode.h:78:6:zcbor_float16_bytes_decode	16	static
/home/ee/ncs/modules/lib/zcbor/include/zcbor_decode.h:107:6:zcbor_float16_bytes_expect	24	static
/home/ee/ncs/modules/lib/zcbor/include/zcbor_decode.h:124:6:zcbor_float16_bytes_pexpect	0	static
/home/ee/ncs/modules/lib/zcbor/include/zcbor_decode.h:77:6:zcbor_float16_decode	24	static
/home/ee/ncs/modules/lib/zcbor/include/zcbor_decode.h:106:6:zcbor_float16_expect	24	static
/home/ee/ncs/modules/lib/zcbor/include/zcbor_decode.h:123:6:zcbor_float16_pexpect	0	static
/home/ee/ncs/modules/lib/zcbor/include/zcbor_decode.h:80:6:zcbor_float32_decode	16	static
/home/ee/ncs/modules/lib/zcbor/include/zcbor_decode.h:109:6:zcbor_float32_expect	24	static
/home/ee/ncs/modules/lib/zcbor/include/zcbor_decode.h:126:6:zcbor_float32_pexpect	0	static
/home/ee/ncs/modules/lib/zcbor/include/zcbor_decode.h:79:6:zcbor_float16_32_decode	16	static
/home/ee/ncs/modules/lib/zcbor/include/zcbor_decode.h:108:6:zcbor_float16_32_expect	16	static
/home/ee/ncs/modules/lib/zcbor/include/zcbor_decode.h:125:6:zcbor_float16_32_pexpect	0	static
/home/ee/ncs/modules/lib/zcbor/include/zcbor_decode.h:82:6:zcbor_float64_decode	16	static
/home/ee/ncs/modules/lib/zcbor/include/zcbor_decode.h:111:6:zcbor_float64_expect	32	static
/home/ee/ncs/modules/lib/zcbor/include/zcbor_decode.h:128:6:zcbor_float64_pexpect	0	static
/home/ee/ncs/modules/lib/zcbor/include/zcbor_decode.h:81:6:zcbor_float32_64_decode	24	static
/home/ee/ncs/modules/lib/zcbor/include/zcbor_decode.h:110:6:zcbor_float32_64_expect	16	static
/home/ee/ncs/modules/lib/zcbor/include/zcbor_decode.h:127:6:zcbor_float32_64_pexpect	0	static
/home/ee/ncs/modules/lib/zcbor/include/zcbor_decode.h:83:6:zcbor_float_decode	24	static
/home/ee/ncs/modules/lib/zcbor/include/zcbor_decode.h:112:6:zcbor_float_expect	24	static
/home/ee/ncs/modules/lib/zcbor/include/zcbor_decode.h:129:6:zcbor_float_pexpect	0	static
/home/ee/ncs/modules/lib/zcbor/include/zcbor_decode.h:75:6:zcbor_tag_decode	16	static
/home/ee/ncs/modules/lib/zcbor/include/zcbor_decode.h:273:6:zcbor_any_skip	80	static
/home/ee/ncs/modules/lib/zcbor/include/zcbor_decode.h:205:6:zcbor_unordered_map_search	48	static
/home/ee/ncs/modules/lib/zcbor/include/zcbor_decode.h:214:6:zcbor_search_key_bstr_ptr	16	static
/home/ee/ncs/modules/lib/zcbor/include/zcbor_decode.h:216:6:zcbor_search_key_bstr_term	16	static
/home/ee/ncs/modules/lib/zcbor/include/zcbor_decode.h:215:6:zcbor_search_key_tstr_ptr	16	static
/home/ee/ncs/modules/lib/zcbor/include/zcbor_decode.h:217:6:zcbor_search_key_tstr_term	16	static
/home/ee/ncs/modules/lib/zcbor/include/zcbor_decode.h:256:6:zcbor_unordered_map_end_decode	8	static
/home/ee/ncs/modules/lib/zcbor/include/zcbor_decode.h:102:6:zcbor_tag_expect	24	static
/home/ee/ncs/modules/lib/zcbor/include/zcbor_decode.h:121:6:zcbor_tag_pexpect	0	static
/home/ee/ncs/modules/lib/zcbor/include/zcbor_decode.h:328:6:zcbor_multi_decode	48	static
/home/ee/ncs/modules/lib/zcbor/include/zcbor_decode.h:343:6:zcbor_present_decode	40	static
/home/ee/ncs/modules/lib/zcbor/include/zcbor_decode.h:27:6:zcbor_new_decode_state	0	static
