/home/ee/ncs/modules/lib/zcbor/src/zcbor_encode.c:19:16:log2ceil	0	static
/home/ee/ncs/modules/lib/zcbor/src/zcbor_encode.c:37:16:get_additional	8	static
/home/ee/ncs/modules/lib/zcbor/src/zcbor_encode.c:43:13:encode_header_byte	4	static
/home/ee/ncs/modules/lib/zcbor/src/zcbor_encode.c:60:13:value_encode_len	24	static
/home/ee/ncs/modules/lib/zcbor/src/zcbor_encode.c:330:13:list_map_start_encode	8	static
/home/ee/ncs/modules/lib/zcbor/src/zcbor_encode.c:366:13:list_map_end_encode	8	static
/home/ee/ncs/modules/lib/zcbor/src/zcbor_encode.c:88:13:value_encode	16	static
/home/ee/ncs/modules/lib/zcbor/src/zcbor_encode.c:211:13:str_start_encode	16	static
/home/ee/ncs/modules/lib/zcbor/src/zcbor_encode.c:270:13:str_encode	16	static
/home/ee/ncs/modules/lib/zcbor/include/zcbor_encode.h:81:6:zcbor_int_encode	16	static
/home/ee/ncs/modules/lib/zcbor/include/zcbor_encode.h:82:6:zcbor_uint_encode	8	static
/home/ee/ncs/modules/lib/zcbor/include/zcbor_encode.h:76:6:zcbor_int32_encode	8	static
/home/ee/ncs/modules/lib/zcbor/include/zcbor_encode.h:77:6:zcbor_int64_encode	8	static
/home/ee/ncs/modules/lib/zcbor/include/zcbor_encode.h:78:6:zcbor_uint32_encode	8	static
/home/ee/ncs/modules/lib/zcbor/include/zcbor_encode.h:79:6:zcbor_uint64_encode	8	static
/home/ee/ncs/modules/lib/zcbor/include/zcbor_encode.h:62:6:zcbor_int32_put	16	static
/home/ee/ncs/modules/lib/zcbor/include/zcbor_encode.h:63:6:zcbor_int64_put	16	static
/home/ee/ncs/modules/lib/zcbor/include/zcbor_encode.h:64:6:zcbor_uint32_put	16	static
/home/ee/ncs/modules/lib/zcbor/include/zcbor_encode.h:65:6:zcbor_uint64_put	16	static
/home/ee/ncs/modules/lib/zcbor/include/zcbor_encode.h:66:6:zcbor_size_put	16	static
/home/ee/ncs/modules/lib/zcbor/include/zcbor_encode.h:80:6:zcbor_size_encode	8	static
/home/ee/ncs/modules/lib/zcbor/include/zcbor_encode.h:225:6:zcbor_bstr_start_encode	16	static
/home/ee/ncs/modules/lib/zcbor/include/zcbor_encode.h:83:6:zcbor_bstr_encode	8	static
/home/ee/ncs/modules/lib/zcbor/include/zcbor_encode.h:232:6:zcbor_bstr_end_encode	32	static
/home/ee/ncs/modules/lib/zcbor/include/zcbor_encode.h:84:6:zcbor_tstr_encode	8	static
/home/ee/ncs/modules/lib/zcbor/include/zcbor_encode.h:205:6:zcbor_bstr_encode_ptr	16	static
/home/ee/ncs/modules/lib/zcbor/include/zcbor_encode.h:206:6:zcbor_tstr_encode_ptr	16	static
/home/ee/ncs/modules/lib/zcbor/include/zcbor_encode.h:207:6:zcbor_bstr_put_term	16	static
/home/ee/ncs/modules/lib/zcbor/include/zcbor_encode.h:208:6:zcbor_tstr_put_term	16	static
/home/ee/ncs/modules/lib/zcbor/include/zcbor_encode.h:108:6:zcbor_list_start_encode	8	static
/home/ee/ncs/modules/lib/zcbor/include/zcbor_encode.h:109:6:zcbor_map_start_encode	8	static
/home/ee/ncs/modules/lib/zcbor/include/zcbor_encode.h:128:6:zcbor_list_end_encode	8	static
/home/ee/ncs/modules/lib/zcbor/include/zcbor_encode.h:129:6:zcbor_map_end_encode	8	static
/home/ee/ncs/modules/lib/zcbor/include/zcbor_encode.h:130:6:zcbor_list_map_end_force_encode	0	static
/home/ee/ncs/modules/lib/zcbor/src/zcbor_encode.c:446:6:zcbor_simple_encode	8	static
/home/ee/ncs/modules/lib/zcbor/src/zcbor_encode.c:460:6:zcbor_simple_put	16	static
/home/ee/ncs/modules/lib/zcbor/include/zcbor_encode.h:69:6:zcbor_nil_put	8	static
/home/ee/ncs/modules/lib/zcbor/include/zcbor_encode.h:70:6:zcbor_undefined_put	8	static
/home/ee/ncs/modules/lib/zcbor/include/zcbor_encode.h:68:6:zcbor_bool_put	8	static
/home/ee/ncs/modules/lib/zcbor/include/zcbor_encode.h:86:6:zcbor_bool_encode	8	static
/home/ee/ncs/modules/lib/zcbor/include/zcbor_encode.h:90:6:zcbor_float64_encode	8	static
/home/ee/ncs/modules/lib/zcbor/include/zcbor_encode.h:74:6:zcbor_float64_put	16	static
/home/ee/ncs/modules/lib/zcbor/include/zcbor_encode.h:89:6:zcbor_float32_encode	8	static
/home/ee/ncs/modules/lib/zcbor/include/zcbor_encode.h:73:6:zcbor_float32_put	16	static
/home/ee/ncs/modules/lib/zcbor/include/zcbor_encode.h:88:6:zcbor_float16_bytes_encode	8	static
/home/ee/ncs/modules/lib/zcbor/include/zcbor_encode.h:72:6:zcbor_float16_bytes_put	16	static
/home/ee/ncs/modules/lib/zcbor/include/zcbor_encode.h:71:6:zcbor_float16_put	8	static
/home/ee/ncs/modules/lib/zcbor/include/zcbor_encode.h:87:6:zcbor_float16_encode	8	static
/home/ee/ncs/modules/lib/zcbor/include/zcbor_encode.h:67:6:zcbor_tag_put	16	static
/home/ee/ncs/modules/lib/zcbor/include/zcbor_encode.h:85:6:zcbor_tag_encode	8	static
/home/ee/ncs/modules/lib/zcbor/include/zcbor_encode.h:180:6:zcbor_multi_encode	32	static
/home/ee/ncs/modules/lib/zcbor/include/zcbor_encode.h:187:6:zcbor_multi_encode_minmax	16	static
/home/ee/ncs/modules/lib/zcbor/include/zcbor_encode.h:28:6:zcbor_new_encode_state	24	static
