/home/ee/ncs/modules/lib/zcbor/src/zcbor_common.c:98:13:update_backups	4	static
/home/ee/ncs/modules/lib/zcbor/include/zcbor_common.h:298:6:zcbor_new_backup	16	static
/home/ee/ncs/modules/lib/zcbor/include/zcbor_common.h:304:6:zcbor_process_backup	64	static
/home/ee/ncs/modules/lib/zcbor/include/zcbor_common.h:311:6:zcbor_union_start_code	8	static
/home/ee/ncs/modules/lib/zcbor/include/zcbor_common.h:318:6:zcbor_union_elem_code	8	static
/home/ee/ncs/modules/lib/zcbor/include/zcbor_common.h:324:6:zcbor_union_end_code	8	static
/home/ee/ncs/modules/lib/zcbor/include/zcbor_common.h:336:6:zcbor_new_state	4	static
/home/ee/ncs/modules/lib/zcbor/include/zcbor_common.h:415:6:zcbor_update_state	8	static
/home/ee/ncs/modules/lib/zcbor/include/zcbor_common.h:432:6:zcbor_validate_string_fragments	12	static
/home/ee/ncs/modules/lib/zcbor/include/zcbor_common.h:451:6:zcbor_splice_string_fragments	32	static
/home/ee/ncs/modules/lib/zcbor/include/zcbor_common.h:462:6:zcbor_compare_strings	8	static
/home/ee/ncs/modules/lib/zcbor/include/zcbor_common.h:475:8:zcbor_header_len	0	static
/home/ee/ncs/modules/lib/zcbor/include/zcbor_common.h:478:8:zcbor_header_len_ptr	16	static
/home/ee/ncs/modules/lib/zcbor/include/zcbor_common.h:490:8:zcbor_remaining_str_len	16	static
/home/ee/ncs/modules/lib/zcbor/include/zcbor_common.h:343:5:zcbor_entry_function	40	static
/home/ee/ncs/modules/lib/zcbor/include/zcbor_common.h:498:7:zcbor_float16_to_32	0	static
/home/ee/ncs/modules/lib/zcbor/include/zcbor_common.h:506:10:zcbor_float32_to_16	8	static
/home/ee/ncs/modules/lib/zcbor/include/zcbor_common.h:536:8:strnlen	0	static
