Archive member included to satisfy reference by file (symbol)

app/libapp.a(main.c.obj)      (--whole-archive)
app/libapp.a(io.c.obj)        (--whole-archive)
app/libapp.a(flash_map_extended.c.obj)
                              (--whole-archive)
app/libapp.a(os.c.obj)        (--whole-archive)
app/libapp.a(keys.c.obj)      (--whole-archive)
app/libapp.a(image_validate.c.obj)
                              (--whole-archive)
app/libapp.a(tlv.c.obj)       (--whole-archive)
app/libapp.a(encrypted.c.obj)
                              (--whole-archive)
app/libapp.a(image_rsa.c.obj)
                              (--whole-archive)
app/libapp.a(image_ecdsa.c.obj)
                              (--whole-archive)
app/libapp.a(image_ed25519.c.obj)
                              (--whole-archive)
app/libapp.a(bootutil_misc.c.obj)
                              (--whole-archive)
app/libapp.a(fault_injection_hardening.c.obj)
                              (--whole-archive)
app/libapp.a(loader.c.obj)    (--whole-archive)
app/libapp.a(swap_misc.c.obj)
                              (--whole-archive)
app/libapp.a(caps.c.obj)      (--whole-archive)
app/libapp.a(swap_scratch.c.obj)
                              (--whole-archive)
app/libapp.a(autogen-pubkey.c.obj)
                              (--whole-archive)
app/libapp.a(arm_cleanup.c.obj)
                              (--whole-archive)
app/libapp.a(nrf_cleanup.c.obj)
                              (--whole-archive)
zephyr/libzephyr.a(heap.c.obj)
                              (--whole-archive)
zephyr/libzephyr.a(cbprintf_packaged.c.obj)
                              (--whole-archive)
zephyr/libzephyr.a(printk.c.obj)
                              (--whole-archive)
zephyr/libzephyr.a(sem.c.obj)
                              (--whole-archive)
zephyr/libzephyr.a(thread_entry.c.obj)
                              (--whole-archive)
zephyr/libzephyr.a(cbprintf_complete.c.obj)
                              (--whole-archive)
zephyr/libzephyr.a(assert.c.obj)
                              (--whole-archive)
zephyr/libzephyr.a(mpsc_pbuf.c.obj)
                              (--whole-archive)
zephyr/libzephyr.a(reboot.c.obj)
                              (--whole-archive)
zephyr/libzephyr.a(dec.c.obj)
                              (--whole-archive)
zephyr/libzephyr.a(hex.c.obj)
                              (--whole-archive)
zephyr/libzephyr.a(rb.c.obj)  (--whole-archive)
zephyr/libzephyr.a(timeutil.c.obj)
                              (--whole-archive)
zephyr/libzephyr.a(bitarray.c.obj)
                              (--whole-archive)
zephyr/libzephyr.a(onoff.c.obj)
                              (--whole-archive)
zephyr/libzephyr.a(notify.c.obj)
                              (--whole-archive)
zephyr/libzephyr.a(last_section_id.c.obj)
                              (--whole-archive)
zephyr/libzephyr.a(configs.c.obj)
                              (--whole-archive)
zephyr/libzephyr.a(log_core.c.obj)
                              (--whole-archive)
zephyr/libzephyr.a(log_mgmt.c.obj)
                              (--whole-archive)
zephyr/libzephyr.a(log_cache.c.obj)
                              (--whole-archive)
zephyr/libzephyr.a(log_msg.c.obj)
                              (--whole-archive)
zephyr/libzephyr.a(log_output.c.obj)
                              (--whole-archive)
zephyr/libzephyr.a(log_backend_uart.c.obj)
                              (--whole-archive)
zephyr/libzephyr.a(mem_attr.c.obj)
                              (--whole-archive)
zephyr/libzephyr.a(flash_map.c.obj)
                              (--whole-archive)
zephyr/libzephyr.a(flash_map_layout.c.obj)
                              (--whole-archive)
zephyr/libzephyr.a(tracing_none.c.obj)
                              (--whole-archive)
zephyr/libzephyr.a(flash_util.c.obj)
                              (--whole-archive)
zephyr/libzephyr.a(banner.c.obj)
                              (--whole-archive)
zephyr/libzephyr.a(flash_map_partition_manager.c.obj)
                              (--whole-archive)
zephyr/libzephyr.a(nrf_cc3xx_platform_abort_zephyr.c.obj)
                              (--whole-archive)
zephyr/libzephyr.a(nrf_cc3xx_platform_mutex_zephyr.c.obj)
                              (--whole-archive)
zephyr/arch/common/libarch__common.a(sw_isr_common.c.obj)
                              (--whole-archive)
zephyr/arch/arch/arm/core/libarch__arm__core.a(fatal.c.obj)
                              (--whole-archive)
zephyr/arch/arch/arm/core/libarch__arm__core.a(nmi.c.obj)
                              (--whole-archive)
zephyr/arch/arch/arm/core/libarch__arm__core.a(nmi_on_reset.S.obj)
                              (--whole-archive)
zephyr/arch/arch/arm/core/libarch__arm__core.a(tls.c.obj)
                              (--whole-archive)
zephyr/arch/arch/arm/core/cortex_m/libarch__arm__core__cortex_m.a(exc_exit.c.obj)
                              (--whole-archive)
[...]
Memory Configuration

Name             Origin             Length             Attributes
FLASH            0x0000000000000000 0x0000000000020000 xr
RAM              0x0000000020002000 0x000000000006e000 xw
IDT_LIST         0x00000000ffff7fff 0x0000000000008000 xw
*default*        0x0000000000000000 0xffffffffffffffff

Linker script and memory map

                0x000000000000d524                vfprintf = __l_vfprintf
                0x0000000000000000                vfscanf = __l_vfscanf
LOAD zephyr/CMakeFiles/zephyr_final.dir/misc/empty_file.c.obj
LOAD zephyr/CMakeFiles/zephyr_final.dir/isr_tables.c.obj
LOAD zephyr/CMakeFiles/offsets.dir/./arch/arm/core/offsets/offsets.c.obj
LOAD app/libapp.a
LOAD zephyr/libzephyr.a
LOAD zephyr/arch/common/libarch__common.a
LOAD zephyr/arch/arch/arm/core/libarch__arm__core.a
LOAD zephyr/arch/arch/arm/core/cortex_m/libarch__arm__core__cortex_m.a
LOAD zephyr/arch/arch/arm/core/cortex_m/cmse/libarch__arm__core__cortex_m__cmse.a
LOAD zephyr/arch/arch/arm/core/mpu/libarch__arm__core__mpu.a
LOAD zephyr/lib/libc/picolibc/liblib__libc__picolibc.a
LOAD zephyr/lib/libc/common/liblib__libc__common.a
LOAD zephyr/soc/soc/nrf5340/libsoc__nordic.a
LOAD zephyr/drivers/clock_control/libdrivers__clock_control.a
LOAD zephyr/drivers/console/libdrivers__console.a
LOAD zephyr/drivers/flash/libdrivers__flash.a
LOAD zephyr/drivers/gpio/libdrivers__gpio.a
LOAD zephyr/drivers/pinctrl/libdrivers__pinctrl.a
LOAD zephyr/drivers/serial/libdrivers__serial.a
LOAD zephyr/drivers/timer/libdrivers__timer.a
LOAD modules/nrf/subsys/pcd/lib..__nrf__subsys__pcd.a
LOAD modules/nrf/modules/mcuboot/hooks/lib..__nrf__modules__mcuboot__hooks.a
LOAD modules/nrf/drivers/hw_cc3xx/lib..__nrf__drivers__hw_cc3xx.a
LOAD modules/mcuboot/boot/bootutil/zephyr/libmcuboot_util.a
LOAD modules/mbedtls/libmbedTLSBase.a
LOAD modules/mbedtls/libmbedTLSCrypto.a
LOAD modules/mbedtls/libmbedTLSX509.a
LOAD modules/mbedtls/libmodules__mbedtls.a
LOAD modules/hal_nordic/modules/hal_nordic/nrfx/libmodules__hal_nordic__nrfx.a
LOAD zephyr/kernel/libkernel.a
LOAD zephyr/arch/common/libisr_tables.a
LOAD modules/mbedtls/libmbedTLSBase.a
LOAD modules/mbedtls/libmbedTLSCrypto.a
LOAD modules/mbedtls/libmbedTLSX509.a
LOAD /home/ee/ncs/nrfxlib/crypto/nrf_cc312_platform/lib/cortex-m33/soft-float/no-interrupts/libnrf_cc312_platform_0.9.19.a
LOAD /opt/toolchains/zephyr-sdk-0.17.0/arm-zephyr-eabi/bin/../lib/gcc/../../picolibc/arm-zephyr-eabi/lib/thumb/v8-m.main/nofp/libc.a
LOAD /opt/toolchains/zephyr-sdk-0.17.0/arm-zephyr-eabi/bin/../lib/gcc/arm-zephyr-eabi/12.2.0/thumb/v8-m.main/nofp/libgcc.a
                0x0000000000000020                _region_min_align = 0x20

.rel.plt        0x0000000000000000        0x0
 *(SORT_BY_ALIGNMENT(.rel.plt))
                [!provide]                        PROVIDE (__rel_iplt_start = .)
 *(SORT_BY_ALIGNMENT(.rel.iplt))
 .rel.iplt      0x0000000000000000        0x0 zephyr/CMakeFiles/zephyr_final.dir/isr_tables.c.obj
                [!provide]                        PROVIDE (__rel_iplt_end = .)

.rela.plt       0x0000000000000000        0x0
 *(SORT_BY_ALIGNMENT(.rela.plt))
                [!provide]                        PROVIDE (__rela_iplt_start = .)
 *(SORT_BY_ALIGNMENT(.rela.iplt))
                [!provide]                        PROVIDE (__rela_iplt_end = .)

.rel.dyn
 *(SORT_BY_ALIGNMENT(.rel.*))

.rela.dyn
 *(SORT_BY_ALIGNMENT(.rela.*))

/DISCARD/
 *(SORT_BY_ALIGNMENT(.plt))

/DISCARD/
 *(SORT_BY_ALIGNMENT(.iplt))
                0x0000000000000000                __rom_region_start = 0x0

rom_start       0x0000000000000000      0x154
                0x0000000000000000                __rom_start_address = .
 FILL mask 0x00
                0x0000000000000000                . = (. + (0x0 - (. - __rom_start_address)))
                0x0000000000000000                . = ALIGN (0x4)
                0x0000000000000000                . = ALIGN (0x80)
                0x0000000000000000                . = ALIGN (0x200)
                0x0000000000000000                _vector_start = .
 *(SORT_BY_ALIGNMENT(.exc_vector_table))
 *(SORT_BY_ALIGNMENT(.exc_vector_table.*))
 .exc_vector_table._vector_table_section
                0x0000000000000000       0x40 zephyr/arch/arch/arm/core/cortex_m/libarch__arm__core__cortex_m.a(vector_table.S.obj)
                0x0000000000000000                _vector_table
 *(SORT_BY_ALIGNMENT(.vectors))
                0x0000000000000154                _vector_end = .
                0x0000000000000040                . = ALIGN (0x4)
 *(SORT_BY_ALIGNMENT(.gnu.linkonce.irq_vector_table*))
 .gnu.linkonce.irq_vector_table
                0x0000000000000040      0x114 zephyr/CMakeFiles/zephyr_final.dir/isr_tables.c.obj
                0x0000000000000040                _irq_vector_table
                0x0000000000000154                _vector_end = .

text            0x0000000000000154     0xd9e4
                0x0000000000000154                __text_region_start = .
 *(SORT_BY_ALIGNMENT(.text))
 .text          0x0000000000000154       0x30 /opt/toolchains/zephyr-sdk-0.17.0/arm-zephyr-eabi/bin/../lib/gcc/arm-zephyr-eabi/12.2.0/thumb/v8-m.main/nofp/libgcc.a(_aeabi_uldivmod.o)
                0x0000000000000154                __aeabi_uldivmod
 .text          0x0000000000000184        0x4 /opt/toolchains/zephyr-sdk-0.17.0/arm-zephyr-eabi/bin/../lib/gcc/arm-zephyr-eabi/12.2.0/thumb/v8-m.main/nofp/libgcc.a(_dvmd_tls.o)
                0x0000000000000184                __aeabi_ldiv0
                0x0000000000000184                __aeabi_idiv0
 .text          0x0000000000000188       0x10 /opt/toolchains/zephyr-sdk-0.17.0/arm-zephyr-eabi/bin/../lib/gcc/../../picolibc/arm-zephyr-eabi/lib/thumb/v8-m.main/nofp/libc.a(strlen.S.o)
                0x0000000000000188                strlen
 .text          0x0000000000000198      0x29c /opt/toolchains/zephyr-sdk-0.17.0/arm-zephyr-eabi/bin/../lib/gcc/arm-zephyr-eabi/12.2.0/thumb/v8-m.main/nofp/libgcc.a(_udivmoddi4.o)
                0x0000000000000198                __udivmoddi4
 *(SORT_BY_ALIGNMENT(.text.*))
 .text._OffsetAbsSyms
                0x0000000000000434        0x4 zephyr/CMakeFiles/offsets.dir/./arch/arm/core/offsets/offsets.c.obj
                0x0000000000000434                _OffsetAbsSyms
 .text.boot_log_thread_func
                0x0000000000000438       0x34 app/libapp.a(main.c.obj)
                0x0000000000000438                boot_log_thread_func
 .text.zephyr_boot_log_start
                0x000000000000046c       0x4c app/libapp.a(main.c.obj)
                0x000000000000046c                zephyr_boot_log_start
 .text.zephyr_boot_log_stop
                0x00000000000004b8       0x1c app/libapp.a(main.c.obj)
                0x00000000000004b8                zephyr_boot_log_stop
 .text.main     0x00000000000004d4       0xf8 app/libapp.a(main.c.obj)
                0x00000000000004d4                main
 .text.flash_device_base
                0x00000000000005cc       0x2c app/libapp.a(flash_map_extended.c.obj)
                0x00000000000005cc                flash_device_base
 .text.flash_area_id_from_multi_image_slot
                0x00000000000005f8       0x24 app/libapp.a(flash_map_extended.c.obj)
                0x00000000000005f8                flash_area_id_from_multi_image_slot
 .text.flash_area_get_device_id
                0x000000000000061c        0x4 app/libapp.a(flash_map_extended.c.obj)
                0x000000000000061c                flash_area_get_device_id
 .text.os_heap_init
                0x0000000000000620       0x10 app/libapp.a(os.c.obj)
                0x0000000000000620                os_heap_init
 .text.bootutil_img_validate
                0x0000000000000630      0x274 app/libapp.a(image_validate.c.obj)
                0x0000000000000630                bootutil_img_validate
 .text.bootutil_tlv_iter_begin
                0x00000000000008a4       0x9c app/libapp.a(tlv.c.obj)
                0x00000000000008a4                bootutil_tlv_iter_begin
 .text.bootutil_tlv_iter_next
                0x0000000000000940       0xb4 app/libapp.a(tlv.c.obj)
                0x0000000000000940                bootutil_tlv_iter_next
 .text.bootutil_tlv_iter_is_prot
                0x00000000000009f4       0x1c app/libapp.a(tlv.c.obj)
                0x00000000000009f4                bootutil_tlv_iter_is_prot
 .text.bootutil_cmp_rsasig
                0x0000000000000a10      0x134 app/libapp.a(image_rsa.c.obj)
 .text.bootutil_verify_sig
                0x0000000000000b44       0xd0 app/libapp.a(image_rsa.c.obj)
                0x0000000000000b44                bootutil_verify_sig
 .text.boot_fih_memequal
                0x0000000000000c14        0x4 app/libapp.a(bootutil_misc.c.obj)
                0x0000000000000c14                boot_fih_memequal
 .text.boot_trailer_sz
                0x0000000000000c18        0xc app/libapp.a(bootutil_misc.c.obj)
                0x0000000000000c18                boot_trailer_sz
 .text.bootutil_max_image_size
                0x0000000000000c24        0x8 app/libapp.a(bootutil_misc.c.obj)
                0x0000000000000c24                bootutil_max_image_size
 .text.boot_read_image_size
                0x0000000000000c2c       0xc4 app/libapp.a(bootutil_misc.c.obj)
                0x0000000000000c2c                boot_read_image_size
 .text.boot_initialize_area
                0x0000000000000cf0       0x58 app/libapp.a(loader.c.obj)
 .text.boot_read_sectors
                0x0000000000000d48       0x50 app/libapp.a(loader.c.obj)
 .text.boot_read_image_headers.constprop.0
                0x0000000000000d98       0x5c app/libapp.a(loader.c.obj)
 .text.boot_copy_region
                0x0000000000000df4       0x5c app/libapp.a(loader.c.obj)
                0x0000000000000df4                boot_copy_region
 .text.context_boot_go
                0x0000000000000e50      0x8fc app/libapp.a(loader.c.obj)
                0x0000000000000e50                context_boot_go
 .text.boot_go  0x000000000000174c       0x1c app/libapp.a(loader.c.obj)
                0x000000000000174c                boot_go
 .text.boot_slots_compatible
                0x0000000000001768       0xd0 app/libapp.a(swap_scratch.c.obj)
                0x0000000000001768                boot_slots_compatible
 .text.boot_read_image_header
                0x0000000000001838       0x30 app/libapp.a(swap_scratch.c.obj)
                0x0000000000001838                boot_read_image_header
 .text.cleanup_arm_nvic
                0x0000000000001868       0x38 app/libapp.a(arm_cleanup.c.obj)
                0x0000000000001868                cleanup_arm_nvic
 .text.nrf_cleanup_peripheral
                0x00000000000018a0       0x9c app/libapp.a(nrf_cleanup.c.obj)
                0x00000000000018a0                nrf_cleanup_peripheral
 .text.free_list_add
                0x000000000000193c       0xa8 zephyr/libzephyr.a(heap.c.obj)
 .text.sys_heap_init
                0x00000000000019e4       0xdc zephyr/libzephyr.a(heap.c.obj)
                0x00000000000019e4                sys_heap_init
 .text.cbvprintf_package
                0x0000000000001ac0      0x468 zephyr/libzephyr.a(cbprintf_packaged.c.obj)
                0x0000000000001ac0                cbvprintf_package
 .text.cbpprintf_external
                0x0000000000001f28       0x60 zephyr/libzephyr.a(cbprintf_packaged.c.obj)
                0x0000000000001f28                cbpprintf_external
 .text.is_ptr   0x0000000000001f88       0x64 zephyr/libzephyr.a(cbprintf_packaged.c.obj)
                0x0000000000001f88                is_ptr
 .text.cbprintf_package_convert
                0x0000000000001fec      0x4c4 zephyr/libzephyr.a(cbprintf_packaged.c.obj)
                0x0000000000001fec                cbprintf_package_convert
 .text.arch_printk_char_out
                0x00000000000024b0        0x4 zephyr/libzephyr.a(printk.c.obj)
                0x00000000000024b0                arch_printk_char_out
 .text.__printk_hook_install
                0x00000000000024b4        0xc zephyr/libzephyr.a(printk.c.obj)
                0x00000000000024b4                __printk_hook_install
 .text.printk   0x00000000000024c0       0x1c zephyr/libzephyr.a(printk.c.obj)
                0x00000000000024c0                printk
 .text.z_thread_entry
                0x00000000000024dc       0x2c zephyr/libzephyr.a(thread_entry.c.obj)
                0x00000000000024dc                z_thread_entry
 .text.add_skip_item
                0x0000000000002508       0x64 zephyr/libzephyr.a(mpsc_pbuf.c.obj)
 .text.post_drop_action
                0x000000000000256c       0x60 zephyr/libzephyr.a(mpsc_pbuf.c.obj)
 .text.drop_item_locked
                0x00000000000025cc      0x144 zephyr/libzephyr.a(mpsc_pbuf.c.obj)
 .text.mpsc_pbuf_init
                0x0000000000002710       0x3c zephyr/libzephyr.a(mpsc_pbuf.c.obj)
                0x0000000000002710                mpsc_pbuf_init
 .text.mpsc_pbuf_alloc
                0x000000000000274c      0x12c zephyr/libzephyr.a(mpsc_pbuf.c.obj)
                0x000000000000274c                mpsc_pbuf_alloc
 .text.mpsc_pbuf_commit
                0x0000000000002878       0x70 zephyr/libzephyr.a(mpsc_pbuf.c.obj)
                0x0000000000002878                mpsc_pbuf_commit
 .text.mpsc_pbuf_claim
                0x00000000000028e8       0xe0 zephyr/libzephyr.a(mpsc_pbuf.c.obj)
                0x00000000000028e8                mpsc_pbuf_claim
 .text.mpsc_pbuf_free
                0x00000000000029c8       0xa0 zephyr/libzephyr.a(mpsc_pbuf.c.obj)
                0x00000000000029c8                mpsc_pbuf_free
 .text.mpsc_pbuf_is_pending
                0x0000000000002a68       0x38 zephyr/libzephyr.a(mpsc_pbuf.c.obj)
                0x0000000000002a68                mpsc_pbuf_is_pending
 .text.sys_reboot
                0x0000000000002aa0       0x2c zephyr/libzephyr.a(reboot.c.obj)
                0x0000000000002aa0                sys_reboot
 .text.process_event
                0x0000000000002acc      0x2c4 zephyr/libzephyr.a(onoff.c.obj)
 .text.transition_complete
                0x0000000000002d90       0x1c zephyr/libzephyr.a(onoff.c.obj)
 .text.onoff_manager_init
                0x0000000000002dac       0x28 zephyr/libzephyr.a(onoff.c.obj)
                0x0000000000002dac                onoff_manager_init
 .text.onoff_request
                0x0000000000002dd4       0xe0 zephyr/libzephyr.a(onoff.c.obj)
                0x0000000000002dd4                onoff_request
 .text.sys_notify_validate
                0x0000000000002eb4       0x28 zephyr/libzephyr.a(notify.c.obj)
                0x0000000000002eb4                sys_notify_validate
 .text.sys_notify_finalize
                0x0000000000002edc       0x18 zephyr/libzephyr.a(notify.c.obj)
                0x0000000000002edc                sys_notify_finalize
 .text._ConfigAbsSyms
                0x0000000000002ef4        0x4 zephyr/libzephyr.a(configs.c.obj)
                0x0000000000002ef4                _ConfigAbsSyms
 .text.dummy_timestamp
                0x0000000000002ef8        0x4 zephyr/libzephyr.a(log_core.c.obj)
 .text.default_get_timestamp
                0x0000000000002efc        0x4 zephyr/libzephyr.a(log_core.c.obj)
 .text.log_msg_generic_get_wlen
                0x0000000000002f00       0x20 zephyr/libzephyr.a(log_core.c.obj)
 .text.z_log_init.isra.0
                0x0000000000002f20      0x108 zephyr/libzephyr.a(log_core.c.obj)
 .text.enable_logger
                0x0000000000003028       0x10 zephyr/libzephyr.a(log_core.c.obj)
 .text.z_log_notify_drop
                0x0000000000003038       0x2c zephyr/libzephyr.a(log_core.c.obj)
 .text.log_format_func_t_get
                0x0000000000003064        0xc zephyr/libzephyr.a(log_core.c.obj)
                0x0000000000003064                log_format_func_t_get
 .text.z_log_vprintk
                0x0000000000003070       0x20 zephyr/libzephyr.a(log_core.c.obj)
                0x0000000000003070                z_log_vprintk
 .text.log_core_init
                0x0000000000003090       0x50 zephyr/libzephyr.a(log_core.c.obj)
                0x0000000000003090                log_core_init
 .text.log_init
                0x00000000000030e0        0x8 zephyr/libzephyr.a(log_core.c.obj)
                0x00000000000030e0                log_init
 .text.dropped_notify
                0x00000000000030e8       0x40 zephyr/libzephyr.a(log_core.c.obj)
                0x00000000000030e8                dropped_notify
 .text.z_impl_log_process.part.0
                0x0000000000003128       0xe0 zephyr/libzephyr.a(log_core.c.obj)
 .text.z_log_msg_post_finalize
                0x0000000000003208       0x98 zephyr/libzephyr.a(log_core.c.obj)
 .text.z_impl_log_panic
                0x00000000000032a0       0x50 zephyr/libzephyr.a(log_core.c.obj)
                0x00000000000032a0                z_impl_log_panic
 .text.z_log_notify_backend_enabled
                0x00000000000032f0        0xc zephyr/libzephyr.a(log_core.c.obj)
                0x00000000000032f0                z_log_notify_backend_enabled
 .text.z_impl_log_process
                0x00000000000032fc       0x10 zephyr/libzephyr.a(log_core.c.obj)
                0x00000000000032fc                z_impl_log_process
 .text.z_log_dropped
                0x000000000000330c       0x30 zephyr/libzephyr.a(log_core.c.obj)
                0x000000000000330c                z_log_dropped
 .text.z_log_msg_alloc
                0x000000000000333c       0x10 zephyr/libzephyr.a(log_core.c.obj)
                0x000000000000333c                z_log_msg_alloc
 .text.z_log_msg_commit
                0x000000000000334c       0x28 zephyr/libzephyr.a(log_core.c.obj)
                0x000000000000334c                z_log_msg_commit
 .text.z_log_get_tag
                0x0000000000003374        0x4 zephyr/libzephyr.a(log_core.c.obj)
                0x0000000000003374                z_log_get_tag
 .text.log_source_name_get
                0x0000000000003378       0x1c zephyr/libzephyr.a(log_mgmt.c.obj)
                0x0000000000003378                log_source_name_get
 .text.log_backend_enable
                0x0000000000003394       0x30 zephyr/libzephyr.a(log_mgmt.c.obj)
                0x0000000000003394                log_backend_enable
 .text.z_cbprintf_cpy
                0x00000000000033c4       0x2c zephyr/libzephyr.a(log_msg.c.obj)
 .text.z_impl_z_log_msg_simple_create_0
                0x00000000000033f0       0x34 zephyr/libzephyr.a(log_msg.c.obj)
                0x00000000000033f0                z_impl_z_log_msg_simple_create_0
 .text.z_impl_z_log_msg_simple_create_1
                0x0000000000003424       0x38 zephyr/libzephyr.a(log_msg.c.obj)
                0x0000000000003424                z_impl_z_log_msg_simple_create_1
 .text.z_impl_z_log_msg_simple_create_2
                0x000000000000345c       0x40 zephyr/libzephyr.a(log_msg.c.obj)
                0x000000000000345c                z_impl_z_log_msg_simple_create_2
 .text.z_impl_z_log_msg_static_create
                0x000000000000349c      0x128 zephyr/libzephyr.a(log_msg.c.obj)
                0x000000000000349c                z_impl_z_log_msg_static_create
 .text.z_log_msg_runtime_vcreate
                0x00000000000035c4      0x11c zephyr/libzephyr.a(log_msg.c.obj)
                0x00000000000035c4                z_log_msg_runtime_vcreate
 .text.log_msg_get_source_id
                0x00000000000036e0       0x18 zephyr/libzephyr.a(log_msg.c.obj)
                0x00000000000036e0                log_msg_get_source_id
 .text.out_func
                0x00000000000036f8       0x50 zephyr/libzephyr.a(log_output.c.obj)
 .text.cr_out_func
                0x0000000000003748       0x28 zephyr/libzephyr.a(log_output.c.obj)
 .text.print_formatted
                0x0000000000003770       0x24 zephyr/libzephyr.a(log_output.c.obj)
 .text.log_output_process
                0x0000000000003794      0x394 zephyr/libzephyr.a(log_output.c.obj)
                0x0000000000003794                log_output_process
 .text.log_output_msg_process
                0x0000000000003b28       0x64 zephyr/libzephyr.a(log_output.c.obj)
                0x0000000000003b28                log_output_msg_process
 .text.log_output_dropped_process
                0x0000000000003b8c       0x7c zephyr/libzephyr.a(log_output.c.obj)
                0x0000000000003b8c                log_output_dropped_process
 .text.log_output_timestamp_freq_set
                0x0000000000003c08       0x38 zephyr/libzephyr.a(log_output.c.obj)
                0x0000000000003c08                log_output_timestamp_freq_set
 .text.char_out
                0x0000000000003c40       0x2c zephyr/libzephyr.a(log_backend_uart.c.obj)
 .text.format_set
                0x0000000000003c6c       0x10 zephyr/libzephyr.a(log_backend_uart.c.obj)
 .text.log_backend_uart_init
                0x0000000000003c7c        0xc zephyr/libzephyr.a(log_backend_uart.c.obj)
 .text.panic    0x0000000000003c88       0x3c zephyr/libzephyr.a(log_backend_uart.c.obj)
 .text.dropped  0x0000000000003cc4        0xc zephyr/libzephyr.a(log_backend_uart.c.obj)
 .text.process  0x0000000000003cd0       0x20 zephyr/libzephyr.a(log_backend_uart.c.obj)
 .text.mem_attr_get_regions
                0x0000000000003cf0       0x10 zephyr/libzephyr.a(mem_attr.c.obj)
                0x0000000000003cf0                mem_attr_get_regions
 .text.flash_area_open
                0x0000000000003d00       0x50 zephyr/libzephyr.a(flash_map.c.obj)
                0x0000000000003d00                flash_area_open
 .text.flash_area_close
                0x0000000000003d50        0x4 zephyr/libzephyr.a(flash_map.c.obj)
                0x0000000000003d50                flash_area_close
 .text.flash_area_read
                0x0000000000003d54       0x38 zephyr/libzephyr.a(flash_map.c.obj)
                0x0000000000003d54                flash_area_read
 .text.flash_area_write
                0x0000000000003d8c       0x38 zephyr/libzephyr.a(flash_map.c.obj)
                0x0000000000003d8c                flash_area_write
 .text.flash_area_erase
                0x0000000000003dc4       0x2c zephyr/libzephyr.a(flash_map.c.obj)
                0x0000000000003dc4                flash_area_erase
 .text.flash_area_align
                0x0000000000003df0       0x10 zephyr/libzephyr.a(flash_map.c.obj)
                0x0000000000003df0                flash_area_align
 .text.flash_area_erased_val
                0x0000000000003e00       0x10 zephyr/libzephyr.a(flash_map.c.obj)
                0x0000000000003e00                flash_area_erased_val
 .text.get_sectors_cb
                0x0000000000003e10       0x4c zephyr/libzephyr.a(flash_map_layout.c.obj)
 .text.flash_area_get_sectors
                0x0000000000003e5c       0x58 zephyr/libzephyr.a(flash_map_layout.c.obj)
                0x0000000000003e5c                flash_area_get_sectors
 .text.boot_banner
                0x0000000000003eb4       0x24 zephyr/libzephyr.a(banner.c.obj)
                0x0000000000003eb4                boot_banner
 .text.abort_function
                0x0000000000003ed8        0x8 zephyr/libzephyr.a(nrf_cc3xx_platform_abort_zephyr.c.obj)
 .text.nrf_cc3xx_platform_abort_init
                0x0000000000003ee0        0xc zephyr/libzephyr.a(nrf_cc3xx_platform_abort_zephyr.c.obj)
                0x0000000000003ee0                nrf_cc3xx_platform_abort_init
 .text.mutex_unlock_platform
                0x0000000000003eec       0x6c zephyr/libzephyr.a(nrf_cc3xx_platform_mutex_zephyr.c.obj)
 .text.mutex_lock_platform
                0x0000000000003f58       0x74 zephyr/libzephyr.a(nrf_cc3xx_platform_mutex_zephyr.c.obj)
 .text.mutex_free_platform
                0x0000000000003fcc       0x58 zephyr/libzephyr.a(nrf_cc3xx_platform_mutex_zephyr.c.obj)
 .text.mutex_init_platform
                0x0000000000004024       0xa8 zephyr/libzephyr.a(nrf_cc3xx_platform_mutex_zephyr.c.obj)
 .text.nrf_cc3xx_platform_mutex_init
                0x00000000000040cc       0x2c zephyr/libzephyr.a(nrf_cc3xx_platform_mutex_zephyr.c.obj)
                0x00000000000040cc                nrf_cc3xx_platform_mutex_init
 .text.z_arm_fatal_error
                0x00000000000040f8       0xc8 zephyr/arch/arch/arm/core/libarch__arm__core.a(fatal.c.obj)
                0x00000000000040f8                z_arm_fatal_error
 .text.z_do_kernel_oops
                0x00000000000041c0        0x8 zephyr/arch/arch/arm/core/libarch__arm__core.a(fatal.c.obj)
                0x00000000000041c0                z_do_kernel_oops
 .text.z_arm_nmi
                0x00000000000041c8       0x10 zephyr/arch/arch/arm/core/libarch__arm__core.a(nmi.c.obj)
                0x00000000000041c8                z_arm_nmi
 .text.z_SysNmiOnReset
                0x00000000000041d8        0x8 zephyr/arch/arch/arm/core/libarch__arm__core.a(nmi_on_reset.S.obj)
                0x00000000000041d8                z_SysNmiOnReset
 .text.arch_tls_stack_setup
                0x00000000000041e0       0x40 zephyr/arch/arch/arm/core/libarch__arm__core.a(tls.c.obj)
                0x00000000000041e0                arch_tls_stack_setup
 .text._HandlerModeExit
                0x0000000000004220       0x28 zephyr/arch/arch/arm/core/cortex_m/libarch__arm__core__cortex_m.a(exc_exit.c.obj)
                0x0000000000004220                z_arm_exc_exit
                0x0000000000004220                z_arm_int_exit
 .text.usage_fault.constprop.0
                0x0000000000004248      0x104 zephyr/arch/arch/arm/core/cortex_m/libarch__arm__core__cortex_m.a(fault.c.obj)
 .text.bus_fault.constprop.0
                0x000000000000434c       0xf0 zephyr/arch/arch/arm/core/cortex_m/libarch__arm__core__cortex_m.a(fault.c.obj)
 .text.mem_manage_fault.constprop.0
                0x000000000000443c      0x100 zephyr/arch/arch/arm/core/cortex_m/libarch__arm__core__cortex_m.a(fault.c.obj)
 .text.z_arm_fault
                0x000000000000453c      0x22c zephyr/arch/arch/arm/core/cortex_m/libarch__arm__core__cortex_m.a(fault.c.obj)
                0x000000000000453c                z_arm_fault
 .text.z_arm_fault_init
                0x0000000000004768       0x20 zephyr/arch/arch/arm/core/cortex_m/libarch__arm__core__cortex_m.a(fault.c.obj)
                0x0000000000004768                z_arm_fault_init
 .text.__fault  0x0000000000004788       0x14 zephyr/arch/arch/arm/core/cortex_m/libarch__arm__core__cortex_m.a(fault_s.S.obj)
                0x0000000000004788                z_arm_bus_fault
                0x0000000000004788                z_arm_usage_fault
                0x0000000000004788                z_arm_mpu_fault
                0x0000000000004788                z_arm_exc_spurious
                0x0000000000004788                z_arm_debug_monitor
                0x0000000000004788                z_arm_hard_fault
 .text._reset_section
                0x000000000000479c       0x60 zephyr/arch/arch/arm/core/cortex_m/libarch__arm__core__cortex_m.a(reset.S.obj)
                0x000000000000479c                z_arm_reset
                0x000000000000479c                __start
 .text.z_arm_clear_arm_mpu_config
                0x00000000000047fc       0x28 zephyr/arch/arch/arm/core/cortex_m/libarch__arm__core__cortex_m.a(scb.c.obj)
                0x00000000000047fc                z_arm_clear_arm_mpu_config
 .text.z_arm_init_arch_hw_at_boot
                0x0000000000004824       0x68 zephyr/arch/arch/arm/core/cortex_m/libarch__arm__core__cortex_m.a(scb.c.obj)
                0x0000000000004824                z_arm_init_arch_hw_at_boot
 .text.z_impl_k_thread_abort
                0x000000000000488c       0x34 zephyr/arch/arch/arm/core/cortex_m/libarch__arm__core__cortex_m.a(thread_abort.c.obj)
                0x000000000000488c                z_impl_k_thread_abort
 .text.z_arm_pendsv
                0x00000000000048c0       0x68 zephyr/arch/arch/arm/core/cortex_m/libarch__arm__core__cortex_m.a(swap_helper.S.obj)
                0x00000000000048c0                z_arm_pendsv
 .text.z_arm_svc
                0x0000000000004928       0x24 zephyr/arch/arch/arm/core/cortex_m/libarch__arm__core__cortex_m.a(swap_helper.S.obj)
                0x0000000000004928                z_arm_svc
 .text.arch_irq_enable
                0x000000000000494c       0x1c zephyr/arch/arch/arm/core/cortex_m/libarch__arm__core__cortex_m.a(irq_manage.c.obj)
                0x000000000000494c                arch_irq_enable
 .text.arch_irq_disable
                0x0000000000004968       0x28 zephyr/arch/arch/arm/core/cortex_m/libarch__arm__core__cortex_m.a(irq_manage.c.obj)
                0x0000000000004968                arch_irq_disable
 .text.arch_irq_is_enabled
                0x0000000000004990       0x1c zephyr/arch/arch/arm/core/cortex_m/libarch__arm__core__cortex_m.a(irq_manage.c.obj)
                0x0000000000004990                arch_irq_is_enabled
 .text.z_arm_irq_priority_set
                0x00000000000049ac       0x2c zephyr/arch/arch/arm/core/cortex_m/libarch__arm__core__cortex_m.a(irq_manage.c.obj)
                0x00000000000049ac                z_arm_irq_priority_set
 .text.z_irq_spurious
                0x00000000000049d8        0x8 zephyr/arch/arch/arm/core/cortex_m/libarch__arm__core__cortex_m.a(irq_manage.c.obj)
                0x00000000000049d8                z_irq_spurious
 .text.z_prep_c
                0x00000000000049e0       0x38 zephyr/arch/arch/arm/core/cortex_m/libarch__arm__core__cortex_m.a(prep_c.c.obj)
                0x00000000000049e0                z_prep_c
 .text.arch_new_thread
                0x0000000000004a18       0x3c zephyr/arch/arch/arm/core/cortex_m/libarch__arm__core__cortex_m.a(thread.c.obj)
                0x0000000000004a18                arch_new_thread
 .text.configure_builtin_stack_guard
                0x0000000000004a54        0x8 zephyr/arch/arch/arm/core/cortex_m/libarch__arm__core__cortex_m.a(thread.c.obj)
                0x0000000000004a54                configure_builtin_stack_guard
 .text.arch_switch_to_main_thread
                0x0000000000004a5c       0x40 zephyr/arch/arch/arm/core/cortex_m/libarch__arm__core__cortex_m.a(thread.c.obj)
                0x0000000000004a5c                arch_switch_to_main_thread
 .text.arch_irq_unlock_outlined
                0x0000000000004a9c       0x10 zephyr/arch/arch/arm/core/cortex_m/libarch__arm__core__cortex_m.a(thread.c.obj)
                0x0000000000004a9c                arch_irq_unlock_outlined
 .text.z_arm_cpu_idle_init
                0x0000000000004aac        0xc zephyr/arch/arch/arm/core/cortex_m/libarch__arm__core__cortex_m.a(cpu_idle.c.obj)
                0x0000000000004aac                z_arm_cpu_idle_init
 .text.arch_cpu_idle
                0x0000000000004ab8       0x34 zephyr/arch/arch/arm/core/cortex_m/libarch__arm__core__cortex_m.a(cpu_idle.c.obj)
                0x0000000000004ab8                arch_cpu_idle
 .text.arch_cpu_atomic_idle
                0x0000000000004aec       0x38 zephyr/arch/arch/arm/core/cortex_m/libarch__arm__core__cortex_m.a(cpu_idle.c.obj)
                0x0000000000004aec                arch_cpu_atomic_idle
 .text.z_arm_interrupt_init
                0x0000000000004b24       0x18 zephyr/arch/arch/arm/core/cortex_m/libarch__arm__core__cortex_m.a(irq_init.c.obj)
                0x0000000000004b24                z_arm_interrupt_init
 .text._isr_wrapper
                0x0000000000004b3c       0x24 zephyr/arch/arch/arm/core/cortex_m/libarch__arm__core__cortex_m.a(isr_wrapper.c.obj)
                0x0000000000004b3c                _isr_wrapper
 .text.arm_cmse_mpu_region_get
                0x0000000000004b60       0x14 zephyr/arch/arch/arm/core/cortex_m/cmse/libarch__arm__core__cortex_m__cmse.a(arm_core_cmse.c.obj)
                0x0000000000004b60                arm_cmse_mpu_region_get
 .text.z_arm_configure_static_mpu_regions
                0x0000000000004b74       0x3c zephyr/arch/arch/arm/core/mpu/libarch__arm__core__mpu.a(arm_core_mpu.c.obj)
                0x0000000000004b74                z_arm_configure_static_mpu_regions
 .text.region_allocate_and_init
                0x0000000000004bb0       0x64 zephyr/arch/arch/arm/core/mpu/libarch__arm__core__mpu.a(arm_mpu.c.obj)
 .text.mpu_configure_region
                0x0000000000004c14       0x6c zephyr/arch/arch/arm/core/mpu/libarch__arm__core__mpu.a(arm_mpu.c.obj)
 .text.mpu_configure_regions_and_partition.constprop.0
                0x0000000000004c80      0x184 zephyr/arch/arch/arm/core/mpu/libarch__arm__core__mpu.a(arm_mpu.c.obj)
 .text.arm_core_mpu_configure_static_mpu_regions
                0x0000000000004e04       0x14 zephyr/arch/arch/arm/core/mpu/libarch__arm__core__mpu.a(arm_mpu.c.obj)
                0x0000000000004e04                arm_core_mpu_configure_static_mpu_regions
 .text.arm_core_mpu_mark_areas_for_dynamic_regions
                0x0000000000004e18       0xb4 zephyr/arch/arch/arm/core/mpu/libarch__arm__core__mpu.a(arm_mpu.c.obj)
                0x0000000000004e18                arm_core_mpu_mark_areas_for_dynamic_regions
 .text.z_arm_mpu_init
                0x0000000000004ecc      0x18c zephyr/arch/arch/arm/core/mpu/libarch__arm__core__mpu.a(arm_mpu.c.obj)
                0x0000000000004ecc                z_arm_mpu_init
 .text.cbputc   0x0000000000005058        0xc zephyr/lib/libc/picolibc/liblib__libc__picolibc.a(cbprintf.c.obj)
 .text.cbvprintf
                0x0000000000005064       0x34 zephyr/lib/libc/picolibc/liblib__libc__picolibc.a(cbprintf.c.obj)
                0x0000000000005064                cbvprintf
 .text.picolibc_put
                0x0000000000005098       0x10 zephyr/lib/libc/picolibc/liblib__libc__picolibc.a(stdio.c.obj)
 .text.__stdout_hook_install
                0x00000000000050a8       0x18 zephyr/lib/libc/picolibc/liblib__libc__picolibc.a(stdio.c.obj)
                0x00000000000050a8                __stdout_hook_install
 .text.malloc_prepare
                0x00000000000050c0       0x24 zephyr/lib/libc/common/liblib__libc__common.a(malloc.c.obj)
 .text.rtc_pretick_init
                0x00000000000050e4       0x64 zephyr/soc/soc/nrf5340/libsoc__nordic.a(soc.c.obj)
 .text.nordicsemi_nrf53_init
                0x0000000000005148       0x9c zephyr/soc/soc/nrf5340/libsoc__nordic.a(soc.c.obj)
 .text.z_arm_on_enter_cpu_idle
                0x00000000000051e4       0x80 zephyr/soc/soc/nrf5340/libsoc__nordic.a(soc.c.obj)
                0x00000000000051e4                z_arm_on_enter_cpu_idle
 .text.arch_busy_wait
                0x0000000000005264       0x28 zephyr/soc/soc/nrf5340/libsoc__nordic.a(soc.c.obj)
                0x0000000000005264                arch_busy_wait
 .text.onoff_stop
                0x000000000000528c       0x14 zephyr/soc/soc/nrf5340/libsoc__nordic.a(nrf53_cpunet_mgmt.c.obj)
 .text.nrf53_cpunet_mgmt_init
                0x00000000000052a0       0x10 zephyr/soc/soc/nrf5340/libsoc__nordic.a(nrf53_cpunet_mgmt.c.obj)
 .text.onoff_start
                0x00000000000052b0       0x78 zephyr/soc/soc/nrf5340/libsoc__nordic.a(nrf53_cpunet_mgmt.c.obj)
 .text.sys_arch_reboot
                0x0000000000005328       0x24 zephyr/soc/soc/nrf5340/libsoc__nordic.a(reboot.c.obj)
                0x0000000000005328                sys_arch_reboot
 .text.get_status
                0x000000000000534c       0x14 zephyr/drivers/clock_control/libdrivers__clock_control.a(clock_control_nrf.c.obj)
 .text.onoff_stop
                0x0000000000005360       0x78 zephyr/drivers/clock_control/libdrivers__clock_control.a(clock_control_nrf.c.obj)
 .text.onoff_started_callback
                0x00000000000053d8       0x14 zephyr/drivers/clock_control/libdrivers__clock_control.a(clock_control_nrf.c.obj)
 .text.hfclkaudio_start
                0x00000000000053ec        0x8 zephyr/drivers/clock_control/libdrivers__clock_control.a(clock_control_nrf.c.obj)
 .text.hfclk192m_start
                0x00000000000053f4        0x8 zephyr/drivers/clock_control/libdrivers__clock_control.a(clock_control_nrf.c.obj)
 .text.lfclk_start
                0x00000000000053fc        0x8 zephyr/drivers/clock_control/libdrivers__clock_control.a(clock_control_nrf.c.obj)
 .text.generic_hfclk_stop
                0x0000000000005404       0x3c zephyr/drivers/clock_control/libdrivers__clock_control.a(clock_control_nrf.c.obj)
 .text.hfclkaudio_stop
                0x0000000000005440        0x8 zephyr/drivers/clock_control/libdrivers__clock_control.a(clock_control_nrf.c.obj)
 .text.hfclk192m_stop
                0x0000000000005448        0x8 zephyr/drivers/clock_control/libdrivers__clock_control.a(clock_control_nrf.c.obj)
 .text.lfclk_stop
                0x0000000000005450        0x8 zephyr/drivers/clock_control/libdrivers__clock_control.a(clock_control_nrf.c.obj)
 .text.blocking_start_callback
                0x0000000000005458        0x8 zephyr/drivers/clock_control/libdrivers__clock_control.a(clock_control_nrf.c.obj)
 .text.api_blocking_start
                0x0000000000005460       0x8c zephyr/drivers/clock_control/libdrivers__clock_control.a(clock_control_nrf.c.obj)
 .text.clk_init
                0x00000000000054ec       0x68 zephyr/drivers/clock_control/libdrivers__clock_control.a(clock_control_nrf.c.obj)
 .text.clkstarted_handle.constprop.0
                0x0000000000005554       0x50 zephyr/drivers/clock_control/libdrivers__clock_control.a(clock_control_nrf.c.obj)
 .text.clock_event_handler
                0x00000000000055a4       0x34 zephyr/drivers/clock_control/libdrivers__clock_control.a(clock_control_nrf.c.obj)
 .text.generic_hfclk_start
                0x00000000000055d8       0x78 zephyr/drivers/clock_control/libdrivers__clock_control.a(clock_control_nrf.c.obj)
 .text.api_stop
                0x0000000000005650       0x4c zephyr/drivers/clock_control/libdrivers__clock_control.a(clock_control_nrf.c.obj)
 .text.api_start
                0x000000000000569c       0x60 zephyr/drivers/clock_control/libdrivers__clock_control.a(clock_control_nrf.c.obj)
 .text.onoff_start
                0x00000000000056fc       0x84 zephyr/drivers/clock_control/libdrivers__clock_control.a(clock_control_nrf.c.obj)
 .text.z_nrf_clock_control_lf_on
                0x0000000000005780      0x108 zephyr/drivers/clock_control/libdrivers__clock_control.a(clock_control_nrf.c.obj)
                0x0000000000005780                z_nrf_clock_control_lf_on
 .text.console_out
                0x0000000000005888       0x2c zephyr/drivers/console/libdrivers__console.a(uart_console.c.obj)
 .text.uart_console_init
                0x00000000000058b4       0x28 zephyr/drivers/console/libdrivers__console.a(uart_console.c.obj)
 .text.flash_page_foreach
                0x00000000000058dc       0x64 zephyr/drivers/flash/libdrivers__flash.a(flash_page_layout.c.obj)
                0x00000000000058dc                flash_page_foreach
 .text.qspi_nor_pages_layout
                0x0000000000005940       0x10 zephyr/drivers/flash/libdrivers__flash.a(nrf_qspi_nor.c.obj)
 .text.qspi_flash_get_parameters
                0x0000000000005950        0x8 zephyr/drivers/flash/libdrivers__flash.a(nrf_qspi_nor.c.obj)
 .text.qspi_nor_get_size
                0x0000000000005958       0x10 zephyr/drivers/flash/libdrivers__flash.a(nrf_qspi_nor.c.obj)
                0x0000000000005958                qspi_nor_get_size
 .text.qspi_acquire.part.0
                0x0000000000005968       0x10 zephyr/drivers/flash/libdrivers__flash.a(nrf_qspi_nor.c.obj)
 .text.qspi_handler
                0x0000000000005978        0xc zephyr/drivers/flash/libdrivers__flash.a(nrf_qspi_nor.c.obj)
 .text.qspi_send_cmd.constprop.0
                0x0000000000005984       0xcc zephyr/drivers/flash/libdrivers__flash.a(nrf_qspi_nor.c.obj)
 .text.qspi_wait_while_writing.isra.0
                0x0000000000005a50       0x60 zephyr/drivers/flash/libdrivers__flash.a(nrf_qspi_nor.c.obj)
 .text.qspi_nor_erase
                0x0000000000005ab0      0x228 zephyr/drivers/flash/libdrivers__flash.a(nrf_qspi_nor.c.obj)
 .text.qspi_nor_read
                0x0000000000005cd8      0x220 zephyr/drivers/flash/libdrivers__flash.a(nrf_qspi_nor.c.obj)
 .text.qspi_nor_init
                0x0000000000005ef8      0x340 zephyr/drivers/flash/libdrivers__flash.a(nrf_qspi_nor.c.obj)
 .text.qspi_nor_write
                0x0000000000006238      0x234 zephyr/drivers/flash/libdrivers__flash.a(nrf_qspi_nor.c.obj)
 .text.flash_nrf_pages_layout
                0x000000000000646c       0x10 zephyr/drivers/flash/libdrivers__flash.a(soc_flash_nrf.c.obj)
 .text.flash_nrf_get_parameters
                0x000000000000647c        0x8 zephyr/drivers/flash/libdrivers__flash.a(soc_flash_nrf.c.obj)
 .text.flash_nrf_get_size
                0x0000000000006484       0x14 zephyr/drivers/flash/libdrivers__flash.a(soc_flash_nrf.c.obj)
 .text.flash_nrf_write
                0x0000000000006498       0x9c zephyr/drivers/flash/libdrivers__flash.a(soc_flash_nrf.c.obj)
 .text.nrf_flash_init
                0x0000000000006534       0x28 zephyr/drivers/flash/libdrivers__flash.a(soc_flash_nrf.c.obj)
 .text.flash_nrf_read.part.0
                0x000000000000655c       0x24 zephyr/drivers/flash/libdrivers__flash.a(soc_flash_nrf.c.obj)
 .text.flash_nrf_read
                0x0000000000006580       0x38 zephyr/drivers/flash/libdrivers__flash.a(soc_flash_nrf.c.obj)
 .text.flash_nrf_erase
                0x00000000000065b8       0x9c zephyr/drivers/flash/libdrivers__flash.a(soc_flash_nrf.c.obj)
 .text.flash_sim_write
                0x0000000000006654       0x4c zephyr/drivers/flash/libdrivers__flash.a(flash_simulator.c.obj)
 .text.flash_sim_page_layout
                0x00000000000066a0       0x10 zephyr/drivers/flash/libdrivers__flash.a(flash_simulator.c.obj)
 .text.flash_sim_get_size
                0x00000000000066b0       0x10 zephyr/drivers/flash/libdrivers__flash.a(flash_simulator.c.obj)
 .text.flash_sim_get_parameters
                0x00000000000066c0        0x8 zephyr/drivers/flash/libdrivers__flash.a(flash_simulator.c.obj)
 .text.flash_init
                0x00000000000066c8       0x18 zephyr/drivers/flash/libdrivers__flash.a(flash_simulator.c.obj)
 .text.flash_sim_read
                0x00000000000066e0       0x3c zephyr/drivers/flash/libdrivers__flash.a(flash_simulator.c.obj)
 .text.flash_sim_erase
                0x000000000000671c       0x54 zephyr/drivers/flash/libdrivers__flash.a(flash_simulator.c.obj)
 .text.z_impl_flash_simulator_get_memory
                0x0000000000006770       0x10 zephyr/drivers/flash/libdrivers__flash.a(flash_simulator.c.obj)
                0x0000000000006770                z_impl_flash_simulator_get_memory
 .text.gpio_nrfx_port_get_raw
                0x0000000000006780       0x10 zephyr/drivers/gpio/libdrivers__gpio.a(gpio_nrfx.c.obj)
 .text.gpio_nrfx_port_set_masked_raw
                0x0000000000006790       0x1c zephyr/drivers/gpio/libdrivers__gpio.a(gpio_nrfx.c.obj)
 .text.gpio_nrfx_port_set_bits_raw
                0x00000000000067ac        0xc zephyr/drivers/gpio/libdrivers__gpio.a(gpio_nrfx.c.obj)
 .text.gpio_nrfx_port_clear_bits_raw
                0x00000000000067b8        0xc zephyr/drivers/gpio/libdrivers__gpio.a(gpio_nrfx.c.obj)
 .text.gpio_nrfx_port_toggle_bits
                0x00000000000067c4       0x1c zephyr/drivers/gpio/libdrivers__gpio.a(gpio_nrfx.c.obj)
 .text.gpio_nrfx_manage_callback
                0x00000000000067e0       0x60 zephyr/drivers/gpio/libdrivers__gpio.a(gpio_nrfx.c.obj)
 .text.gpio_nrfx_pin_interrupt_configure
                0x0000000000006840      0x118 zephyr/drivers/gpio/libdrivers__gpio.a(gpio_nrfx.c.obj)
 .text.gpio_nrfx_init
                0x0000000000006958       0x4c zephyr/drivers/gpio/libdrivers__gpio.a(gpio_nrfx.c.obj)
 .text.gpio_nrfx_pin_configure
                0x00000000000069a4      0x1a4 zephyr/drivers/gpio/libdrivers__gpio.a(gpio_nrfx.c.obj)
 .text.nrfx_gpio_handler
                0x0000000000006b48       0x50 zephyr/drivers/gpio/libdrivers__gpio.a(gpio_nrfx.c.obj)
 .text.pinctrl_lookup_state
                0x0000000000006b98       0x54 zephyr/drivers/pinctrl/libdrivers__pinctrl.a(common.c.obj)
                0x0000000000006b98                pinctrl_lookup_state
 .text.pinctrl_configure_pins
                0x0000000000006bec      0x374 zephyr/drivers/pinctrl/libdrivers__pinctrl.a(pinctrl_nrf.c.obj)
                0x0000000000006bec                pinctrl_configure_pins
 .text.uarte_nrfx_err_check
                0x0000000000006f60       0x10 zephyr/drivers/serial/libdrivers__serial.a(uart_nrfx_uarte.c.obj)
 .text.uarte_nrfx_poll_in
                0x0000000000006f70       0x2c zephyr/drivers/serial/libdrivers__serial.a(uart_nrfx_uarte.c.obj)
 .text.uarte_nrfx_isr_int
                0x0000000000006f9c       0x48 zephyr/drivers/serial/libdrivers__serial.a(uart_nrfx_uarte.c.obj)
 .text.uarte_0_init
                0x0000000000006fe4      0x12c zephyr/drivers/serial/libdrivers__serial.a(uart_nrfx_uarte.c.obj)
 .text.uarte_nrfx_poll_out
                0x0000000000007110      0x104 zephyr/drivers/serial/libdrivers__serial.a(uart_nrfx_uarte.c.obj)
 .text.sys_clock_timeout_handler
                0x0000000000007214       0x4c zephyr/drivers/timer/libdrivers__timer.a(nrf_rtc_timer.c.obj)
 .text.compare_set
                0x0000000000007260      0x210 zephyr/drivers/timer/libdrivers__timer.a(nrf_rtc_timer.c.obj)
 .text.sys_clock_driver_init
                0x0000000000007470       0x94 zephyr/drivers/timer/libdrivers__timer.a(nrf_rtc_timer.c.obj)
 .text.rtc_nrf_isr
                0x0000000000007504      0x11c zephyr/drivers/timer/libdrivers__timer.a(nrf_rtc_timer.c.obj)
                0x0000000000007504                rtc_nrf_isr
 .text.sys_clock_set_timeout
                0x0000000000007620       0x98 zephyr/drivers/timer/libdrivers__timer.a(nrf_rtc_timer.c.obj)
                0x0000000000007620                sys_clock_set_timeout
 .text.sys_clock_elapsed
                0x00000000000076b8       0x54 zephyr/drivers/timer/libdrivers__timer.a(nrf_rtc_timer.c.obj)
                0x00000000000076b8                sys_clock_elapsed
 .text.sys_clock_cycle_get_32
                0x000000000000770c       0x44 zephyr/drivers/timer/libdrivers__timer.a(nrf_rtc_timer.c.obj)
                0x000000000000770c                sys_clock_cycle_get_32
 .text.sys_clock_disable
                0x0000000000007750       0x30 zephyr/drivers/timer/libdrivers__timer.a(nrf_rtc_timer.c.obj)
                0x0000000000007750                sys_clock_disable
 .text.network_core_finished_check_handler
                0x0000000000007780       0x2c modules/nrf/subsys/pcd/lib..__nrf__subsys__pcd.a(pcd.c.obj)
 .text.network_core_pcd_cmdset.constprop.0
                0x00000000000077ac      0x134 modules/nrf/subsys/pcd/lib..__nrf__subsys__pcd.a(pcd.c.obj)
 .text.pcd_network_core_update_initiate
                0x00000000000078e0       0x48 modules/nrf/subsys/pcd/lib..__nrf__subsys__pcd.a(pcd.c.obj)
                0x00000000000078e0                pcd_network_core_update_initiate
 .text.pcd_network_core_update
                0x0000000000007928       0x18 modules/nrf/subsys/pcd/lib..__nrf__subsys__pcd.a(pcd.c.obj)
                0x0000000000007928                pcd_network_core_update
 .text.boot_read_image_header_hook
                0x0000000000007940       0x70 modules/nrf/modules/mcuboot/hooks/lib..__nrf__modules__mcuboot__hooks.a(nrf53_hooks.c.obj)
                0x0000000000007940                boot_read_image_header_hook
 .text.boot_image_check_hook
                0x00000000000079b0       0x1c modules/nrf/modules/mcuboot/hooks/lib..__nrf__modules__mcuboot__hooks.a(nrf53_hooks.c.obj)
                0x00000000000079b0                boot_image_check_hook
 .text.boot_perform_update_hook
                0x00000000000079cc        0x4 modules/nrf/modules/mcuboot/hooks/lib..__nrf__modules__mcuboot__hooks.a(nrf53_hooks.c.obj)
                0x00000000000079cc                boot_perform_update_hook
 .text.boot_read_swap_state_primary_slot_hook
                0x00000000000079d0       0x18 modules/nrf/modules/mcuboot/hooks/lib..__nrf__modules__mcuboot__hooks.a(nrf53_hooks.c.obj)
                0x00000000000079d0                boot_read_swap_state_primary_slot_hook
 .text.network_core_update
                0x00000000000079e8       0x54 modules/nrf/modules/mcuboot/hooks/lib..__nrf__modules__mcuboot__hooks.a(nrf53_hooks.c.obj)
                0x00000000000079e8                network_core_update
 .text.boot_copy_region_post_hook
                0x0000000000007a3c        0xc modules/nrf/modules/mcuboot/hooks/lib..__nrf__modules__mcuboot__hooks.a(nrf53_hooks.c.obj)
                0x0000000000007a3c                boot_copy_region_post_hook
 .text.hw_cc3xx_init_internal
                0x0000000000007a48        0x4 modules/nrf/drivers/hw_cc3xx/lib..__nrf__drivers__hw_cc3xx.a(hw_cc3xx.c.obj)
 .text.hw_cc3xx_init
                0x0000000000007a4c       0x14 modules/nrf/drivers/hw_cc3xx/lib..__nrf__drivers__hw_cc3xx.a(hw_cc3xx.c.obj)
 .text.boot_swap_info_off
                0x0000000000007a60        0xc modules/mcuboot/boot/bootutil/zephyr/libmcuboot_util.a(bootutil_public.c.obj)
                0x0000000000007a60                boot_swap_info_off
 .text.boot_write_magic
                0x0000000000007a6c       0x38 modules/mcuboot/boot/bootutil/zephyr/libmcuboot_util.a(bootutil_public.c.obj)
                0x0000000000007a6c                boot_write_magic
 .text.boot_read_image_ok
                0x0000000000007aa4       0x40 modules/mcuboot/boot/bootutil/zephyr/libmcuboot_util.a(bootutil_public.c.obj)
                0x0000000000007aa4                boot_read_image_ok
 .text.boot_read_swap_state
                0x0000000000007ae4       0xf4 modules/mcuboot/boot/bootutil/zephyr/libmcuboot_util.a(bootutil_public.c.obj)
                0x0000000000007ae4                boot_read_swap_state
 .text.boot_swap_type_multi
                0x0000000000007bd8      0x198 modules/mcuboot/boot/bootutil/zephyr/libmcuboot_util.a(bootutil_public.c.obj)
                0x0000000000007bd8                boot_swap_type_multi
 .text.mbedtls_asn1_get_len
                0x0000000000007d70       0x78 modules/mbedtls/libmbedTLSBase.a(asn1parse.c.obj)
                0x0000000000007d70                mbedtls_asn1_get_len
 .text.mbedtls_asn1_get_tag
                0x0000000000007de8       0x94 modules/mbedtls/libmbedTLSBase.a(asn1parse.c.obj)
                0x0000000000007de8                mbedtls_asn1_get_tag
 .text.mbedtls_asn1_get_mpi
                0x0000000000007e7c       0x48 modules/mbedtls/libmbedTLSBase.a(asn1parse.c.obj)
                0x0000000000007e7c                mbedtls_asn1_get_mpi
 .text.mbedtls_mpi_core_bitlen
                0x0000000000007ec4       0x28 modules/mbedtls/libmbedTLSBase.a(bignum_core.c.obj)
                0x0000000000007ec4                mbedtls_mpi_core_bitlen
 .text.mbedtls_mpi_core_read_be
                0x0000000000007eec       0x5c modules/mbedtls/libmbedTLSBase.a(bignum_core.c.obj)
                0x0000000000007eec                mbedtls_mpi_core_read_be
 .text.mbedtls_mpi_core_write_be
                0x0000000000007f48       0x80 modules/mbedtls/libmbedTLSBase.a(bignum_core.c.obj)
                0x0000000000007f48                mbedtls_mpi_core_write_be
 .text.mbedtls_mpi_core_shift_r
                0x0000000000007fc8       0x9c modules/mbedtls/libmbedTLSBase.a(bignum_core.c.obj)
                0x0000000000007fc8                mbedtls_mpi_core_shift_r
 .text.mbedtls_mpi_core_shift_l
                0x0000000000008064       0x7c modules/mbedtls/libmbedTLSBase.a(bignum_core.c.obj)
                0x0000000000008064                mbedtls_mpi_core_shift_l
 .text.mbedtls_mpi_core_add
                0x00000000000080e0       0x3c modules/mbedtls/libmbedTLSBase.a(bignum_core.c.obj)
                0x00000000000080e0                mbedtls_mpi_core_add
 .text.mbedtls_mpi_core_sub
                0x000000000000811c       0x44 modules/mbedtls/libmbedTLSBase.a(bignum_core.c.obj)
                0x000000000000811c                mbedtls_mpi_core_sub
 .text.mbedtls_mpi_core_mla
                0x0000000000008160      0x194 modules/mbedtls/libmbedTLSBase.a(bignum_core.c.obj)
                0x0000000000008160                mbedtls_mpi_core_mla
 .text.mbedtls_mpi_core_montmul_init
                0x00000000000082f4       0x30 modules/mbedtls/libmbedTLSBase.a(bignum_core.c.obj)
                0x00000000000082f4                mbedtls_mpi_core_montmul_init
 .text.mbedtls_mpi_core_montmul
                0x0000000000008324       0xe8 modules/mbedtls/libmbedTLSBase.a(bignum_core.c.obj)
                0x0000000000008324                mbedtls_mpi_core_montmul
 .text.mbedtls_mpi_core_exp_mod_optionally_safe
                0x000000000000840c      0x2a0 modules/mbedtls/libmbedTLSBase.a(bignum_core.c.obj)
 .text.mbedtls_mpi_core_get_mont_r2_unsafe
                0x00000000000086ac       0x38 modules/mbedtls/libmbedTLSBase.a(bignum_core.c.obj)
                0x00000000000086ac                mbedtls_mpi_core_get_mont_r2_unsafe
 .text.mbedtls_mpi_core_exp_mod_working_limbs
                0x00000000000086e4       0x14 modules/mbedtls/libmbedTLSBase.a(bignum_core.c.obj)
                0x00000000000086e4                mbedtls_mpi_core_exp_mod_working_limbs
 .text.mbedtls_mpi_core_exp_mod
                0x00000000000086f8       0x2c modules/mbedtls/libmbedTLSBase.a(bignum_core.c.obj)
                0x00000000000086f8                mbedtls_mpi_core_exp_mod
 .text.mbedtls_mpi_core_exp_mod_unsafe
                0x0000000000008724       0x30 modules/mbedtls/libmbedTLSBase.a(bignum_core.c.obj)
                0x0000000000008724                mbedtls_mpi_core_exp_mod_unsafe
 .text.mbedtls_mpi_core_sub_int
                0x0000000000008754       0x28 modules/mbedtls/libmbedTLSBase.a(bignum_core.c.obj)
                0x0000000000008754                mbedtls_mpi_core_sub_int
 .text.mbedtls_mpi_core_check_zero_ct
                0x000000000000877c       0x2c modules/mbedtls/libmbedTLSBase.a(bignum_core.c.obj)
                0x000000000000877c                mbedtls_mpi_core_check_zero_ct
 .text.mbedtls_mpi_core_to_mont_rep
                0x00000000000087a8       0x24 modules/mbedtls/libmbedTLSBase.a(bignum_core.c.obj)
                0x00000000000087a8                mbedtls_mpi_core_to_mont_rep
 .text.mbedtls_mpi_core_from_mont_rep
                0x00000000000087cc       0x24 modules/mbedtls/libmbedTLSBase.a(bignum_core.c.obj)
                0x00000000000087cc                mbedtls_mpi_core_from_mont_rep
 .text.mbedtls_mpi_init
                0x00000000000087f0        0xc modules/mbedtls/libmbedTLSBase.a(bignum.c.obj)
                0x00000000000087f0                mbedtls_mpi_init
 .text.mbedtls_mpi_free
                0x00000000000087fc       0x20 modules/mbedtls/libmbedTLSBase.a(bignum.c.obj)
                0x00000000000087fc                mbedtls_mpi_free
 .text.mbedtls_mpi_grow
                0x000000000000881c       0x4c modules/mbedtls/libmbedTLSBase.a(bignum.c.obj)
                0x000000000000881c                mbedtls_mpi_grow
 .text.mbedtls_mpi_resize_clear
                0x0000000000008868       0x58 modules/mbedtls/libmbedTLSBase.a(bignum.c.obj)
 .text.mbedtls_mpi_shrink
                0x00000000000088c0       0x78 modules/mbedtls/libmbedTLSBase.a(bignum.c.obj)
                0x00000000000088c0                mbedtls_mpi_shrink
 .text.mbedtls_mpi_copy
                0x0000000000008938       0x7c modules/mbedtls/libmbedTLSBase.a(bignum.c.obj)
                0x0000000000008938                mbedtls_mpi_copy
 .text.mbedtls_mpi_lset
                0x00000000000089b4       0x64 modules/mbedtls/libmbedTLSBase.a(bignum.c.obj)
                0x00000000000089b4                mbedtls_mpi_lset
 .text.mbedtls_mpi_get_bit
                0x0000000000008a18       0x20 modules/mbedtls/libmbedTLSBase.a(bignum.c.obj)
                0x0000000000008a18                mbedtls_mpi_get_bit
 .text.mbedtls_mpi_bitlen
                0x0000000000008a38        0x8 modules/mbedtls/libmbedTLSBase.a(bignum.c.obj)
                0x0000000000008a38                mbedtls_mpi_bitlen
 .text.mbedtls_mpi_size
                0x0000000000008a40       0x10 modules/mbedtls/libmbedTLSBase.a(bignum.c.obj)
                0x0000000000008a40                mbedtls_mpi_size
 .text.mbedtls_mpi_read_binary
                0x0000000000008a50       0x2c modules/mbedtls/libmbedTLSBase.a(bignum.c.obj)
                0x0000000000008a50                mbedtls_mpi_read_binary
 .text.mbedtls_mpi_write_binary
                0x0000000000008a7c        0xc modules/mbedtls/libmbedTLSBase.a(bignum.c.obj)
                0x0000000000008a7c                mbedtls_mpi_write_binary
 .text.mbedtls_mpi_shift_l
                0x0000000000008a88       0x3c modules/mbedtls/libmbedTLSBase.a(bignum.c.obj)
                0x0000000000008a88                mbedtls_mpi_shift_l
 .text.mbedtls_mpi_cmp_abs
                0x0000000000008ac4       0x7c modules/mbedtls/libmbedTLSBase.a(bignum.c.obj)
                0x0000000000008ac4                mbedtls_mpi_cmp_abs
 .text.mbedtls_mpi_cmp_mpi
                0x0000000000008b40       0xa8 modules/mbedtls/libmbedTLSBase.a(bignum.c.obj)
                0x0000000000008b40                mbedtls_mpi_cmp_mpi
 .text.mbedtls_mpi_cmp_int
                0x0000000000008be8       0x34 modules/mbedtls/libmbedTLSBase.a(bignum.c.obj)
                0x0000000000008be8                mbedtls_mpi_cmp_int
 .text.mbedtls_mpi_add_abs
                0x0000000000008c1c       0x88 modules/mbedtls/libmbedTLSBase.a(bignum.c.obj)
                0x0000000000008c1c                mbedtls_mpi_add_abs
 .text.mbedtls_mpi_sub_abs
                0x0000000000008ca4       0xa0 modules/mbedtls/libmbedTLSBase.a(bignum.c.obj)
                0x0000000000008ca4                mbedtls_mpi_sub_abs
 .text.add_sub_mpi
                0x0000000000008d44       0x6c modules/mbedtls/libmbedTLSBase.a(bignum.c.obj)
 .text.mbedtls_mpi_mul_int
                0x0000000000008db0       0x8c modules/mbedtls/libmbedTLSBase.a(bignum.c.obj)
                0x0000000000008db0                mbedtls_mpi_mul_int
 .text.mbedtls_mpi_div_mpi
                0x0000000000008e3c      0x420 modules/mbedtls/libmbedTLSBase.a(bignum.c.obj)
                0x0000000000008e3c                mbedtls_mpi_div_mpi
 .text.mbedtls_mpi_mod_mpi
                0x000000000000925c       0x98 modules/mbedtls/libmbedTLSBase.a(bignum.c.obj)
                0x000000000000925c                mbedtls_mpi_mod_mpi
 .text.mbedtls_mpi_exp_mod_optionally_safe
                0x00000000000092f4      0x24c modules/mbedtls/libmbedTLSBase.a(bignum.c.obj)
 .text.mbedtls_mpi_exp_mod_unsafe
                0x0000000000009540       0x18 modules/mbedtls/libmbedTLSBase.a(bignum.c.obj)
                0x0000000000009540                mbedtls_mpi_exp_mod_unsafe
 .text.mbedtls_ct_memcpy_if
                0x0000000000009558       0x7c modules/mbedtls/libmbedTLSBase.a(constant_time.c.obj)
                0x0000000000009558                mbedtls_ct_memcpy_if
 .text.mbedtls_md_info_from_type
                0x00000000000095d4       0x10 modules/mbedtls/libmbedTLSBase.a(md.c.obj)
                0x00000000000095d4                mbedtls_md_info_from_type
 .text.verify_header
                0x00000000000095e4       0x44 modules/mbedtls/libmbedTLSBase.a(memory_buffer_alloc.c.obj)
 .text.verify_chain
                0x0000000000009628       0x68 modules/mbedtls/libmbedTLSBase.a(memory_buffer_alloc.c.obj)
 .text.buffer_alloc_free
                0x0000000000009690      0x120 modules/mbedtls/libmbedTLSBase.a(memory_buffer_alloc.c.obj)
 .text.buffer_alloc_calloc
                0x00000000000097b0      0x114 modules/mbedtls/libmbedTLSBase.a(memory_buffer_alloc.c.obj)
 .text.mbedtls_memory_buffer_alloc_init
                0x00000000000098c4       0x6c modules/mbedtls/libmbedTLSBase.a(memory_buffer_alloc.c.obj)
                0x00000000000098c4                mbedtls_memory_buffer_alloc_init
 .text.mbedtls_platform_zeroize
                0x0000000000009930       0x18 modules/mbedtls/libmbedTLSBase.a(platform_util.c.obj)
                0x0000000000009930                mbedtls_platform_zeroize
 .text.mbedtls_zeroize_and_free
                0x0000000000009948       0x20 modules/mbedtls/libmbedTLSBase.a(platform_util.c.obj)
                0x0000000000009948                mbedtls_zeroize_and_free
 .text.platform_calloc_uninit
                0x0000000000009968        0x4 modules/mbedtls/libmbedTLSBase.a(platform.c.obj)
 .text.platform_exit_uninit
                0x000000000000996c        0x4 modules/mbedtls/libmbedTLSBase.a(platform.c.obj)
 .text.platform_free_uninit
                0x0000000000009970        0x4 modules/mbedtls/libmbedTLSBase.a(platform.c.obj)
 .text.mbedtls_calloc
                0x0000000000009974        0xc modules/mbedtls/libmbedTLSBase.a(platform.c.obj)
                0x0000000000009974                mbedtls_calloc
 .text.mbedtls_free
                0x0000000000009980        0xc modules/mbedtls/libmbedTLSBase.a(platform.c.obj)
                0x0000000000009980                mbedtls_free
 .text.mbedtls_platform_set_calloc_free
                0x000000000000998c       0x1c modules/mbedtls/libmbedTLSBase.a(platform.c.obj)
                0x000000000000998c                mbedtls_platform_set_calloc_free
 .text.mbedtls_rsa_free.part.0
                0x00000000000099a8       0x70 modules/mbedtls/libmbedTLSBase.a(rsa.c.obj)
 .text.rsa_check_context.constprop.0
                0x0000000000009a18       0xbc modules/mbedtls/libmbedTLSBase.a(rsa.c.obj)
 .text.mbedtls_rsa_import
                0x0000000000009ad4       0x68 modules/mbedtls/libmbedTLSBase.a(rsa.c.obj)
                0x0000000000009ad4                mbedtls_rsa_import
 .text.mbedtls_rsa_init
                0x0000000000009b3c        0x8 modules/mbedtls/libmbedTLSBase.a(rsa.c.obj)
                0x0000000000009b3c                mbedtls_rsa_init
 .text.mbedtls_rsa_set_padding
                0x0000000000009b44       0x30 modules/mbedtls/libmbedTLSBase.a(rsa.c.obj)
                0x0000000000009b44                mbedtls_rsa_set_padding
 .text.mbedtls_rsa_get_len
                0x0000000000009b74        0x4 modules/mbedtls/libmbedTLSBase.a(rsa.c.obj)
                0x0000000000009b74                mbedtls_rsa_get_len
 .text.mbedtls_rsa_check_pubkey
                0x0000000000009b78       0x4c modules/mbedtls/libmbedTLSBase.a(rsa.c.obj)
                0x0000000000009b78                mbedtls_rsa_check_pubkey
 .text.mbedtls_rsa_public
                0x0000000000009bc4       0x9c modules/mbedtls/libmbedTLSBase.a(rsa.c.obj)
                0x0000000000009bc4                mbedtls_rsa_public
 .text.mbedtls_rsa_free
                0x0000000000009c60        0x8 modules/mbedtls/libmbedTLSBase.a(rsa.c.obj)
                0x0000000000009c60                mbedtls_rsa_free
 .text.mbedtls_sha256_init
                0x0000000000009c68        0x8 modules/mbedtls/libmbedTLSBase.a(sha256.c.obj)
                0x0000000000009c68                mbedtls_sha256_init
 .text.mbedtls_sha256_free
                0x0000000000009c70        0xc modules/mbedtls/libmbedTLSBase.a(sha256.c.obj)
                0x0000000000009c70                mbedtls_sha256_free
 .text.mbedtls_sha256_starts
                0x0000000000009c7c       0x58 modules/mbedtls/libmbedTLSBase.a(sha256.c.obj)
                0x0000000000009c7c                mbedtls_sha256_starts
 .text.mbedtls_internal_sha256_process
                0x0000000000009cd4      0x148 modules/mbedtls/libmbedTLSBase.a(sha256.c.obj)
                0x0000000000009cd4                mbedtls_internal_sha256_process
 .text.mbedtls_sha256_update
                0x0000000000009e1c       0xb0 modules/mbedtls/libmbedTLSBase.a(sha256.c.obj)
                0x0000000000009e1c                mbedtls_sha256_update
 .text.mbedtls_sha256_finish
                0x0000000000009ecc       0xa4 modules/mbedtls/libmbedTLSBase.a(sha256.c.obj)
                0x0000000000009ecc                mbedtls_sha256_finish
 .text._mbedtls_init
                0x0000000000009f70        0x4 modules/mbedtls/libmbedTLSBase.a(zephyr_init.c.obj)
 .text.SystemInit
                0x0000000000009f74      0x294 modules/hal_nordic/modules/hal_nordic/nrfx/libmodules__hal_nordic__nrfx.a(system_nrf5340_application.c.obj)
                0x0000000000009f74                SystemInit
 .text.nrfx_isr
                0x000000000000a208        0x4 modules/hal_nordic/modules/hal_nordic/nrfx/libmodules__hal_nordic__nrfx.a(nrfx_glue.c.obj)
                0x000000000000a208                nrfx_isr
 .text.nrfx_busy_wait
                0x000000000000a20c        0x4 modules/hal_nordic/modules/hal_nordic/nrfx/libmodules__hal_nordic__nrfx.a(nrfx_glue.c.obj)
                0x000000000000a20c                nrfx_busy_wait
 .text.nrfx_flag32_alloc
                0x000000000000a210       0x40 modules/hal_nordic/modules/hal_nordic/nrfx/libmodules__hal_nordic__nrfx.a(nrfx_flag32_allocator.c.obj)
                0x000000000000a210                nrfx_flag32_alloc
 .text.nrfx_flag32_free
                0x000000000000a250       0x54 modules/hal_nordic/modules/hal_nordic/nrfx/libmodules__hal_nordic__nrfx.a(nrfx_flag32_allocator.c.obj)
                0x000000000000a250                nrfx_flag32_free
 .text.nrfx_gppi_channels_enable
                0x000000000000a2a4        0xc modules/hal_nordic/modules/hal_nordic/nrfx/libmodules__hal_nordic__nrfx.a(nrfx_gppi_dppi.c.obj)
                0x000000000000a2a4                nrfx_gppi_channels_enable
 .text.nrfx_gppi_event_endpoint_setup
                0x000000000000a2b0        0xc modules/hal_nordic/modules/hal_nordic/nrfx/libmodules__hal_nordic__nrfx.a(nrfx_gppi_dppi.c.obj)
                0x000000000000a2b0                nrfx_gppi_event_endpoint_setup
 .text.nrfx_gppi_task_endpoint_setup
                0x000000000000a2bc        0xc modules/hal_nordic/modules/hal_nordic/nrfx/libmodules__hal_nordic__nrfx.a(nrfx_gppi_dppi.c.obj)
                0x000000000000a2bc                nrfx_gppi_task_endpoint_setup
 .text.nrfx_gppi_channel_endpoints_setup
                0x000000000000a2c8       0x10 modules/hal_nordic/modules/hal_nordic/nrfx/libmodules__hal_nordic__nrfx.a(nrfx_gppi_dppi.c.obj)
                0x000000000000a2c8                nrfx_gppi_channel_endpoints_setup
 .text.nrfx_gppi_channel_alloc
                0x000000000000a2d8        0xc modules/hal_nordic/modules/hal_nordic/nrfx/libmodules__hal_nordic__nrfx.a(nrfx_gppi_dppi.c.obj)
                0x000000000000a2d8                nrfx_gppi_channel_alloc
 .text.clock_stop
                0x000000000000a2e4      0x108 modules/hal_nordic/modules/hal_nordic/nrfx/libmodules__hal_nordic__nrfx.a(nrfx_clock.c.obj)
 .text.nrfx_clock_init
                0x000000000000a3ec       0x24 modules/hal_nordic/modules/hal_nordic/nrfx/libmodules__hal_nordic__nrfx.a(nrfx_clock.c.obj)
                0x000000000000a3ec                nrfx_clock_init
 .text.nrfx_clock_enable
                0x000000000000a410       0x30 modules/hal_nordic/modules/hal_nordic/nrfx/libmodules__hal_nordic__nrfx.a(nrfx_clock.c.obj)
                0x000000000000a410                nrfx_clock_enable
 .text.nrfx_clock_start
                0x000000000000a440       0xe0 modules/hal_nordic/modules/hal_nordic/nrfx/libmodules__hal_nordic__nrfx.a(nrfx_clock.c.obj)
                0x000000000000a440                nrfx_clock_start
 .text.nrfx_clock_stop
                0x000000000000a520        0x4 modules/hal_nordic/modules/hal_nordic/nrfx/libmodules__hal_nordic__nrfx.a(nrfx_clock.c.obj)
                0x000000000000a520                nrfx_clock_stop
 .text.nrfx_power_clock_irq_handler
                0x000000000000a524       0x74 modules/hal_nordic/modules/hal_nordic/nrfx/libmodules__hal_nordic__nrfx.a(nrfx_clock.c.obj)
                0x000000000000a524                nrfx_power_clock_irq_handler
 .text.nrfx_dppi_channel_alloc
                0x000000000000a598       0x10 modules/hal_nordic/modules/hal_nordic/nrfx/libmodules__hal_nordic__nrfx.a(nrfx_dppi.c.obj)
                0x000000000000a598                nrfx_dppi_channel_alloc
 .text.call_handler.constprop.0
                0x000000000000a5a8       0x4c modules/hal_nordic/modules/hal_nordic/nrfx/libmodules__hal_nordic__nrfx.a(nrfx_gpiote.c.obj)
 .text.latch_pending_read_and_check
                0x000000000000a5f4       0x48 modules/hal_nordic/modules/hal_nordic/nrfx/libmodules__hal_nordic__nrfx.a(nrfx_gpiote.c.obj)
 .text.release_handler.isra.0
                0x000000000000a63c       0x64 modules/hal_nordic/modules/hal_nordic/nrfx/libmodules__hal_nordic__nrfx.a(nrfx_gpiote.c.obj)
 .text.pin_trigger_disable
                0x000000000000a6a0       0x7c modules/hal_nordic/modules/hal_nordic/nrfx/libmodules__hal_nordic__nrfx.a(nrfx_gpiote.c.obj)
 .text.pin_uninit.part.0
                0x000000000000a71c       0x8c modules/hal_nordic/modules/hal_nordic/nrfx/libmodules__hal_nordic__nrfx.a(nrfx_gpiote.c.obj)
 .text.nrfx_gpiote_input_configure
                0x000000000000a7a8      0x188 modules/hal_nordic/modules/hal_nordic/nrfx/libmodules__hal_nordic__nrfx.a(nrfx_gpiote.c.obj)
                0x000000000000a7a8                nrfx_gpiote_input_configure
 .text.nrfx_gpiote_output_configure
                0x000000000000a930      0x138 modules/hal_nordic/modules/hal_nordic/nrfx/libmodules__hal_nordic__nrfx.a(nrfx_gpiote.c.obj)
                0x000000000000a930                nrfx_gpiote_output_configure
 .text.nrfx_gpiote_global_callback_set
                0x000000000000aa68        0xc modules/hal_nordic/modules/hal_nordic/nrfx/libmodules__hal_nordic__nrfx.a(nrfx_gpiote.c.obj)
                0x000000000000aa68                nrfx_gpiote_global_callback_set
 .text.nrfx_gpiote_channel_get
                0x000000000000aa74       0x38 modules/hal_nordic/modules/hal_nordic/nrfx/libmodules__hal_nordic__nrfx.a(nrfx_gpiote.c.obj)
                0x000000000000aa74                nrfx_gpiote_channel_get
 .text.nrfx_gpiote_init
                0x000000000000aaac       0x6c modules/hal_nordic/modules/hal_nordic/nrfx/libmodules__hal_nordic__nrfx.a(nrfx_gpiote.c.obj)
                0x000000000000aaac                nrfx_gpiote_init
 .text.nrfx_gpiote_init_check
                0x000000000000ab18       0x14 modules/hal_nordic/modules/hal_nordic/nrfx/libmodules__hal_nordic__nrfx.a(nrfx_gpiote.c.obj)
                0x000000000000ab18                nrfx_gpiote_init_check
 .text.nrfx_gpiote_pin_uninit
                0x000000000000ab2c       0x34 modules/hal_nordic/modules/hal_nordic/nrfx/libmodules__hal_nordic__nrfx.a(nrfx_gpiote.c.obj)
                0x000000000000ab2c                nrfx_gpiote_pin_uninit
 .text.nrfx_gpiote_channel_free
                0x000000000000ab60        0xc modules/hal_nordic/modules/hal_nordic/nrfx/libmodules__hal_nordic__nrfx.a(nrfx_gpiote.c.obj)
                0x000000000000ab60                nrfx_gpiote_channel_free
 .text.nrfx_gpiote_channel_alloc
                0x000000000000ab6c        0xc modules/hal_nordic/modules/hal_nordic/nrfx/libmodules__hal_nordic__nrfx.a(nrfx_gpiote.c.obj)
                0x000000000000ab6c                nrfx_gpiote_channel_alloc
 .text.nrfx_gpiote_trigger_enable
                0x000000000000ab78       0xdc modules/hal_nordic/modules/hal_nordic/nrfx/libmodules__hal_nordic__nrfx.a(nrfx_gpiote.c.obj)
                0x000000000000ab78                nrfx_gpiote_trigger_enable
 .text.nrfx_gpiote_trigger_disable
                0x000000000000ac54        0x4 modules/hal_nordic/modules/hal_nordic/nrfx/libmodules__hal_nordic__nrfx.a(nrfx_gpiote.c.obj)
                0x000000000000ac54                nrfx_gpiote_trigger_disable
 .text.nrfx_gpiote_0_irq_handler
                0x000000000000ac58      0x300 modules/hal_nordic/modules/hal_nordic/nrfx/libmodules__hal_nordic__nrfx.a(nrfx_gpiote.c.obj)
                0x000000000000ac58                nrfx_gpiote_0_irq_handler
 .text.nrfx_nvmc_page_erase
                0x000000000000af58       0x40 modules/hal_nordic/modules/hal_nordic/nrfx/libmodules__hal_nordic__nrfx.a(nrfx_nvmc.c.obj)
                0x000000000000af58                nrfx_nvmc_page_erase
 .text.nrfx_nvmc_word_write
                0x000000000000af98       0x2c modules/hal_nordic/modules/hal_nordic/nrfx/libmodules__hal_nordic__nrfx.a(nrfx_nvmc.c.obj)
                0x000000000000af98                nrfx_nvmc_word_write
 .text.nrfx_nvmc_flash_size_get
                0x000000000000afc4        0x8 modules/hal_nordic/modules/hal_nordic/nrfx/libmodules__hal_nordic__nrfx.a(nrfx_nvmc.c.obj)
                0x000000000000afc4                nrfx_nvmc_flash_size_get
 .text.nrfx_nvmc_flash_page_size_get
                0x000000000000afcc        0x8 modules/hal_nordic/modules/hal_nordic/nrfx/libmodules__hal_nordic__nrfx.a(nrfx_nvmc.c.obj)
                0x000000000000afcc                nrfx_nvmc_flash_page_size_get
 .text.nrfx_nvmc_flash_page_count_get
                0x000000000000afd4        0x8 modules/hal_nordic/modules/hal_nordic/nrfx/libmodules__hal_nordic__nrfx.a(nrfx_nvmc.c.obj)
                0x000000000000afd4                nrfx_nvmc_flash_page_count_get
 .text.qspi_ready_wait
                0x000000000000afdc       0x5c modules/hal_nordic/modules/hal_nordic/nrfx/libmodules__hal_nordic__nrfx.a(nrfx_qspi.c.obj)
 .text.qspi_workaround_215_43_apply
                0x000000000000b038       0xac modules/hal_nordic/modules/hal_nordic/nrfx/libmodules__hal_nordic__nrfx.a(nrfx_qspi.c.obj)
 .text.qspi_configure.part.0
                0x000000000000b0e4       0xac modules/hal_nordic/modules/hal_nordic/nrfx/libmodules__hal_nordic__nrfx.a(nrfx_qspi.c.obj)
 .text.qspi_xfer.part.0
                0x000000000000b190      0x10c modules/hal_nordic/modules/hal_nordic/nrfx/libmodules__hal_nordic__nrfx.a(nrfx_qspi.c.obj)
 .text.qspi_pins_configure
                0x000000000000b29c      0x1f8 modules/hal_nordic/modules/hal_nordic/nrfx/libmodules__hal_nordic__nrfx.a(nrfx_qspi.c.obj)
 .text.nrfx_qspi_init
                0x000000000000b494       0x54 modules/hal_nordic/modules/hal_nordic/nrfx/libmodules__hal_nordic__nrfx.a(nrfx_qspi.c.obj)
                0x000000000000b494                nrfx_qspi_init
 .text.nrfx_qspi_cinstr_xfer
                0x000000000000b4e8      0x16c modules/hal_nordic/modules/hal_nordic/nrfx/libmodules__hal_nordic__nrfx.a(nrfx_qspi.c.obj)
                0x000000000000b4e8                nrfx_qspi_cinstr_xfer
 .text.nrfx_qspi_activate
                0x000000000000b654       0x48 modules/hal_nordic/modules/hal_nordic/nrfx/libmodules__hal_nordic__nrfx.a(nrfx_qspi.c.obj)
                0x000000000000b654                nrfx_qspi_activate
 .text.nrfx_qspi_deactivate
                0x000000000000b69c       0x3c modules/hal_nordic/modules/hal_nordic/nrfx/libmodules__hal_nordic__nrfx.a(nrfx_qspi.c.obj)
                0x000000000000b69c                nrfx_qspi_deactivate
 .text.nrfx_qspi_init_check
                0x000000000000b6d8       0x14 modules/hal_nordic/modules/hal_nordic/nrfx/libmodules__hal_nordic__nrfx.a(nrfx_qspi.c.obj)
                0x000000000000b6d8                nrfx_qspi_init_check
 .text.nrfx_qspi_write
                0x000000000000b6ec       0x2c modules/hal_nordic/modules/hal_nordic/nrfx/libmodules__hal_nordic__nrfx.a(nrfx_qspi.c.obj)
                0x000000000000b6ec                nrfx_qspi_write
 .text.nrfx_qspi_read
                0x000000000000b718       0x2c modules/hal_nordic/modules/hal_nordic/nrfx/libmodules__hal_nordic__nrfx.a(nrfx_qspi.c.obj)
                0x000000000000b718                nrfx_qspi_read
 .text.nrfx_qspi_erase
                0x000000000000b744       0xe0 modules/hal_nordic/modules/hal_nordic/nrfx/libmodules__hal_nordic__nrfx.a(nrfx_qspi.c.obj)
                0x000000000000b744                nrfx_qspi_erase
 .text.nrfx_qspi_chip_erase
                0x000000000000b824        0x8 modules/hal_nordic/modules/hal_nordic/nrfx/libmodules__hal_nordic__nrfx.a(nrfx_qspi.c.obj)
                0x000000000000b824                nrfx_qspi_chip_erase
 .text.nrfx_qspi_irq_handler
                0x000000000000b82c       0xb8 modules/hal_nordic/modules/hal_nordic/nrfx/libmodules__hal_nordic__nrfx.a(nrfx_qspi.c.obj)
                0x000000000000b82c                nrfx_qspi_irq_handler
 .text.z_impl_k_busy_wait
                0x000000000000b8e4        0x8 zephyr/kernel/libkernel.a(busy_wait.c.obj)
                0x000000000000b8e4                z_impl_k_busy_wait
 .text.z_device_state_init
                0x000000000000b8ec        0x4 zephyr/kernel/libkernel.a(device.c.obj)
                0x000000000000b8ec                z_device_state_init
 .text.z_impl_device_is_ready
                0x000000000000b8f0       0x18 zephyr/kernel/libkernel.a(device.c.obj)
                0x000000000000b8f0                z_impl_device_is_ready
 .text.arch_system_halt
                0x000000000000b908       0x10 zephyr/kernel/libkernel.a(fatal.c.obj)
                0x000000000000b908                arch_system_halt
 .text.k_sys_fatal_error_handler
                0x000000000000b918       0x20 zephyr/kernel/libkernel.a(fatal.c.obj)
                0x000000000000b918                k_sys_fatal_error_handler
 .text.z_fatal_error
                0x000000000000b938       0xec zephyr/kernel/libkernel.a(fatal.c.obj)
                0x000000000000b938                z_fatal_error
 .text.z_sys_init_run_level
                0x000000000000ba24       0x54 zephyr/kernel/libkernel.a(init.c.obj)
 .text.bg_thread_main
                0x000000000000ba78       0xdc zephyr/kernel/libkernel.a(init.c.obj)
 .text.z_early_memset
                0x000000000000bb54        0x4 zephyr/kernel/libkernel.a(init.c.obj)
                0x000000000000bb54                z_early_memset
 .text.z_early_memcpy
                0x000000000000bb58        0x4 zephyr/kernel/libkernel.a(init.c.obj)
                0x000000000000bb58                z_early_memcpy
 .text.z_bss_zero
                0x000000000000bb5c       0x18 zephyr/kernel/libkernel.a(init.c.obj)
                0x000000000000bb5c                z_bss_zero
 .text.z_cstart
                0x000000000000bb74      0x128 zephyr/kernel/libkernel.a(init.c.obj)
                0x000000000000bb74                z_cstart
 .text.z_init_static
                0x000000000000bc9c        0x4 zephyr/kernel/libkernel.a(init_static.c.obj)
                0x000000000000bc9c                z_init_static
 .text.init_mem_slab_obj_core_list
                0x000000000000bca0       0x54 zephyr/kernel/libkernel.a(mem_slab.c.obj)
 .text.k_mem_slab_init
                0x000000000000bcf4       0x58 zephyr/kernel/libkernel.a(mem_slab.c.obj)
                0x000000000000bcf4                k_mem_slab_init
 .text.k_mem_slab_alloc
                0x000000000000bd4c       0x6c zephyr/kernel/libkernel.a(mem_slab.c.obj)
                0x000000000000bd4c                k_mem_slab_alloc
 .text.k_mem_slab_free
                0x000000000000bdb8       0x78 zephyr/kernel/libkernel.a(mem_slab.c.obj)
                0x000000000000bdb8                k_mem_slab_free
 .text.idle     0x000000000000be30       0x18 zephyr/kernel/libkernel.a(idle.c.obj)
                0x000000000000be30                idle
 .text.z_impl_k_mutex_init
                0x000000000000be48       0x10 zephyr/kernel/libkernel.a(mutex.c.obj)
                0x000000000000be48                z_impl_k_mutex_init
 .text.z_impl_k_mutex_lock
                0x000000000000be58       0xfc zephyr/kernel/libkernel.a(mutex.c.obj)
                0x000000000000be58                z_impl_k_mutex_lock
 .text.z_impl_k_mutex_unlock
                0x000000000000bf54       0xb4 zephyr/kernel/libkernel.a(mutex.c.obj)
                0x000000000000bf54                z_impl_k_mutex_unlock
 .text.z_impl_k_sem_init
                0x000000000000c008       0x1c zephyr/kernel/libkernel.a(sem.c.obj)
                0x000000000000c008                z_impl_k_sem_init
 .text.z_impl_k_sem_give
                0x000000000000c024       0x74 zephyr/kernel/libkernel.a(sem.c.obj)
                0x000000000000c024                z_impl_k_sem_give
 .text.z_impl_k_sem_take
                0x000000000000c098       0x50 zephyr/kernel/libkernel.a(sem.c.obj)
                0x000000000000c098                z_impl_k_sem_take
 .text.k_is_in_isr
                0x000000000000c0e8        0xc zephyr/kernel/libkernel.a(thread.c.obj)
                0x000000000000c0e8                k_is_in_isr
 .text.z_impl_k_thread_name_set
                0x000000000000c0f4        0x8 zephyr/kernel/libkernel.a(thread.c.obj)
                0x000000000000c0f4                z_impl_k_thread_name_set
 .text.k_thread_name_get
                0x000000000000c0fc        0x4 zephyr/kernel/libkernel.a(thread.c.obj)
                0x000000000000c0fc                k_thread_name_get
 .text.z_setup_new_thread
                0x000000000000c100       0x8c zephyr/kernel/libkernel.a(thread.c.obj)
                0x000000000000c100                z_setup_new_thread
 .text.z_impl_k_thread_create
                0x000000000000c18c       0xcc zephyr/kernel/libkernel.a(thread.c.obj)
                0x000000000000c18c                z_impl_k_thread_create
 .text.ready_thread
                0x000000000000c258       0x94 zephyr/kernel/libkernel.a(sched.c.obj)
 .text.unready_thread
                0x000000000000c2ec       0x60 zephyr/kernel/libkernel.a(sched.c.obj)
 .text.add_to_waitq_locked
                0x000000000000c34c       0x54 zephyr/kernel/libkernel.a(sched.c.obj)
 .text.z_thread_timeout
                0x000000000000c3a0       0x54 zephyr/kernel/libkernel.a(sched.c.obj)
                0x000000000000c3a0                z_thread_timeout
 .text.move_thread_to_end_of_prio_q
                0x000000000000c3f4       0xa8 zephyr/kernel/libkernel.a(sched.c.obj)
                0x000000000000c3f4                move_thread_to_end_of_prio_q
 .text.z_ready_thread
                0x000000000000c49c       0x20 zephyr/kernel/libkernel.a(sched.c.obj)
                0x000000000000c49c                z_ready_thread
 .text.z_unpend_thread_no_timeout
                0x000000000000c4bc       0x48 zephyr/kernel/libkernel.a(sched.c.obj)
                0x000000000000c4bc                z_unpend_thread_no_timeout
 .text.z_pend_curr
                0x000000000000c504       0x7c zephyr/kernel/libkernel.a(sched.c.obj)
                0x000000000000c504                z_pend_curr
 .text.z_unpend1_no_timeout
                0x000000000000c580       0x50 zephyr/kernel/libkernel.a(sched.c.obj)
                0x000000000000c580                z_unpend1_no_timeout
 .text.z_thread_prio_set
                0x000000000000c5d0       0xb4 zephyr/kernel/libkernel.a(sched.c.obj)
                0x000000000000c5d0                z_thread_prio_set
 .text.z_reschedule
                0x000000000000c684       0x40 zephyr/kernel/libkernel.a(sched.c.obj)
                0x000000000000c684                z_reschedule
 .text.z_reschedule_irqlock
                0x000000000000c6c4       0x40 zephyr/kernel/libkernel.a(sched.c.obj)
                0x000000000000c6c4                z_reschedule_irqlock
 .text.k_sched_lock
                0x000000000000c704       0x28 zephyr/kernel/libkernel.a(sched.c.obj)
                0x000000000000c704                k_sched_lock
 .text.k_sched_unlock
                0x000000000000c72c       0xa0 zephyr/kernel/libkernel.a(sched.c.obj)
                0x000000000000c72c                k_sched_unlock
 .text.z_sched_init
                0x000000000000c7cc       0x10 zephyr/kernel/libkernel.a(sched.c.obj)
                0x000000000000c7cc                z_sched_init
 .text.z_impl_k_yield
                0x000000000000c7dc       0xa8 zephyr/kernel/libkernel.a(sched.c.obj)
                0x000000000000c7dc                z_impl_k_yield
 .text.z_tick_sleep
                0x000000000000c884       0xa4 zephyr/kernel/libkernel.a(sched.c.obj)
 .text.z_impl_k_sleep
                0x000000000000c928       0x34 zephyr/kernel/libkernel.a(sched.c.obj)
                0x000000000000c928                z_impl_k_sleep
 .text.z_impl_k_wakeup
                0x000000000000c95c       0x4c zephyr/kernel/libkernel.a(sched.c.obj)
                0x000000000000c95c                z_impl_k_wakeup
 .text.z_impl_k_sched_current_thread_query
                0x000000000000c9a8        0xc zephyr/kernel/libkernel.a(sched.c.obj)
                0x000000000000c9a8                z_impl_k_sched_current_thread_query
 .text.z_thread_abort
                0x000000000000c9b4      0x154 zephyr/kernel/libkernel.a(sched.c.obj)
                0x000000000000c9b4                z_thread_abort
 .text.slice_timeout
                0x000000000000cb08       0x24 zephyr/kernel/libkernel.a(timeslicing.c.obj)
 .text.z_reset_time_slice
                0x000000000000cb2c       0x70 zephyr/kernel/libkernel.a(timeslicing.c.obj)
                0x000000000000cb2c                z_reset_time_slice
 .text.z_time_slice
                0x000000000000cb9c       0x7c zephyr/kernel/libkernel.a(timeslicing.c.obj)
                0x000000000000cb9c                z_time_slice
 .text.z_data_copy
                0x000000000000cc18       0x38 zephyr/kernel/libkernel.a(xip.c.obj)
                0x000000000000cc18                z_data_copy
 .text.remove_timeout
                0x000000000000cc50       0x38 zephyr/kernel/libkernel.a(timeout.c.obj)
 .text.z_add_timeout
                0x000000000000cc88      0x120 zephyr/kernel/libkernel.a(timeout.c.obj)
                0x000000000000cc88                z_add_timeout
 .text.z_abort_timeout
                0x000000000000cda8       0x94 zephyr/kernel/libkernel.a(timeout.c.obj)
                0x000000000000cda8                z_abort_timeout
 .text.sys_clock_announce
                0x000000000000ce3c      0x12c zephyr/kernel/libkernel.a(timeout.c.obj)
                0x000000000000ce3c                sys_clock_announce
 .text.sys_clock_tick_get_32
                0x000000000000cf68       0x38 zephyr/kernel/libkernel.a(timeout.c.obj)
                0x000000000000cf68                sys_clock_tick_get_32
 .text.z_impl_k_uptime_ticks
                0x000000000000cfa0       0x40 zephyr/kernel/libkernel.a(timeout.c.obj)
                0x000000000000cfa0                z_impl_k_uptime_ticks
 .text.z_timer_expiration_handler
                0x000000000000cfe0       0xe0 zephyr/kernel/libkernel.a(timer.c.obj)
                0x000000000000cfe0                z_timer_expiration_handler
 .text.z_impl_k_timer_start
                0x000000000000d0c0       0x74 zephyr/kernel/libkernel.a(timer.c.obj)
                0x000000000000d0c0                z_impl_k_timer_start
 .text.z_impl_k_timer_stop
                0x000000000000d134       0x38 zephyr/kernel/libkernel.a(timer.c.obj)
                0x000000000000d134                z_impl_k_timer_stop
 .text.k_thread_system_pool_assign
                0x000000000000d16c        0xc zephyr/kernel/libkernel.a(mempool.c.obj)
                0x000000000000d16c                k_thread_system_pool_assign
 .text.statics_init
                0x000000000000d178       0x30 zephyr/kernel/libkernel.a(kheap.c.obj)
 .text.nrf_cc3xx_platform_init_no_rng
                0x000000000000d1a8       0x38 /home/ee/ncs/nrfxlib/crypto/nrf_cc312_platform/lib/cortex-m33/soft-float/no-interrupts/libnrf_cc312_platform_0.9.19.a(nrf_cc3xx_platform.c.obj)
                0x000000000000d1a8                nrf_cc3xx_platform_init_no_rng
 .text.nrf_cc3xx_platform_abort
                0x000000000000d1e0       0x24 /home/ee/ncs/nrfxlib/crypto/nrf_cc312_platform/lib/cortex-m33/soft-float/no-interrupts/libnrf_cc312_platform_0.9.19.a(nrf_cc3xx_platform_abort.c.obj)
 .text.CC_PalAbort
                0x000000000000d204       0x44 /home/ee/ncs/nrfxlib/crypto/nrf_cc312_platform/lib/cortex-m33/soft-float/no-interrupts/libnrf_cc312_platform_0.9.19.a(nrf_cc3xx_platform_abort.c.obj)
                0x000000000000d204                CC_PalAbort
 .text.nrf_cc3xx_platform_set_abort
                0x000000000000d248       0x10 /home/ee/ncs/nrfxlib/crypto/nrf_cc312_platform/lib/cortex-m33/soft-float/no-interrupts/libnrf_cc312_platform_0.9.19.a(nrf_cc3xx_platform_abort.c.obj)
                0x000000000000d248                nrf_cc3xx_platform_set_abort
 .text.mutex_free
                0x000000000000d258       0x34 /home/ee/ncs/nrfxlib/crypto/nrf_cc312_platform/lib/cortex-m33/soft-float/no-interrupts/libnrf_cc312_platform_0.9.19.a(nrf_cc3xx_platform_mutex.c.obj)
 .text.mutex_lock
                0x000000000000d28c       0x48 /home/ee/ncs/nrfxlib/crypto/nrf_cc312_platform/lib/cortex-m33/soft-float/no-interrupts/libnrf_cc312_platform_0.9.19.a(nrf_cc3xx_platform_mutex.c.obj)
 .text.mutex_unlock
                0x000000000000d2d4       0x38 /home/ee/ncs/nrfxlib/crypto/nrf_cc312_platform/lib/cortex-m33/soft-float/no-interrupts/libnrf_cc312_platform_0.9.19.a(nrf_cc3xx_platform_mutex.c.obj)
 .text.mutex_init
                0x000000000000d30c       0x20 /home/ee/ncs/nrfxlib/crypto/nrf_cc312_platform/lib/cortex-m33/soft-float/no-interrupts/libnrf_cc312_platform_0.9.19.a(nrf_cc3xx_platform_mutex.c.obj)
 .text.nrf_cc3xx_platform_set_mutexes
                0x000000000000d32c       0x78 /home/ee/ncs/nrfxlib/crypto/nrf_cc312_platform/lib/cortex-m33/soft-float/no-interrupts/libnrf_cc312_platform_0.9.19.a(nrf_cc3xx_platform_mutex.c.obj)
                0x000000000000d32c                nrf_cc3xx_platform_set_mutexes
 .text.CC_LibInitNoRng
                0x000000000000d3a4       0x28 /home/ee/ncs/nrfxlib/crypto/nrf_cc312_platform/lib/cortex-m33/soft-float/no-interrupts/libnrf_cc312_platform_0.9.19.a(cc_lib.c.obj)
                0x000000000000d3a4                CC_LibInitNoRng
 .text.CC_HalInit
                0x000000000000d3cc        0x4 /home/ee/ncs/nrfxlib/crypto/nrf_cc312_platform/lib/cortex-m33/soft-float/no-interrupts/libnrf_cc312_platform_0.9.19.a(cc_hal.c.obj)
                0x000000000000d3cc                CC_HalInit
 .text.CC_PalInit
                0x000000000000d3d0       0x5c /home/ee/ncs/nrfxlib/crypto/nrf_cc312_platform/lib/cortex-m33/soft-float/no-interrupts/libnrf_cc312_platform_0.9.19.a(cc_pal.c.obj)
                0x000000000000d3d0                CC_PalInit
 .text.CC_PalTerminate
                0x000000000000d42c       0x34 /home/ee/ncs/nrfxlib/crypto/nrf_cc312_platform/lib/cortex-m33/soft-float/no-interrupts/libnrf_cc312_platform_0.9.19.a(cc_pal.c.obj)
                0x000000000000d42c                CC_PalTerminate
 .text.CC_PalDmaInit
                0x000000000000d460        0x4 /home/ee/ncs/nrfxlib/crypto/nrf_cc312_platform/lib/cortex-m33/soft-float/no-interrupts/libnrf_cc312_platform_0.9.19.a(cc_pal_dma.c.obj)
                0x000000000000d460                CC_PalDmaInit
 .text.CC_PalDmaTerminate
                0x000000000000d464        0x4 /home/ee/ncs/nrfxlib/crypto/nrf_cc312_platform/lib/cortex-m33/soft-float/no-interrupts/libnrf_cc312_platform_0.9.19.a(cc_pal_dma.c.obj)
                0x000000000000d464                CC_PalDmaTerminate
 .text.CC_PalMutexCreate
                0x000000000000d468       0x14 /home/ee/ncs/nrfxlib/crypto/nrf_cc312_platform/lib/cortex-m33/soft-float/no-interrupts/libnrf_cc312_platform_0.9.19.a(cc_pal_mutex.c.obj)
                0x000000000000d468                CC_PalMutexCreate
 .text.CC_PalMutexDestroy
                0x000000000000d47c       0x14 /home/ee/ncs/nrfxlib/crypto/nrf_cc312_platform/lib/cortex-m33/soft-float/no-interrupts/libnrf_cc312_platform_0.9.19.a(cc_pal_mutex.c.obj)
                0x000000000000d47c                CC_PalMutexDestroy
 .text.CC_PalPowerSaveModeInit
                0x000000000000d490       0x3c /home/ee/ncs/nrfxlib/crypto/nrf_cc312_platform/lib/cortex-m33/soft-float/no-interrupts/libnrf_cc312_platform_0.9.19.a(cc_pal_pm.c.obj)
                0x000000000000d490                CC_PalPowerSaveModeInit
 .text.snprintf
                0x000000000000d4cc       0x58 /opt/toolchains/zephyr-sdk-0.17.0/arm-zephyr-eabi/bin/../lib/gcc/../../picolibc/arm-zephyr-eabi/lib/thumb/v8-m.main/nofp/libc.a(libc_tinystdio_snprintf.c.o)
                0x000000000000d4cc                snprintf
 .text.__l_vfprintf
                0x000000000000d524      0x4b4 /opt/toolchains/zephyr-sdk-0.17.0/arm-zephyr-eabi/bin/../lib/gcc/../../picolibc/arm-zephyr-eabi/lib/thumb/v8-m.main/nofp/libc.a(libc_tinystdio_vflprintf.c.o)
                0x000000000000d524                __l_vfprintf
 .text.__assert_no_args
                0x000000000000d9d8        0x0 zephyr/lib/libc/picolibc/liblib__libc__picolibc.a(assert.c.obj)
                0x000000000000d9d8                __assert_no_args
 .text.memcpy   0x000000000000d9d8       0x1a /opt/toolchains/zephyr-sdk-0.17.0/arm-zephyr-eabi/bin/../lib/gcc/../../picolibc/arm-zephyr-eabi/lib/thumb/v8-m.main/nofp/libc.a(memcpy.c.o)
                0x000000000000d9d8                memcpy
                0x000000000000d9d8                __aeabi_memcpy
                0x000000000000d9d8                __aeabi_memcpy4
                0x000000000000d9d8                __aeabi_memcpy8
 .text.memmove  0x000000000000d9f2       0x34 /opt/toolchains/zephyr-sdk-0.17.0/arm-zephyr-eabi/bin/../lib/gcc/../../picolibc/arm-zephyr-eabi/lib/thumb/v8-m.main/nofp/libc.a(memmove.c.o)
                0x000000000000d9f2                memmove
                0x000000000000d9f2                __aeabi_memmove8
                0x000000000000d9f2                __aeabi_memmove
                0x000000000000d9f2                __aeabi_memmove4
 .text.memset   0x000000000000da26       0x10 /opt/toolchains/zephyr-sdk-0.17.0/arm-zephyr-eabi/bin/../lib/gcc/../../picolibc/arm-zephyr-eabi/lib/thumb/v8-m.main/nofp/libc.a(memset.c.o)
                0x000000000000da26                memset
 .text.memcmp   0x000000000000da36       0x20 /opt/toolchains/zephyr-sdk-0.17.0/arm-zephyr-eabi/bin/../lib/gcc/../../picolibc/arm-zephyr-eabi/lib/thumb/v8-m.main/nofp/libc.a(libc_string_memcmp.c.o)
                0x000000000000da36                memcmp
 .text.strnlen  0x000000000000da56       0x18 /opt/toolchains/zephyr-sdk-0.17.0/arm-zephyr-eabi/bin/../lib/gcc/../../picolibc/arm-zephyr-eabi/lib/thumb/v8-m.main/nofp/libc.a(libc_string_strnlen.c.o)
                0x000000000000da56                strnlen
 .text.__ultoa_invert
                0x000000000000da6e       0xac /opt/toolchains/zephyr-sdk-0.17.0/arm-zephyr-eabi/bin/../lib/gcc/../../picolibc/arm-zephyr-eabi/lib/thumb/v8-m.main/nofp/libc.a(libc_tinystdio_vflprintf.c.o)
 .text.__file_str_put