/home/ee/ncs/nrf/subsys/bluetooth/hci_vs_sdc.c:10:12:hci_vs_cmd_with_rsp_only	24	static
/home/ee/ncs/nrf/subsys/bluetooth/hci_vs_sdc.c:27:12:hci_vs_cmd_no_rsp	24	static
/home/ee/ncs/nrf/subsys/bluetooth/hci_vs_sdc.c:41:12:hci_vs_cmd_with_rsp	32	static
/home/ee/ncs/nrf/include/bluetooth/hci_vs_sdc.h:35:5:hci_vs_sdc_zephyr_read_version_info	8	static
/home/ee/ncs/nrf/include/bluetooth/hci_vs_sdc.h:46:5:hci_vs_sdc_zephyr_read_supported_commands	8	static
/home/ee/ncs/nrf/include/bluetooth/hci_vs_sdc.h:57:5:hci_vs_sdc_zephyr_write_bd_addr	8	static
/home/ee/ncs/nrf/include/bluetooth/hci_vs_sdc.h:67:5:hci_vs_sdc_zephyr_read_static_addresses	8	static
/home/ee/ncs/nrf/include/bluetooth/hci_vs_sdc.h:78:5:hci_vs_sdc_zephyr_read_key_hierarchy_roots	8	static
/home/ee/ncs/nrf/include/bluetooth/hci_vs_sdc.h:89:5:hci_vs_sdc_zephyr_read_chip_temp	8	static
/home/ee/ncs/nrf/include/bluetooth/hci_vs_sdc.h:100:5:hci_vs_sdc_zephyr_write_tx_power	16	static
/home/ee/ncs/nrf/include/bluetooth/hci_vs_sdc.h:113:5:hci_vs_sdc_zephyr_read_tx_power	16	static
/home/ee/ncs/nrf/include/bluetooth/hci_vs_sdc.h:125:5:hci_vs_sdc_llpm_mode_set	8	static
/home/ee/ncs/nrf/include/bluetooth/hci_vs_sdc.h:135:5:hci_vs_sdc_conn_update	8	static
/home/ee/ncs/nrf/include/bluetooth/hci_vs_sdc.h:145:5:hci_vs_sdc_conn_event_extend	8	static
/home/ee/ncs/nrf/include/bluetooth/hci_vs_sdc.h:155:5:hci_vs_sdc_qos_conn_event_report_enable	8	static
/home/ee/ncs/nrf/include/bluetooth/hci_vs_sdc.h:166:5:hci_vs_sdc_event_length_set	8	static
/home/ee/ncs/nrf/include/bluetooth/hci_vs_sdc.h:176:5:hci_vs_sdc_periodic_adv_event_length_set	8	static
/home/ee/ncs/nrf/include/bluetooth/hci_vs_sdc.h:187:5:hci_vs_sdc_peripheral_latency_mode_set	8	static
/home/ee/ncs/nrf/include/bluetooth/hci_vs_sdc.h:198:5:hci_vs_sdc_write_remote_tx_power	8	static
/home/ee/ncs/nrf/include/bluetooth/hci_vs_sdc.h:208:5:hci_vs_sdc_set_adv_randomness	8	static
/home/ee/ncs/nrf/include/bluetooth/hci_vs_sdc.h:218:5:hci_vs_sdc_compat_mode_window_offset_set	8	static
/home/ee/ncs/nrf/include/bluetooth/hci_vs_sdc.h:229:5:hci_vs_sdc_qos_channel_survey_enable	8	static
/home/ee/ncs/nrf/include/bluetooth/hci_vs_sdc.h:239:5:hci_vs_sdc_set_power_control_request_params	8	static
/home/ee/ncs/nrf/include/bluetooth/hci_vs_sdc.h:251:5:hci_vs_sdc_read_average_rssi	16	static
/home/ee/ncs/nrf/include/bluetooth/hci_vs_sdc.h:262:5:hci_vs_sdc_central_acl_event_spacing_set	8	static
/home/ee/ncs/nrf/include/bluetooth/hci_vs_sdc.h:274:5:hci_vs_sdc_get_next_conn_event_counter	16	static
/home/ee/ncs/nrf/include/bluetooth/hci_vs_sdc.h:286:5:hci_vs_sdc_allow_parallel_connection_establishments	8	static
/home/ee/ncs/nrf/include/bluetooth/hci_vs_sdc.h:297:5:hci_vs_sdc_min_val_of_max_acl_tx_payload_set	8	static
/home/ee/ncs/nrf/include/bluetooth/hci_vs_sdc.h:309:5:hci_vs_sdc_iso_read_tx_timestamp	16	static
/home/ee/ncs/nrf/include/bluetooth/hci_vs_sdc.h:321:5:hci_vs_sdc_big_reserved_time_set	8	static
/home/ee/ncs/nrf/include/bluetooth/hci_vs_sdc.h:331:5:hci_vs_sdc_cig_reserved_time_set	8	static
/home/ee/ncs/nrf/include/bluetooth/hci_vs_sdc.h:341:5:hci_vs_sdc_cis_subevent_length_set	8	static
/home/ee/ncs/nrf/include/bluetooth/hci_vs_sdc.h:351:5:hci_vs_sdc_scan_channel_map_set	8	static
/home/ee/ncs/nrf/include/bluetooth/hci_vs_sdc.h:361:5:hci_vs_sdc_scan_accept_ext_adv_packets_set	8	static
/home/ee/ncs/nrf/include/bluetooth/hci_vs_sdc.h:372:5:hci_vs_sdc_set_role_priority	8	static
/home/ee/ncs/nrf/include/bluetooth/hci_vs_sdc.h:382:5:hci_vs_sdc_set_event_start_task	8	static
/home/ee/ncs/nrf/include/bluetooth/hci_vs_sdc.h:393:5:hci_vs_sdc_conn_anchor_point_update_event_report_enable	8	static
