/home/ee/ncs/zephyr/subsys/shell/shell_ops.h:18:20:z_shell_raw_fprintf	12	static
/home/ee/ncs/zephyr/subsys/shell/shell_ops.h:260:20:z_cursor_next_line_move.isra	0	static
/home/ee/ncs/zephyr/subsys/shell/shell_help.c:19:13:formatted_text_print.constprop	32	static
/home/ee/ncs/zephyr/subsys/shell/shell_help.c:152:6:z_shell_help_subcmd_print	72	static
/home/ee/ncs/zephyr/subsys/shell/shell_help.c:183:6:z_shell_help_cmd_print	32	static
/home/ee/ncs/zephyr/subsys/shell/shell_help.c:196:6:z_shell_help_request	8	static
