/home/ee/ncs/zephyr/subsys/shell/shell.c:50:13:cmd_buffer_clear	0	static
/home/ee/ncs/zephyr/include/zephyr/sys/atomic_builtin.h:93:28:atomic_or	8	static
/home/ee/ncs/zephyr/include/zephyr/sys/atomic_builtin.h:103:28:atomic_and	8	static
/home/ee/sensing_fw/build_primary/sensing_fw/zephyr/include/generated/zephyr/syscalls/kernel.h:975:19:k_mutex_lock	0	static
/home/ee/ncs/zephyr/subsys/shell/shell.c:1295:13:shell_signal_handle	24	static
/home/ee/ncs/zephyr/subsys/shell/shell_ops.h:18:20:z_shell_raw_fprintf	12	static
/home/ee/ncs/zephyr/subsys/shell/shell.c:57:13:shell_internal_help_print	8	static
/home/ee/ncs/zephyr/subsys/shell/shell_utils.h:29:24:z_shell_strlen	8	static
/home/ee/ncs/zephyr/subsys/shell/shell_ops.h:260:20:z_cursor_next_line_move.isra	0	static
/home/ee/ncs/zephyr/subsys/shell/shell_ops.h:175:20:z_flag_cmd_ctx_set.isra	0	static
/home/ee/ncs/zephyr/subsys/shell/shell_ops.h:162:20:z_flag_history_exit_set.isra	0	static
/home/ee/ncs/zephyr/subsys/shell/shell.c:193:13:history_handle	32	static
/home/ee/ncs/zephyr/subsys/shell/shell_ops.h:58:20:z_flag_insert_mode_set.isra	8	static
/home/ee/sensing_fw/build_primary/sensing_fw/zephyr/include/generated/zephyr/syscalls/kernel.h:992:19:k_mutex_unlock.isra	0	static
/home/ee/ncs/zephyr/subsys/shell/shell.c:627:12:execute	192	static
/home/ee/ncs/zephyr/subsys/shell/shell.c:1173:13:shell_log_process	24	static
/home/ee/ncs/zephyr/subsys/shell/shell.c:1311:13:kill_handler	16	static
/home/ee/ncs/zephyr/subsys/shell/shell.c:1162:13:transport_evt_handler	0	static
/home/ee/ncs/zephyr/subsys/shell/shell.c:96:20:state_set.constprop	8	static
/home/ee/ncs/zephyr/include/zephyr/shell/shell.h:1176:6:shell_process	232	static
/home/ee/ncs/zephyr/include/zephyr/shell/shell.h:1015:6:shell_uninit	8	static
/home/ee/ncs/zephyr/include/zephyr/shell/shell.h:1024:5:shell_start	8	static
/home/ee/ncs/zephyr/subsys/shell/shell.c:1325:6:shell_thread	24	static
/home/ee/ncs/zephyr/include/zephyr/shell/shell.h:1033:5:shell_stop	8	static
/home/ee/ncs/zephyr/subsys/shell/shell.c:1515:21:shell_backend_get_by_name	16	static
/home/ee/ncs/zephyr/include/zephyr/shell/shell.h:1088:6:shell_vfprintf	24	static
/home/ee/ncs/zephyr/include/zephyr/shell/shell.h:1071:26:shell_fprintf_impl	16	static
/home/ee/ncs/zephyr/include/zephyr/shell/shell.h:1129:26:shell_fprintf_info	12	static
/home/ee/ncs/zephyr/include/zephyr/shell/shell.h:1142:26:shell_fprintf_normal	12	static
/home/ee/ncs/zephyr/subsys/shell/shell.c:1829:12:cmd_help	8	static
/home/ee/ncs/zephyr/include/zephyr/shell/shell.h:1155:26:shell_fprintf_warn	12	static
/home/ee/ncs/zephyr/include/zephyr/shell/shell.h:1168:26:shell_fprintf_error	12	static
/home/ee/ncs/zephyr/include/zephyr/shell/shell.h:1106:6:shell_hexdump_line	24	static
/home/ee/ncs/zephyr/include/zephyr/shell/shell.h:1116:6:shell_hexdump	24	static
/home/ee/ncs/zephyr/include/zephyr/shell/shell.h:1187:5:shell_prompt_change	24	static
/home/ee/ncs/zephyr/include/zephyr/shell/shell.h:1005:5:shell_init	64	static
/home/ee/ncs/zephyr/include/zephyr/shell/shell.h:1197:6:shell_help	8	static
/home/ee/ncs/zephyr/include/zephyr/shell/shell.h:1219:5:shell_execute_cmd	16	static
/home/ee/ncs/zephyr/include/zephyr/shell/shell.h:1263:5:shell_insert_mode_set	8	static
/home/ee/ncs/zephyr/include/zephyr/shell/shell.h:1276:5:shell_use_colors_set	8	static
/home/ee/ncs/zephyr/include/zephyr/shell/shell.h:1288:5:shell_use_vt100_set	8	static
/home/ee/ncs/zephyr/include/zephyr/shell/shell.h:1335:5:shell_get_return_value	0	static
/home/ee/ncs/zephyr/include/zephyr/shell/shell.h:1300:5:shell_echo_set	8	static
/home/ee/ncs/zephyr/include/zephyr/shell/shell.h:1313:5:shell_obscure_set	8	static
/home/ee/ncs/zephyr/include/zephyr/shell/shell.h:1326:5:shell_mode_delete_set	8	static
/home/ee/ncs/zephyr/include/zephyr/shell/shell.h:1242:6:shell_set_bypass	8	static
/home/ee/ncs/zephyr/include/zephyr/shell/shell.h:1251:6:shell_ready	8	static
