/home/ee/ncs/nrf/subsys/dfu/dfu_target/src/dfu_target_smp.c:44:12:img_state_res_update	16	static
/home/ee/ncs/nrf/subsys/dfu/dfu_target/src/dfu_target_smp.c:115:12:dfu_target_smp_enable	24	static
/home/ee/ncs/nrf/include/dfu/dfu_target_smp.h:49:5:dfu_target_smp_client_init	8	static
/home/ee/ncs/nrf/include/dfu/dfu_target_smp.h:81:6:dfu_target_smp_identify	0	static
/home/ee/ncs/nrf/include/dfu/dfu_target_smp.h:92:5:dfu_target_smp_init	0	static
/home/ee/ncs/nrf/include/dfu/dfu_target_smp.h:101:5:dfu_target_smp_offset_get	0	static
/home/ee/ncs/nrf/include/dfu/dfu_target_smp.h:111:5:dfu_target_smp_write	24	static
/home/ee/ncs/nrf/include/dfu/dfu_target_smp.h:120:5:dfu_target_smp_done	32	static
/home/ee/ncs/nrf/include/dfu/dfu_target_smp.h:134:5:dfu_target_smp_schedule_update	40	static
/home/ee/ncs/nrf/include/dfu/dfu_target_smp.h:143:5:dfu_target_smp_reset	8	static
/home/ee/ncs/nrf/include/dfu/dfu_target_smp.h:65:5:dfu_target_smp_reboot	8	static
/home/ee/ncs/nrf/include/dfu/dfu_target_smp.h:74:5:dfu_target_smp_confirm_image	32	static
/home/ee/ncs/nrf/include/dfu/dfu_target_smp.h:42:5:dfu_target_smp_recovery_mode_enable	0	static
/home/ee/ncs/nrf/include/dfu/dfu_target_smp.h:58:5:dfu_target_smp_image_list_get	16	static
