/home/ee/ncs/zephyr/include/zephyr/sys/slist.h:365:1:sys_slist_insert	0	static
/home/ee/ncs/zephyr/include/zephyr/sys/slist.h:408:1:sys_slist_remove	0	static
/home/ee/ncs/zephyr/include/zephyr/sys/slist.h:450:1:sys_slist_find_and_remove	8	static
/home/ee/ncs/zephyr/include/zephyr/sys/byteorder.h:710:20:sys_mem_swap	4	static
/home/ee/ncs/modules/crypto/mbedtls/include/psa/crypto_struct.h:383:20:psa_extend_key_usage_flags	0	static
/home/ee/ncs/zephyr/subsys/bluetooth/host/gatt.c:415:13:update_range	4	static
/home/ee/ncs/zephyr/subsys/bluetooth/host/gatt.c:638:13:cf_set_value	8	static
/home/ee/ncs/zephyr/subsys/bluetooth/host/gatt.c:1104:13:is_host_managed_ccc	0	static
/home/ee/ncs/zephyr/subsys/bluetooth/host/gatt.c:1210:16:found_attr	0	static
/home/ee/ncs/zephyr/subsys/bluetooth/host/gatt.c:1229:13:gatt_insert	8	static
/home/ee/ncs/zephyr/subsys/bluetooth/host/gatt.c:1374:13:clear_ccc_cfg	0	static
/home/ee/ncs/zephyr/subsys/bluetooth/host/gatt.c:2110:16:find_next	0	static
/home/ee/ncs/zephyr/subsys/bluetooth/host/gatt.c:2559:16:att_err_from_int	0	static
/home/ee/ncs/zephyr/subsys/bluetooth/host/gatt.c:2571:13:gatt_indicate_rsp	16	static
/home/ee/ncs/zephyr/subsys/bluetooth/host/gatt.c:2838:16:match_uuid	0	static
/home/ee/ncs/zephyr/subsys/bluetooth/host/gatt.c:3540:13:gatt_sub_is_empty	0	static
/home/ee/ncs/zephyr/subsys/bluetooth/host/gatt.c:3634:13:check_subscribe_security_level	0	static
/home/ee/ncs/zephyr/subsys/bluetooth/host/gatt.c:3756:13:gatt_mtu_rsp	16	static
/home/ee/ncs/zephyr/subsys/bluetooth/host/gatt.c:4900:13:gatt_read_mult_rsp	24	static
/home/ee/ncs/zephyr/subsys/bluetooth/host/gatt.c:5067:13:gatt_write_rsp	16	static
/home/ee/ncs/zephyr/subsys/bluetooth/host/gatt.c:5885:12:ccc_set_cb	0	static
/home/ee/ncs/zephyr/subsys/bluetooth/host/gatt.c:3718:13:gatt_sub_update	0	static
/home/ee/ncs/zephyr/subsys/bluetooth/host/gatt.c:107:16:write_name	32	static
/home/ee/ncs/zephyr/subsys/bluetooth/host/gatt.c:3547:13:gatt_sub_free	8	static
/home/ee/ncs/zephyr/subsys/bluetooth/host/gatt.c:3553:13:gatt_sub_remove	24	static
/home/ee/ncs/zephyr/subsys/bluetooth/host/gatt.c:733:12:db_hash_update	16	static
/home/ee/ncs/zephyr/subsys/bluetooth/host/gatt.c:791:16:gen_hash_m	56	static
/home/ee/ncs/zephyr/subsys/bluetooth/host/gatt.c:6348:12:db_hash_set	16	static
/home/ee/ncs/zephyr/subsys/bluetooth/host/gatt.c:4392:17:parse_service	88	static
/home/ee/ncs/zephyr/subsys/bluetooth/host/gatt.c:4213:17:parse_read_std_char_desc	64	static
/home/ee/ncs/zephyr/subsys/bluetooth/host/gatt.c:354:13:clear_sc_cfg	0	static
/home/ee/ncs/zephyr/subsys/bluetooth/host/gatt.c:708:12:db_hash_setup	48	static
/home/ee/ncs/zephyr/subsys/bluetooth/host/gatt.c:744:12:db_hash_finish	16	static
/home/ee/ncs/zephyr/subsys/bluetooth/host/gatt.c:6073:28:find_cf_cfg_by_addr	16	static
/home/ee/ncs/zephyr/subsys/bluetooth/host/gatt.c:1397:24:gatt_delayed_store_find	24	static
/home/ee/ncs/zephyr/subsys/bluetooth/host/gatt.c:326:28:find_sc_cfg	16	static
/home/ee/ncs/zephyr/subsys/bluetooth/host/gatt.c:1119:16:convert_to_id_on_match	24	static
/home/ee/ncs/zephyr/subsys/bluetooth/host/gatt.c:3603:25:gatt_sub_find_by_addr	24	static
/home/ee/ncs/zephyr/subsys/bluetooth/host/gatt.c:5721:32:ccc_find_cfg	24	static
/home/ee/ncs/zephyr/subsys/bluetooth/host/gatt.c:5746:13:ccc_clear	8	static
/home/ee/ncs/zephyr/subsys/bluetooth/host/gatt.c:5761:16:ccc_load	16	static
/home/ee/ncs/zephyr/subsys/bluetooth/host/gatt.c:6098:16:ccc_save	24	static
/home/ee/ncs/zephyr/subsys/bluetooth/host/gatt.c:6381:16:remove_peer_from_attr	16	static
/home/ee/ncs/zephyr/subsys/bluetooth/host/gatt.c:6438:25:find_gatt_sub	24	static
/home/ee/ncs/zephyr/subsys/bluetooth/host/gatt.c:6452:13:bt_gatt_clear_subscriptions	16	static
/home/ee/ncs/zephyr/include/zephyr/sys/atomic.h:170:20:atomic_test_and_set_bit	0	static
/home/ee/ncs/zephyr/subsys/bluetooth/host/gatt.c:1505:13:bt_gatt_service_init	8	static
/home/ee/ncs/zephyr/include/zephyr/sys/atomic.h:209:20:atomic_set_bit	0	static
/home/ee/ncs/zephyr/include/zephyr/sys/atomic.h:147:20:atomic_test_and_clear_bit	4	static
/home/ee/ncs/zephyr/subsys/bluetooth/host/gatt.c:552:13:set_change_aware_no_store	8	static
/home/ee/ncs/zephyr/subsys/bluetooth/host/gatt.c:867:13:db_hash_store	16	static
/home/ee/ncs/zephyr/subsys/bluetooth/host/gatt.c:604:28:find_cf_cfg	16	static
/home/ee/ncs/zephyr/subsys/bluetooth/host/gatt.c:2130:32:find_ccc_cfg	24	static
/home/ee/ncs/zephyr/subsys/bluetooth/host/gatt.c:3570:25:gatt_sub_find	16	static
/home/ee/ncs/zephyr/subsys/bluetooth/host/gatt.c:5320:13:gatt_write_ccc_rsp	24	static
/home/ee/ncs/zephyr/subsys/bluetooth/host/gatt.c:5642:13:gatt_resub_ccc_rsp	16	static
/home/ee/ncs/zephyr/subsys/bluetooth/host/gatt.c:3587:25:gatt_sub_add	8	static
/home/ee/ncs/zephyr/subsys/bluetooth/host/gatt.c:3617:25:gatt_sub_add_by_addr	16	static
/home/ee/ncs/zephyr/include/zephyr/sys/atomic.h:127:20:atomic_test_bit	0	static
/home/ee/ncs/zephyr/subsys/bluetooth/host/gatt.c:1059:12:bt_gatt_store_cf	24	static
/home/ee/ncs/zephyr/subsys/bluetooth/host/gatt.c:582:13:set_all_change_unaware	16	static
/home/ee/ncs/zephyr/subsys/bluetooth/host/gatt.c:1425:24:gatt_delayed_store_alloc	8	static
/home/ee/ncs/zephyr/subsys/bluetooth/host/gatt.c:3728:13:remove_subscriptions	32	static
/home/ee/ncs/zephyr/subsys/bluetooth/host/gatt.c:1448:13:gatt_delayed_store_enqueue	24	static
/home/ee/ncs/zephyr/subsys/bluetooth/host/gatt.c:567:13:set_change_aware	8	static
/home/ee/ncs/zephyr/subsys/bluetooth/host/gatt.c:665:16:cf_write	32	static
/home/ee/ncs/zephyr/subsys/bluetooth/host/gatt.c:1575:13:sc_indicate	8	static
/home/ee/ncs/zephyr/subsys/bluetooth/host/gatt.c:6243:12:sc_commit	8	static
/home/ee/ncs/zephyr/subsys/bluetooth/host/gatt.c:340:13:sc_store	16	static
/home/ee/ncs/zephyr/subsys/bluetooth/host/gatt.c:438:13:sc_save	32	static
/home/ee/ncs/zephyr/subsys/bluetooth/host/gatt.c:404:13:sc_reset	8	static
/home/ee/ncs/zephyr/subsys/bluetooth/host/gatt.c:359:12:bt_gatt_clear_sc	24	static
/home/ee/ncs/zephyr/subsys/bluetooth/host/gatt.c:385:13:sc_clear	24	static
/home/ee/ncs/zephyr/subsys/bluetooth/host/gatt.c:475:16:sc_ccc_cfg_write	8	static
/home/ee/ncs/zephyr/subsys/bluetooth/host/gatt.c:1415:13:gatt_delayed_store_free	0	static
/home/ee/ncs/zephyr/subsys/bluetooth/host/gatt.c:533:13:clear_cf_cfg	0	static
/home/ee/ncs/zephyr/subsys/bluetooth/host/gatt.c:1018:13:remove_cf_cfg	16	static
/home/ee/ncs/zephyr/subsys/bluetooth/host/gatt.c:1305:13:sc_indicate_rsp	8	static
/home/ee/ncs/zephyr/subsys/bluetooth/host/gatt.c:3244:13:sc_restore_rsp	16	static
/home/ee/ncs/zephyr/subsys/bluetooth/host/gatt.c:1861:16:get_service_handles	24	static
/home/ee/ncs/zephyr/subsys/bluetooth/host/gatt.c:1994:16:gatt_foreach_iter	16	static
/home/ee/ncs/zephyr/subsys/bluetooth/host/gatt.c:2034:13:foreach_attr_type_dyndb	64	static
/home/ee/ncs/zephyr/subsys/bluetooth/host/gatt.c:4125:17:parse_characteristic	88	static
/home/ee/ncs/zephyr/subsys/bluetooth/host/gatt.c:1608:13:db_changed	16	static
/home/ee/ncs/zephyr/subsys/bluetooth/host/gatt.c:2169:13:gatt_ccc_changed	24	static
/home/ee/ncs/zephyr/include/zephyr/bluetooth/gatt.h:1122:9:bt_gatt_attr_write_ccc	40	static
/home/ee/ncs/zephyr/subsys/bluetooth/host/gatt.c:3383:16:disconnected_cb	48	static
/home/ee/ncs/zephyr/subsys/bluetooth/host/gatt.c:2586:27:gatt_req_alloc	24	static
/home/ee/ncs/zephyr/subsys/bluetooth/host/gatt.c:2611:12:gatt_req_send	40	static
/home/ee/ncs/zephyr/subsys/bluetooth/host/gatt.c:3929:12:gatt_find_type	32	static
/home/ee/ncs/zephyr/subsys/bluetooth/host/gatt.c:4525:12:gatt_read_group	24	static
/home/ee/ncs/zephyr/subsys/bluetooth/host/gatt.c:4382:12:gatt_read_type	24	static
/home/ee/ncs/zephyr/subsys/bluetooth/host/gatt.c:4015:12:read_included_uuid	24	static
/home/ee/ncs/zephyr/subsys/bluetooth/host/gatt.c:4025:17:parse_include	88	static
/home/ee/ncs/zephyr/subsys/bluetooth/host/gatt.c:4672:12:gatt_find_info	24	static
/home/ee/ncs/zephyr/subsys/bluetooth/host/gatt.c:4887:12:gatt_read_uuid	24	static
/home/ee/ncs/zephyr/subsys/bluetooth/host/gatt.c:5004:12:gatt_read_mult_vl	24	static
/home/ee/ncs/zephyr/subsys/bluetooth/host/gatt.c:4931:12:gatt_read_mult	24	static
/home/ee/ncs/zephyr/subsys/bluetooth/host/gatt.c:4857:12:gatt_read_blob	24	static
/home/ee/ncs/zephyr/subsys/bluetooth/host/gatt.c:5159:12:gatt_cancel_all_writes	24	static
/home/ee/ncs/zephyr/subsys/bluetooth/host/gatt.c:5138:12:gatt_exec_write	24	static
/home/ee/ncs/zephyr/subsys/bluetooth/host/gatt.c:5377:12:gatt_write_ccc	24	static
/home/ee/ncs/zephyr/subsys/bluetooth/host/gatt.c:5659:12:gatt_resub_ccc	8	static
/home/ee/ncs/zephyr/subsys/bluetooth/host/gatt.c:5665:13:add_subscriptions	32	static
/home/ee/ncs/zephyr/subsys/bluetooth/host/gatt.c:3764:12:gatt_exchange_mtu_encode	8	static
/home/ee/ncs/zephyr/subsys/bluetooth/host/gatt.c:4003:12:read_included_uuid_encode	8	static
/home/ee/ncs/zephyr/subsys/bluetooth/host/gatt.c:4659:12:gatt_find_info_encode	8	static
/home/ee/ncs/zephyr/subsys/bluetooth/host/gatt.c:5024:12:gatt_read_encode	8	static
/home/ee/ncs/zephyr/subsys/bluetooth/host/gatt.c:4844:12:gatt_read_blob_encode	8	static
/home/ee/ncs/zephyr/subsys/bluetooth/host/gatt.c:5149:12:gatt_cancel_encode	8	static
/home/ee/ncs/zephyr/subsys/bluetooth/host/gatt.c:5128:12:gatt_exec_encode	8	static
/home/ee/ncs/zephyr/subsys/bluetooth/host/gatt.c:5260:12:gatt_prepare_write	32	static
/home/ee/ncs/zephyr/subsys/bluetooth/host/gatt.c:4951:13:gatt_read_mult_vl_rsp	48	static
/home/ee/ncs/zephyr/subsys/bluetooth/host/gatt.c:4506:12:gatt_read_group_encode	16	static
/home/ee/ncs/zephyr/subsys/bluetooth/host/gatt.c:4356:12:gatt_read_type_encode	16	static
/home/ee/ncs/zephyr/subsys/bluetooth/host/gatt.c:4991:12:gatt_read_mult_vl_encode	16	static
/home/ee/ncs/zephyr/subsys/bluetooth/host/gatt.c:4918:12:gatt_read_mult_encode	16	static
/home/ee/ncs/zephyr/subsys/bluetooth/host/gatt.c:5363:12:gatt_write_ccc_buf	16	static
/home/ee/ncs/zephyr/subsys/bluetooth/host/gatt.c:3895:12:gatt_find_type_encode	16	static
/home/ee/ncs/zephyr/subsys/bluetooth/host/gatt.c:4868:12:gatt_read_uuid_encode	16	static
/home/ee/ncs/zephyr/subsys/bluetooth/host/gatt.c:5277:12:gatt_write_encode	32	static
/home/ee/ncs/zephyr/subsys/bluetooth/host/gatt.c:5239:12:gatt_prepare_write_encode	32	static
/home/ee/ncs/zephyr/subsys/bluetooth/host/gatt.c:6174:12:sc_set	96	dynamic,bounded
/home/ee/ncs/zephyr/subsys/bluetooth/host/gatt.c:6260:12:cf_set	96	dynamic,bounded
/home/ee/ncs/zephyr/subsys/bluetooth/host/gatt.c:6420:12:bt_gatt_clear_cf	16	static
/home/ee/ncs/zephyr/subsys/bluetooth/host/gatt.c:1516:6:bt_gatt_init	8	static
/home/ee/ncs/zephyr/include/zephyr/bluetooth/gatt.h:617:6:bt_gatt_cb_register	0	static
/home/ee/ncs/zephyr/include/zephyr/bluetooth/gatt.h:681:6:bt_gatt_service_is_registered	8	static
/home/ee/ncs/zephyr/include/zephyr/bluetooth/gatt.h:807:9:bt_gatt_attr_read	16	static
/home/ee/ncs/zephyr/subsys/bluetooth/host/gatt.c:204:16:read_ppcp	32	static
/home/ee/ncs/zephyr/subsys/bluetooth/host/gatt.c:225:16:read_central_addr_res	32	static
/home/ee/ncs/zephyr/subsys/bluetooth/host/gatt.c:132:16:read_appearance	48	static
/home/ee/ncs/zephyr/subsys/bluetooth/host/gatt.c:96:16:read_name	40	static
/home/ee/ncs/zephyr/subsys/bluetooth/host/gatt.c:623:16:cf_read	48	static
/home/ee/ncs/zephyr/include/zephyr/bluetooth/gatt.h:826:9:bt_gatt_attr_read_service	40	static
/home/ee/ncs/zephyr/include/zephyr/bluetooth/gatt.h:1099:9:bt_gatt_attr_read_ccc	48	static
/home/ee/ncs/zephyr/include/zephyr/bluetooth/gatt.h:777:10:bt_gatt_attr_get_handle	16	static
/home/ee/ncs/zephyr/include/zephyr/bluetooth/gatt.h:790:10:bt_gatt_attr_value_handle	16	static
/home/ee/ncs/zephyr/include/zephyr/bluetooth/gatt.h:955:9:bt_gatt_attr_read_chrc	64	static
/home/ee/ncs/zephyr/include/zephyr/bluetooth/gatt.h:718:6:bt_gatt_foreach_attr_type	72	static
/home/ee/ncs/zephyr/subsys/bluetooth/host/gatt.c:881:13:db_hash_gen	240	static
/home/ee/ncs/zephyr/subsys/bluetooth/host/gatt.c:983:16:db_hash_read	40	static
/home/ee/ncs/zephyr/subsys/bluetooth/host/gatt.c:912:13:do_db_hash	8	static
/home/ee/ncs/zephyr/subsys/bluetooth/host/gatt.c:978:13:db_hash_process	8	static
/home/ee/ncs/zephyr/subsys/bluetooth/host/gatt.c:6364:12:db_hash_commit	8	static
/home/ee/ncs/zephyr/subsys/bluetooth/host/gatt.c:1220:35:find_attr	32	static
/home/ee/ncs/zephyr/subsys/bluetooth/host/gatt.c:1253:12:gatt_register	32	static
/home/ee/ncs/zephyr/include/zephyr/bluetooth/gatt.h:665:5:bt_gatt_service_register	32	static
/home/ee/ncs/zephyr/include/zephyr/bluetooth/gatt.h:925:9:bt_gatt_attr_read_included	56	static
/home/ee/ncs/zephyr/subsys/bluetooth/host/gatt.c:5819:12:ccc_set	312	dynamic,bounded
/home/ee/ncs/zephyr/subsys/bluetooth/host/gatt.c:5898:12:ccc_set_direct	24	static
/home/ee/ncs/zephyr/subsys/bluetooth/host/gatt.c:6403:12:bt_gatt_clear_ccc	40	static
/home/ee/ncs/zephyr/subsys/bluetooth/host/gatt.c:2849:13:gatt_find_by_uuid	24	static
/home/ee/ncs/zephyr/include/zephyr/bluetooth/gatt.h:749:22:bt_gatt_attr_next	32	static
/home/ee/ncs/zephyr/include/zephyr/bluetooth/gatt.h:1200:9:bt_gatt_attr_read_cep	32	static
/home/ee/ncs/zephyr/include/zephyr/bluetooth/gatt.h:1232:9:bt_gatt_attr_read_cud	40	static
/home/ee/ncs/zephyr/include/zephyr/bluetooth/gatt.h:1265:9:bt_gatt_attr_read_cpf	32	static
/home/ee/ncs/zephyr/include/zephyr/bluetooth/gatt.h:765:22:bt_gatt_find_by_uuid	48	static
/home/ee/ncs/zephyr/include/zephyr/bluetooth/gatt.h:1629:10:bt_gatt_get_mtu	8	static
/home/ee/ncs/zephyr/include/zephyr/bluetooth/gatt.h:1646:10:bt_gatt_get_uatt_mtu	8	static
/home/ee/ncs/zephyr/subsys/bluetooth/host/gatt.c:3177:9:bt_gatt_check_perm	16	static
/home/ee/ncs/zephyr/subsys/bluetooth/host/gatt.c:2655:12:gatt_indicate	40	static
/home/ee/ncs/zephyr/include/zephyr/bluetooth/gatt.h:1596:5:bt_gatt_indicate	64	static
/home/ee/ncs/zephyr/subsys/bluetooth/host/gatt.c:1339:13:sc_process	24	static
/home/ee/ncs/zephyr/subsys/bluetooth/host/gatt.c:3282:13:sc_restore	24	static
/home/ee/ncs/zephyr/subsys/bluetooth/host/gatt.c:2494:12:gatt_notify	32	static
/home/ee/ncs/zephyr/include/zephyr/bluetooth/gatt.h:1378:5:bt_gatt_notify_cb	64	static
/home/ee/ncs/zephyr/subsys/bluetooth/host/gatt.c:2732:16:notify_cb	48	static
/home/ee/ncs/zephyr/subsys/bluetooth/host/gatt.c:3320:16:update_ccc	40	static
/home/ee/ncs/zephyr/include/zephyr/bluetooth/gatt.h:1617:6:bt_gatt_is_subscribed	72	static
/home/ee/ncs/zephyr/include/zephyr/bluetooth/gatt.h:1694:5:bt_gatt_exchange_mtu	32	static
/home/ee/ncs/zephyr/include/zephyr/bluetooth/gatt.h:1865:5:bt_gatt_discover	56	static
/home/ee/ncs/zephyr/subsys/bluetooth/host/gatt.c:3808:13:gatt_discover_next	16	static
/home/ee/ncs/zephyr/subsys/bluetooth/host/gatt.c:3839:13:gatt_find_type_rsp	64	static
/home/ee/ncs/zephyr/subsys/bluetooth/host/gatt.c:4484:13:gatt_read_group_rsp	16	static
/home/ee/ncs/zephyr/subsys/bluetooth/host/gatt.c:4327:13:gatt_read_type_rsp	16	static
/home/ee/ncs/zephyr/subsys/bluetooth/host/gatt.c:3953:13:read_included_uuid_cb	80	static
/home/ee/ncs/zephyr/subsys/bluetooth/host/gatt.c:4537:13:gatt_find_info_rsp	96	static
/home/ee/ncs/zephyr/include/zephyr/bluetooth/gatt.h:1978:5:bt_gatt_read	24	static
/home/ee/ncs/zephyr/subsys/bluetooth/host/gatt.c:4736:13:parse_read_by_uuid	64	static
/home/ee/ncs/zephyr/subsys/bluetooth/host/gatt.c:4801:13:gatt_read_rsp	32	static
/home/ee/ncs/zephyr/include/zephyr/bluetooth/gatt.h:2056:5:bt_gatt_write_without_response_cb	48	static
/home/ee/ncs/zephyr/include/zephyr/bluetooth/gatt.h:2027:5:bt_gatt_write	32	static
/home/ee/ncs/zephyr/subsys/bluetooth/host/gatt.c:5170:13:gatt_prepare_write_rsp	40	static
/home/ee/ncs/zephyr/include/zephyr/bluetooth/gatt.h:2246:5:bt_gatt_subscribe	24	static
/home/ee/ncs/zephyr/include/zephyr/bluetooth/gatt.h:2265:5:bt_gatt_resubscribe	8	static
/home/ee/ncs/zephyr/include/zephyr/bluetooth/gatt.h:2310:6:bt_gatt_cancel	24	static
/home/ee/ncs/zephyr/include/zephyr/bluetooth/gatt.h:2290:5:bt_gatt_unsubscribe	24	static
/home/ee/ncs/zephyr/subsys/bluetooth/host/gatt.c:3643:13:call_notify_cb_and_maybe_unsubscribe	48	static
/home/ee/ncs/zephyr/subsys/bluetooth/host/gatt.c:3665:6:bt_gatt_notification	32	static
/home/ee/ncs/zephyr/subsys/bluetooth/host/gatt.c:3680:6:bt_gatt_mult_notification	48	static
/home/ee/ncs/zephyr/subsys/bluetooth/host/gatt.c:5917:6:bt_gatt_connected	80	static
/home/ee/ncs/zephyr/subsys/bluetooth/host/gatt.c:5984:6:bt_gatt_att_max_mtu_changed	24	static
/home/ee/ncs/zephyr/subsys/bluetooth/host/gatt.c:6018:6:bt_gatt_change_aware	24	static
/home/ee/ncs/zephyr/subsys/bluetooth/host/gatt.c:5995:6:bt_gatt_encrypt_change	40	static
/home/ee/ncs/zephyr/subsys/bluetooth/host/gatt.c:6132:5:bt_gatt_store_ccc	240	static
/home/ee/ncs/zephyr/subsys/bluetooth/host/gatt.c:1482:13:gatt_store_ccc_cf	24	static
/home/ee/ncs/zephyr/subsys/bluetooth/host/gatt.c:1467:13:delayed_store	16	static
/home/ee/ncs/zephyr/subsys/bluetooth/host/gatt.c:1171:13:bt_gatt_pairing_complete	16	static
/home/ee/ncs/zephyr/subsys/bluetooth/host/gatt.c:1143:13:bt_gatt_identity_resolved	48	static
/home/ee/ncs/zephyr/subsys/bluetooth/host/gatt.c:1648:13:gatt_unregister_ccc	32	static
/home/ee/ncs/zephyr/subsys/bluetooth/host/gatt.c:1683:12:gatt_unregister	16	static
/home/ee/ncs/zephyr/include/zephyr/bluetooth/gatt.h:673:5:bt_gatt_service_unregister	16	static
/home/ee/ncs/zephyr/subsys/bluetooth/host/gatt.c:6470:5:bt_gatt_clear	16	static
/home/ee/ncs/zephyr/subsys/bluetooth/host/gatt.c:6500:6:bt_gatt_disconnected	40	static
/home/ee/ncs/zephyr/subsys/bluetooth/host/gatt.c:6535:6:bt_gatt_req_set_mtu	8	static
