/home/ee/ncs/zephyr/include/zephyr/sys/byteorder.h:485:20:sys_put_le64	0	static
/home/ee/ncs/zephyr/include/zephyr/sys/byteorder.h:666:24:sys_get_le64	4	static
/home/ee/ncs/zephyr/subsys/bluetooth/host/hci_core.c:137:13:drv_quirk_no_reset	0	static
/home/ee/ncs/zephyr/subsys/bluetooth/host/hci_core.c:676:13:set_phy_conn_param	0	static
/home/ee/ncs/zephyr/subsys/bluetooth/host/hci_core.c:926:13:conn_handle_disconnected	0	static
/home/ee/ncs/zephyr/subsys/bluetooth/host/hci_core.c:942:16:conn_handle_is_disconnected	0	static
/home/ee/ncs/zephyr/subsys/bluetooth/host/hci_core.c:2130:13:update_sec_level	0	static
/home/ee/ncs/zephyr/subsys/bluetooth/host/hci_core.c:2989:23:bt_hci_evt_get_flags	0	static
/home/ee/ncs/zephyr/subsys/bluetooth/host/hci_core.c:3078:13:read_local_ver_complete	0	static
/home/ee/ncs/zephyr/subsys/bluetooth/host/hci_core.c:3091:13:read_le_features_complete	0	static
/home/ee/ncs/zephyr/subsys/bluetooth/host/hci_core.c:3196:13:read_supported_commands_complete	12	static
/home/ee/ncs/zephyr/subsys/bluetooth/host/hci_core.c:3205:13:read_local_features_complete	0	static
/home/ee/ncs/zephyr/subsys/bluetooth/host/hci_core.c:3214:13:le_read_supp_states_complete	8	static
/home/ee/ncs/zephyr/subsys/bluetooth/host/hci_core.c:3235:13:le_read_resolving_list_size_complete	0	static
/home/ee/ncs/zephyr/subsys/bluetooth/host/hci_core.c:3833:20:vs_hw_platform	0	static
/home/ee/ncs/zephyr/subsys/bluetooth/host/hci_core.c:3846:20:vs_hw_variant	0	static
/home/ee/ncs/zephyr/subsys/bluetooth/host/hci_core.c:3863:20:vs_fw_variant	0	static
/home/ee/ncs/zephyr/subsys/bluetooth/host/hci_core.c:178:12:handle_event_common	24	static
/home/ee/ncs/zephyr/subsys/bluetooth/host/hci_core.c:668:13:hci_data_buf_overflow	16	static
/home/ee/ncs/zephyr/include/zephyr/sys/atomic.h:127:20:atomic_test_bit	0	static
/home/ee/ncs/zephyr/subsys/bluetooth/host/hci_core.c:2393:13:hci_reset_complete	8	static
/home/ee/ncs/zephyr/subsys/bluetooth/host/hci_core.c:921:13:disconnected_handles_reset	8	static
/home/ee/ncs/zephyr/subsys/bluetooth/host/hci_core.c:3124:13:le_read_buffer_size_complete	8	static
/home/ee/ncs/zephyr/subsys/bluetooth/host/hci_core.c:3102:13:read_buffer_size_complete	8	static
/home/ee/ncs/zephyr/include/zephyr/sys/atomic.h:170:20:atomic_test_and_set_bit	0	static
/home/ee/ncs/zephyr/include/zephyr/net_buf.h:1454:20:net_buf_destroy	16	static
/home/ee/ncs/zephyr/include/zephyr/sys/atomic.h:228:20:atomic_set_bit_to	0	static
/home/ee/ncs/zephyr/subsys/bluetooth/host/hci_core.c:2409:13:hci_cmd_done	32	static
/home/ee/ncs/zephyr/subsys/bluetooth/host/hci_core.c:1318:13:update_conn	0	static
/home/ee/ncs/zephyr/subsys/bluetooth/host/hci_core.c:1304:13:translate_addrs	24	static
/home/ee/ncs/zephyr/subsys/bluetooth/host/hci_core.c:1155:24:find_pending_connect	8	static
/home/ee/ncs/zephyr/subsys/bluetooth/host/hci_core.c:1236:13:le_conn_complete_adv_timeout	16	static
/home/ee/ncs/zephyr/subsys/bluetooth/host/hci_core.c:2024:13:unpair	24	static
/home/ee/ncs/zephyr/subsys/bluetooth/host/hci_core.c:2074:13:unpair_remote	8	static
/home/ee/ncs/zephyr/subsys/bluetooth/host/hci_core.c:956:13:hci_disconn_complete_prio	16	static
/home/ee/ncs/zephyr/subsys/bluetooth/host/hci_core.c:984:13:hci_disconn_complete	24	static
/home/ee/ncs/zephyr/subsys/bluetooth/host/hci_core.c:1712:13:le_remote_feat_complete	24	static
/home/ee/ncs/zephyr/subsys/bluetooth/host/hci_core.c:563:13:hci_num_completed_packets	40	static
/home/ee/ncs/zephyr/subsys/bluetooth/host/hci_core.c:2319:13:hci_hardware_error	16	static
/home/ee/ncs/zephyr/subsys/bluetooth/host/hci_core.c:202:13:handle_event	72	dynamic,bounded
/home/ee/ncs/zephyr/subsys/bluetooth/host/hci_core.c:3010:13:hci_event	24	static
/home/ee/ncs/zephyr/subsys/bluetooth/host/hci_core.c:2892:13:hci_le_meta_event	8	static
/home/ee/ncs/zephyr/subsys/bluetooth/host/hci_core.c:216:13:handle_vs_event	72	dynamic,bounded
/home/ee/ncs/zephyr/subsys/bluetooth/host/hci_core.c:2699:13:hci_vendor_event	8	static
/home/ee/ncs/zephyr/subsys/bluetooth/host/hci_core.c:4089:13:rx_queue_put	16	static
/home/ee/ncs/zephyr/subsys/bluetooth/host/hci_core.c:625:13:hci_acl	32	static
/home/ee/ncs/zephyr/subsys/bluetooth/host/hci_core.c:4211:13:rx_work_handler	24	static
/home/ee/ncs/zephyr/subsys/bluetooth/host/hci_core.c:1909:13:le_conn_update_complete	24	static
/home/ee/ncs/zephyr/subsys/bluetooth/host/hci_core.c:142:6:bt_drv_quirk_no_auto_dle	0	static
/home/ee/ncs/zephyr/subsys/bluetooth/host/hci_core.c:147:6:bt_hci_cmd_state_set_init	8	static
/home/ee/ncs/zephyr/subsys/bluetooth/host/hci_core.c:230:6:bt_acl_set_ncp_sent	0	static
/home/ee/ncs/zephyr/include/zephyr/bluetooth/hci.h:60:17:bt_hci_cmd_create	32	static
/home/ee/ncs/zephyr/subsys/bluetooth/host/hci_core.c:532:9:bt_get_phy	0	static
/home/ee/ncs/zephyr/subsys/bluetooth/host/hci_core.c:546:5:bt_get_df_cte_type	0	static
/home/ee/ncs/zephyr/subsys/bluetooth/host/hci_core.c:1812:6:bt_le_conn_params_valid	0	static
/home/ee/ncs/zephyr/include/zephyr/bluetooth/bluetooth.h:2750:5:bt_unpair	24	static
/home/ee/ncs/zephyr/subsys/bluetooth/host/hci_core.c:2108:22:bt_security_err_get	0	static
/home/ee/ncs/zephyr/subsys/bluetooth/host/hci_core.c:2228:13:hci_encrypt_key_refresh_complete	24	static
/home/ee/ncs/zephyr/subsys/bluetooth/host/hci_core.c:2148:13:hci_encrypt_change	32	static
/home/ee/ncs/zephyr/include/zephyr/bluetooth/hci.h:114:5:bt_hci_get_conn_handle	0	static
/home/ee/ncs/zephyr/include/zephyr/bluetooth/hci.h:175:13:bt_hci_get_ver_str	72	static
/home/ee/ncs/zephyr/subsys/bluetooth/host/hci_core.c:3791:13:bt_dev_show_info	200	dynamic,bounded
/home/ee/ncs/zephyr/subsys/bluetooth/host/hci_core.c:4034:5:bt_send	8	static
/home/ee/ncs/zephyr/subsys/bluetooth/host/hci_core.c:4062:6:hci_event_prio	24	static
/home/ee/ncs/zephyr/subsys/bluetooth/host/hci_core.c:4103:12:bt_recv_unsafe	24	static
/home/ee/ncs/zephyr/subsys/bluetooth/host/hci_core.c:4142:5:bt_hci_recv	8	static
/home/ee/ncs/zephyr/subsys/bluetooth/host/hci_core.c:4154:6:bt_finalize_init	8	static
/home/ee/ncs/zephyr/include/zephyr/bluetooth/bluetooth.h:277:6:bt_is_ready	0	static
/home/ee/ncs/zephyr/include/zephyr/bluetooth/bluetooth.h:296:5:bt_set_name	24	static
/home/ee/ncs/zephyr/include/zephyr/bluetooth/bluetooth.h:305:13:bt_get_name	0	static
/home/ee/ncs/zephyr/include/zephyr/bluetooth/bluetooth.h:317:10:bt_get_appearance	0	static
/home/ee/ncs/zephyr/include/zephyr/bluetooth/bluetooth.h:611:5:bt_le_get_local_features	0	static
/home/ee/ncs/zephyr/subsys/bluetooth/host/hci_core.c:4543:6:bt_addr_le_is_bonded	8	static
/home/ee/ncs/zephyr/subsys/bluetooth/host/hci_core.c:4746:6:bt_tx_irq_raise	8	static
/home/ee/ncs/zephyr/include/zephyr/bluetooth/hci.h:79:5:bt_hci_cmd_send	24	static
/home/ee/ncs/zephyr/subsys/bluetooth/host/hci_core.c:235:6:bt_send_one_host_num_completed_packets	16	static
/home/ee/ncs/zephyr/subsys/bluetooth/host/hci_core.c:271:6:bt_hci_host_num_completed_packets	24	static
/home/ee/ncs/zephyr/subsys/bluetooth/host/hci_core.c:2347:13:le_ltk_reply	24	static
/home/ee/ncs/zephyr/subsys/bluetooth/host/hci_core.c:2329:13:le_ltk_neg_reply	24	static
/home/ee/ncs/zephyr/subsys/bluetooth/host/hci_core.c:2366:13:le_ltk_request	48	static
/home/ee/ncs/zephyr/subsys/bluetooth/host/hci_core.c:1838:13:le_conn_param_neg_reply	24	static
/home/ee/ncs/zephyr/subsys/bluetooth/host/hci_core.c:1857:12:le_conn_param_req_reply	16	static
/home/ee/ncs/zephyr/subsys/bluetooth/host/hci_core.c:1880:13:le_conn_param_req	32	static
/home/ee/ncs/zephyr/subsys/bluetooth/host/hci_core.c:3029:13:hci_core_send_cmd	24	static
/home/ee/ncs/zephyr/subsys/bluetooth/host/hci_core.c:4715:13:process_pending_cmd	8	static
/home/ee/ncs/zephyr/include/zephyr/bluetooth/hci.h:104:5:bt_hci_cmd_send_sync	96	dynamic,bounded
/home/ee/ncs/zephyr/subsys/bluetooth/host/hci_core.c:1986:12:set_flow_control	16	static
/home/ee/ncs/zephyr/subsys/bluetooth/host/hci_core.c:3245:12:common_init	16	static
/home/ee/ncs/zephyr/subsys/bluetooth/host/hci_core.c:3304:12:le_set_event_mask	8	static
/home/ee/ncs/zephyr/subsys/bluetooth/host/hci_core.c:3504:12:le_init	16	static
/home/ee/ncs/zephyr/subsys/bluetooth/host/hci_core.c:3695:12:bt_br_init	16	static
/home/ee/ncs/zephyr/subsys/bluetooth/host/hci_core.c:3719:12:set_event_mask	8	static
/home/ee/ncs/zephyr/subsys/bluetooth/host/hci_core.c:3879:13:hci_vs_init	168	dynamic,bounded
/home/ee/ncs/zephyr/subsys/bluetooth/host/hci_core.c:3972:12:hci_init	16	static
/home/ee/ncs/zephyr/subsys/bluetooth/host/hci_core.c:4165:12:bt_init	16	static
/home/ee/ncs/zephyr/subsys/bluetooth/host/hci_core.c:4201:13:init_work	8	static
/home/ee/ncs/zephyr/include/zephyr/bluetooth/bluetooth.h:249:5:bt_enable	32	static
/home/ee/ncs/zephyr/include/zephyr/bluetooth/hci.h:212:5:bt_hci_le_rand	24	static
/home/ee/ncs/zephyr/subsys/bluetooth/host/hci_core.c:505:5:bt_hci_le_read_max_data_len	24	static
/home/ee/ncs/zephyr/subsys/bluetooth/host/hci_core.c:688:5:bt_le_create_conn_ext	48	static
/home/ee/ncs/zephyr/subsys/bluetooth/host/hci_core.c:768:5:bt_le_create_conn_synced	48	static
/home/ee/ncs/zephyr/subsys/bluetooth/host/hci_core.c:816:12:bt_le_create_conn_legacy	40	static
/home/ee/ncs/zephyr/subsys/bluetooth/host/hci_core.c:874:5:bt_le_create_conn	8	static
/home/ee/ncs/zephyr/subsys/bluetooth/host/hci_core.c:1190:13:le_conn_complete_cancel	24	static
/home/ee/ncs/zephyr/subsys/bluetooth/host/hci_core.c:1590:13:enh_conn_complete_error_handle	64	dynamic,bounded
/home/ee/ncs/zephyr/subsys/bluetooth/host/hci_core.c:884:5:bt_le_create_conn_cancel	40	static
/home/ee/ncs/zephyr/subsys/bluetooth/host/hci_core.c:901:5:bt_hci_disconnect	16	static
/home/ee/ncs/zephyr/subsys/bluetooth/host/hci_core.c:1341:6:bt_hci_le_enh_conn_complete	88	dynamic,bounded
/home/ee/ncs/zephyr/subsys/bluetooth/host/hci_core.c:1273:13:enh_conn_complete	8	static
/home/ee/ncs/zephyr/subsys/bluetooth/host/hci_core.c:1619:13:le_enh_conn_complete	8	static
/home/ee/ncs/zephyr/subsys/bluetooth/host/hci_core.c:1677:13:le_legacy_conn_complete	40	static
/home/ee/ncs/zephyr/subsys/bluetooth/host/hci_core.c:1039:5:bt_hci_le_read_remote_features	16	static
/home/ee/ncs/zephyr/subsys/bluetooth/host/hci_core.c:1056:5:bt_hci_read_remote_version	16	static
/home/ee/ncs/zephyr/subsys/bluetooth/host/hci_core.c:1086:5:bt_le_set_data_len	24	static
/home/ee/ncs/zephyr/subsys/bluetooth/host/hci_core.c:1134:5:bt_le_set_phy	24	static
/home/ee/ncs/zephyr/include/zephyr/bluetooth/bluetooth.h:270:5:bt_disable	24	static
/home/ee/ncs/zephyr/include/zephyr/bluetooth/bluetooth.h:2621:5:bt_le_set_chan_map	24	static
/home/ee/ncs/zephyr/include/zephyr/bluetooth/bluetooth.h:2783:5:bt_configure_data_path	32	static
/home/ee/ncs/zephyr/subsys/bluetooth/host/hci_core.c:2504:13:hci_cmd_status	16	static
/home/ee/ncs/zephyr/subsys/bluetooth/host/hci_core.c:2469:13:hci_cmd_complete	72	dynamic,bounded
/home/ee/ncs/zephyr/subsys/bluetooth/host/hci_core.c:4727:13:tx_processor	8	static
