/home/ee/ncs/zephyr/include/zephyr/sys/slist.h:408:1:sys_slist_remove	0	static
/home/ee/ncs/zephyr/include/zephyr/sys/slist.h:450:1:sys_slist_find_and_remove	8	static
/home/ee/ncs/zephyr/subsys/bluetooth/host/scan.c:591:16:get_adv_props_legacy	0	static
/home/ee/ncs/zephyr/subsys/bluetooth/host/scan.c:1714:13:valid_le_scan_param	0	static
/home/ee/ncs/zephyr/subsys/bluetooth/host/scan.c:148:12:cmd_le_set_scan_enable_legacy	40	static
/home/ee/ncs/zephyr/subsys/bluetooth/host/scan.c:176:12:cmd_le_set_scan_enable	8	static
/home/ee/ncs/zephyr/include/zephyr/sys/atomic.h:127:20:atomic_test_bit	0	static
/home/ee/ncs/zephyr/subsys/bluetooth/host/scan.c:479:12:scan_check_if_state_allowed	8	static
/home/ee/ncs/zephyr/include/zephyr/sys/atomic.h:209:20:atomic_set_bit	0	static
/home/ee/ncs/zephyr/subsys/bluetooth/host/scan.c:341:13:select_scan_params	8	static
/home/ee/ncs/zephyr/subsys/bluetooth/host/scan.c:394:13:is_already_using_same_params	8	static
/home/ee/ncs/zephyr/subsys/bluetooth/host/scan.c:399:25:get_scan_action	8	static
/home/ee/ncs/zephyr/subsys/bluetooth/host/scan.c:284:12:start_le_scan_legacy	24	static
/home/ee/ncs/zephyr/subsys/bluetooth/host/scan.c:385:12:start_scan	8	static
/home/ee/ncs/zephyr/subsys/bluetooth/host/scan.c:425:12:scan_update	24	static
/home/ee/ncs/zephyr/include/zephyr/sys/atomic.h:191:20:atomic_clear_bit	0	static
/home/ee/ncs/zephyr/subsys/bluetooth/host/scan.c:102:6:bt_scan_softreset	0	static
/home/ee/ncs/zephyr/subsys/bluetooth/host/scan.c:110:6:bt_scan_reset	8	static
/home/ee/ncs/zephyr/subsys/bluetooth/host/scan.c:185:5:bt_le_scan_set_enable	8	static
/home/ee/ncs/zephyr/subsys/bluetooth/host/scan.c:335:6:bt_le_scan_active_scanner_running	0	static
/home/ee/ncs/zephyr/subsys/bluetooth/host/scan.c:494:5:bt_le_scan_user_add	16	static
/home/ee/ncs/zephyr/subsys/bluetooth/host/scan.c:520:5:bt_le_scan_user_remove	8	static
/home/ee/ncs/zephyr/subsys/bluetooth/host/scan.c:534:13:check_pending_conn	24	static
/home/ee/ncs/zephyr/subsys/bluetooth/host/scan.c:621:13:le_adv_recv	56	static
/home/ee/ncs/zephyr/subsys/bluetooth/host/scan.c:1665:6:bt_hci_le_adv_report	40	static
/home/ee/ncs/zephyr/include/zephyr/bluetooth/bluetooth.h:2530:5:bt_le_scan_start	24	static
/home/ee/ncs/zephyr/include/zephyr/bluetooth/bluetooth.h:2540:5:bt_le_scan_stop	8	static
/home/ee/ncs/zephyr/include/zephyr/bluetooth/bluetooth.h:2556:5:bt_le_scan_cb_register	0	static
/home/ee/ncs/zephyr/include/zephyr/bluetooth/bluetooth.h:2565:6:bt_le_scan_cb_unregister	8	static
/home/ee/ncs/zephyr/subsys/bluetooth/host/scan.c:2442:6:bt_le_explicit_scanner_running	0	static
/home/ee/ncs/zephyr/subsys/bluetooth/host/scan.c:2447:6:bt_le_explicit_scanner_uses_same_params	0	static
