/home/ee/ncs/zephyr/subsys/bluetooth/host/smp.c:311:13:le_sc_supported	0	static
/home/ee/ncs/zephyr/subsys/bluetooth/host/smp.c:453:29:security_err_get	0	static
/home/ee/ncs/zephyr/subsys/bluetooth/host/smp.c:511:16:smp_err_get	0	static
/home/ee/ncs/zephyr/subsys/bluetooth/host/smp.c:601:16:get_encryption_key_size	0	static
/home/ee/ncs/zephyr/subsys/bluetooth/host/smp.c:1715:16:hci_err_get	0	static
/home/ee/ncs/zephyr/subsys/bluetooth/host/smp.c:2629:16:smp_encrypt_info	0	static
/home/ee/ncs/zephyr/subsys/bluetooth/host/smp.c:2634:16:smp_central_ident	0	static
/home/ee/ncs/zephyr/subsys/bluetooth/host/smp.c:3649:13:le_sc_oob_data_req_check	0	static
/home/ee/ncs/zephyr/subsys/bluetooth/host/smp.c:3656:13:le_sc_oob_data_rsp_check	0	static
/home/ee/ncs/zephyr/subsys/bluetooth/host/smp.c:3663:28:le_sc_oob_config_set	16	static
/home/ee/ncs/zephyr/subsys/bluetooth/host/smp.c:4079:16:smp_signing_info	0	static
/home/ee/ncs/zephyr/subsys/bluetooth/host/smp.c:5755:13:le_sc_oob_data_check	24	static
/home/ee/ncs/zephyr/subsys/bluetooth/host/smp.c:2775:23:smp_chan_get	16	static
/home/ee/ncs/zephyr/subsys/bluetooth/host/smp.c:6100:12:bt_smp_accept	16	static
/home/ee/ncs/zephyr/subsys/bluetooth/host/smp.c:4540:16:smp_keypress_notif	0	static
/home/ee/ncs/zephyr/include/zephyr/sys/atomic.h:127:20:atomic_test_bit	0	static
/home/ee/ncs/zephyr/subsys/bluetooth/host/smp.c:3568:23:smp_find	16	static
/home/ee/ncs/zephyr/subsys/bluetooth/host/smp.c:381:13:smp_keys_check	16	static
/home/ee/ncs/zephyr/subsys/bluetooth/host/smp.c:619:13:update_keys_check	24	static
/home/ee/ncs/zephyr/subsys/bluetooth/host/smp.c:2720:16:remote_sec_level_reachable	8	static
/home/ee/ncs/zephyr/subsys/bluetooth/host/smp.c:4574:13:is_in_pairing_procedure	8	static
/home/ee/ncs/zephyr/subsys/bluetooth/host/smp.c:320:38:latch_auth_cb	0	static
/home/ee/ncs/zephyr/subsys/bluetooth/host/smp.c:335:16:get_io_capa	8	static
/home/ee/ncs/zephyr/subsys/bluetooth/host/smp.c:417:16:get_pair_method	8	static
/home/ee/ncs/zephyr/subsys/bluetooth/host/smp.c:2756:13:sec_level_reachable	16	static
/home/ee/ncs/zephyr/subsys/bluetooth/host/smp.c:328:13:latch_bondable	0	static
/home/ee/ncs/zephyr/subsys/bluetooth/host/smp.c:2683:16:get_auth	16	static
/home/ee/ncs/zephyr/subsys/bluetooth/host/smp.c:1686:13:smp_reset	16	static
/home/ee/ncs/zephyr/subsys/bluetooth/host/smp.c:3928:13:convert_to_id_on_match	16	static
/home/ee/ncs/zephyr/subsys/bluetooth/host/smp.c:4999:12:smp_d1	8	static
/home/ee/ncs/zephyr/include/zephyr/sys/atomic.h:147:20:atomic_test_and_clear_bit	4	static
/home/ee/ncs/zephyr/subsys/bluetooth/host/smp.c:3605:16:sc_smp_check_confirm	48	static
/home/ee/ncs/zephyr/subsys/bluetooth/host/smp.c:570:24:smp_create_pdu	16	static
/home/ee/ncs/zephyr/subsys/bluetooth/host/smp.c:1839:13:smp_send	24	static
/home/ee/ncs/zephyr/subsys/bluetooth/host/smp.c:1971:16:smp_send_pairing_confirm	32	static
/home/ee/ncs/zephyr/subsys/bluetooth/host/smp.c:3377:16:sc_smp_send_dhkey_check	16	static
/home/ee/ncs/zephyr/subsys/bluetooth/host/smp.c:3087:16:sc_send_public_key	16	static
/home/ee/ncs/zephyr/subsys/bluetooth/host/smp.c:3211:16:smp_pairing_rsp	16	static
/home/ee/ncs/zephyr/subsys/bluetooth/host/smp.c:1906:16:smp_send_pairing_random	16	static
/home/ee/ncs/zephyr/subsys/bluetooth/host/smp.c:3331:16:smp_pairing_confirm	24	static
/home/ee/ncs/zephyr/subsys/bluetooth/host/smp.c:2173:16:send_pairing_rsp	16	static
/home/ee/ncs/zephyr/subsys/bluetooth/host/smp.c:3398:16:compute_and_send_central_dhcheck	80	static
/home/ee/ncs/zephyr/subsys/bluetooth/host/smp.c:3442:16:compute_and_check_and_send_periph_dhcheck	96	static
/home/ee/ncs/zephyr/subsys/bluetooth/host/smp.c:3531:16:smp_dhkey_ready	16	static
/home/ee/ncs/zephyr/subsys/bluetooth/host/smp.c:4207:31:display_passkey	16	static
/home/ee/ncs/zephyr/subsys/bluetooth/host/smp.c:3515:16:smp_dhkey_generate	16	static
/home/ee/ncs/zephyr/subsys/bluetooth/host/smp.c:4193:31:generate_dhkey	8	static
/home/ee/ncs/zephyr/subsys/bluetooth/host/smp.c:4236:16:smp_public_key_periph	32	static
/home/ee/ncs/zephyr/subsys/bluetooth/host/smp.c:4642:13:pub_key_ready_notify	8	static
/home/ee/ncs/zephyr/subsys/bluetooth/host/smp.c:4415:16:smp_dhkey_check	88	static
/home/ee/ncs/zephyr/subsys/bluetooth/host/smp.c:664:13:update_debug_keys_check	8	static
/home/ee/ncs/zephyr/subsys/bluetooth/host/smp.c:2640:12:smp_init	16	static
/home/ee/ncs/zephyr/subsys/bluetooth/host/smp.c:3112:12:smp_send_pairing_req	24	static
/home/ee/ncs/zephyr/subsys/bluetooth/host/smp.c:4086:16:smp_security_request	48	static
/home/ee/ncs/zephyr/subsys/bluetooth/host/smp.c:2874:12:smp_send_security_req	24	static
/home/ee/ncs/zephyr/subsys/bluetooth/host/smp.c:2939:16:smp_pairing_req	24	static
/home/ee/ncs/zephyr/subsys/bluetooth/host/smp.c:2092:16:bt_smp_distribute_keys	72	dynamic,bounded
/home/ee/ncs/zephyr/subsys/bluetooth/host/smp.c:4298:16:smp_public_key	32	static
/home/ee/ncs/zephyr/subsys/bluetooth/host/smp.c:3860:16:smp_ident_info	72	dynamic,bounded
/home/ee/ncs/zephyr/subsys/bluetooth/host/smp.c:3883:16:smp_id_add_replace	24	static
/home/ee/ncs/zephyr/subsys/bluetooth/host/smp.c:3694:16:smp_pairing_random	40	static
/home/ee/ncs/zephyr/subsys/bluetooth/host/smp.c:4701:13:bt_smp_connected	16	static
/home/ee/ncs/zephyr/include/zephyr/bluetooth/conn.h:2010:6:bt_set_bondable	0	static
/home/ee/ncs/zephyr/include/zephyr/bluetooth/conn.h:2021:6:bt_get_bondable	0	static
/home/ee/ncs/zephyr/include/zephyr/bluetooth/conn.h:2049:6:bt_le_oob_set_sc_flag	0	static
/home/ee/ncs/zephyr/include/zephyr/bluetooth/conn.h:2057:6:bt_le_oob_set_legacy_flag	0	static
/home/ee/ncs/zephyr/subsys/bluetooth/host/smp.c:2788:6:bt_smp_request_ltk	32	static
/home/ee/ncs/zephyr/subsys/bluetooth/host/smp.c:4988:5:bt_smp_sign_verify	0	static
/home/ee/ncs/zephyr/subsys/bluetooth/host/smp.c:4993:5:bt_smp_sign	0	static
/home/ee/ncs/zephyr/subsys/bluetooth/host/smp.c:5018:5:bt_smp_irk_get	32	static
/home/ee/ncs/zephyr/subsys/bluetooth/host/smp.c:5494:5:bt_smp_auth_cb_overlay	8	static
/home/ee/ncs/zephyr/subsys/bluetooth/host/smp.c:5684:5:bt_smp_le_oob_generate_sc_data	32	static
/home/ee/ncs/zephyr/subsys/bluetooth/host/smp.c:5833:5:bt_smp_le_oob_get_sc_data	16	static
/home/ee/ncs/zephyr/subsys/bluetooth/host/smp.c:5939:5:bt_smp_auth_pairing_confirm	0	static
/home/ee/ncs/zephyr/subsys/bluetooth/host/smp.c:5963:5:bt_smp_start_security	24	static
/home/ee/ncs/zephyr/subsys/bluetooth/host/smp.c:1738:13:smp_pairing_complete	32	static
/home/ee/ncs/zephyr/subsys/bluetooth/host/smp.c:1858:12:smp_error	32	static
/home/ee/ncs/zephyr/subsys/bluetooth/host/smp.c:5557:5:bt_smp_auth_passkey_entry	16	static
/home/ee/ncs/zephyr/subsys/bluetooth/host/smp.c:5604:5:bt_smp_auth_passkey_confirm	16	static
/home/ee/ncs/zephyr/subsys/bluetooth/host/smp.c:4657:13:bt_smp_pkey_ready	24	static
/home/ee/ncs/zephyr/subsys/bluetooth/host/smp.c:3579:13:bt_smp_dhkey_ready	16	static
/home/ee/ncs/zephyr/subsys/bluetooth/host/smp.c:5777:12:le_sc_oob_pairing_continue	40	static
/home/ee/ncs/zephyr/subsys/bluetooth/host/smp.c:5807:5:bt_smp_le_oob_set_sc_data	16	static
/home/ee/ncs/zephyr/subsys/bluetooth/host/smp.c:5860:5:bt_smp_auth_cancel	24	static
/home/ee/ncs/zephyr/subsys/bluetooth/host/smp.c:4579:12:bt_smp_recv	32	static
/home/ee/ncs/zephyr/subsys/bluetooth/host/smp.c:3937:16:smp_ident_addr_info	168	dynamic,bounded
/home/ee/ncs/zephyr/subsys/bluetooth/host/smp.c:693:13:smp_check_complete	8	static
/home/ee/ncs/zephyr/subsys/bluetooth/host/smp.c:734:13:smp_id_sent	8	static
/home/ee/ncs/zephyr/subsys/bluetooth/host/smp.c:3839:16:smp_pairing_failed	40	static
/home/ee/ncs/zephyr/subsys/bluetooth/host/smp.c:4749:13:bt_smp_encrypt_change	24	static
/home/ee/ncs/zephyr/subsys/bluetooth/host/smp.c:4715:13:bt_smp_disconnected	16	static
/home/ee/ncs/zephyr/subsys/bluetooth/host/smp.c:1824:13:smp_timeout	24	static
/home/ee/ncs/zephyr/subsys/bluetooth/host/smp.c:6015:6:bt_smp_update_keys	72	dynamic,bounded
/home/ee/ncs/zephyr/subsys/bluetooth/host/smp.c:6137:5:bt_smp_init	16	static
