/home/ee/ncs/zephyr/include/zephyr/sys/sflist.h:386:1:sys_sflist_append	0	static
/home/ee/ncs/zephyr/include/zephyr/sys/sflist.h:404:1:sys_sflist_append_list	4	static
/home/ee/ncs/zephyr/include/zephyr/sys/sflist.h:433:1:sys_sflist_insert	8	static
/home/ee/ncs/zephyr/include/zephyr/sys/sflist.h:476:1:sys_sflist_remove	4	static
/home/ee/ncs/zephyr/include/zephyr/sys/sflist.h:491:1:sys_sflist_find_and_remove	8	static
/home/ee/ncs/zephyr/kernel/include/ksched.h:159:20:unpend_thread_no_timeout	8	static
/home/ee/ncs/zephyr/kernel/queue.c:81:13:prepare_thread_to_run	8	static
/home/ee/ncs/zephyr/kernel/queue.c:123:16:queue_insert	40	static
/home/ee/ncs/zephyr/kernel/queue.c:30:7:z_queue_node_peek	8	static
/home/ee/sensing_fw/build_secondary/sensing_fw/zephyr/include/generated/zephyr/syscalls/kernel.h:612:13:z_impl_k_queue_init	0	static
/home/ee/sensing_fw/build_secondary/sensing_fw/zephyr/include/generated/zephyr/syscalls/kernel.h:629:13:z_impl_k_queue_cancel_wait	24	static
/home/ee/ncs/zephyr/include/zephyr/kernel.h:2089:6:k_queue_insert	16	static
/home/ee/ncs/zephyr/include/zephyr/kernel.h:2024:6:k_queue_append	16	static
/home/ee/ncs/zephyr/include/zephyr/kernel.h:2056:6:k_queue_prepend	16	static
/home/ee/sensing_fw/build_secondary/sensing_fw/zephyr/include/generated/zephyr/syscalls/kernel.h:646:16:z_impl_k_queue_alloc_append	16	static
/home/ee/sensing_fw/build_secondary/sensing_fw/zephyr/include/generated/zephyr/syscalls/kernel.h:663:16:z_impl_k_queue_alloc_prepend	16	static
/home/ee/ncs/zephyr/include/zephyr/kernel.h:2109:5:k_queue_append_list	32	static
/home/ee/ncs/zephyr/include/zephyr/kernel.h:2126:5:k_queue_merge_slist	8	static
/home/ee/sensing_fw/build_secondary/sensing_fw/zephyr/include/generated/zephyr/syscalls/kernel.h:680:15:z_impl_k_queue_get	32	static
/home/ee/ncs/zephyr/include/zephyr/kernel.h:2163:6:k_queue_remove	8	static
/home/ee/ncs/zephyr/include/zephyr/kernel.h:2179:6:k_queue_unique_append	8	static
/home/ee/sensing_fw/build_secondary/sensing_fw/zephyr/include/generated/zephyr/syscalls/kernel.h:713:15:z_impl_k_queue_peek_head	8	static
/home/ee/sensing_fw/build_secondary/sensing_fw/zephyr/include/generated/zephyr/syscalls/kernel.h:729:15:z_impl_k_queue_peek_tail	8	static
