/home/ee/ncs/modules/lib/open-amp/open-amp/lib/remoteproc/elf_loader.c:14:12:elf_is_64	0	static
/home/ee/ncs/modules/lib/open-amp/open-amp/lib/remoteproc/elf_loader.c:24:15:elf_ehdr_size	8	static
/home/ee/ncs/modules/lib/open-amp/open-amp/lib/remoteproc/elf_loader.c:34:15:elf_phoff	8	static
/home/ee/ncs/modules/lib/open-amp/open-amp/lib/remoteproc/elf_loader.c:47:15:elf_phentsize	8	static
/home/ee/ncs/modules/lib/open-amp/open-amp/lib/remoteproc/elf_loader.c:60:12:elf_phnum	8	static
/home/ee/ncs/modules/lib/open-amp/open-amp/lib/remoteproc/elf_loader.c:73:15:elf_shoff	8	static
/home/ee/ncs/modules/lib/open-amp/open-amp/lib/remoteproc/elf_loader.c:86:15:elf_shentsize	8	static
/home/ee/ncs/modules/lib/open-amp/open-amp/lib/remoteproc/elf_loader.c:99:12:elf_shnum	8	static
/home/ee/ncs/modules/lib/open-amp/open-amp/lib/remoteproc/elf_loader.c:112:12:elf_shstrndx	8	static
/home/ee/ncs/modules/lib/open-amp/open-amp/lib/remoteproc/elf_loader.c:125:15:elf_phtable_ptr	8	static
/home/ee/ncs/modules/lib/open-amp/open-amp/lib/remoteproc/elf_loader.c:138:15:elf_shtable_ptr	8	static
/home/ee/ncs/modules/lib/open-amp/open-amp/lib/remoteproc/elf_loader.c:151:15:elf_shstrtab_ptr	8	static
/home/ee/ncs/modules/lib/open-amp/open-amp/lib/remoteproc/elf_loader.c:164:13:elf_load_state	8	static
/home/ee/ncs/modules/lib/open-amp/open-amp/lib/remoteproc/elf_loader.c:177:13:elf_parse_segment	32	static
/home/ee/ncs/modules/lib/open-amp/open-amp/lib/remoteproc/elf_loader.c:216:20:elf_get_segment_from_index	16	static
/home/ee/ncs/modules/lib/open-amp/open-amp/lib/remoteproc/elf_loader.c:278:14:elf_get_section_from_index	16	static
/home/ee/ncs/modules/lib/open-amp/open-amp/lib/remoteproc/elf_loader.c:303:13:elf_parse_section	40	static
/home/ee/ncs/modules/lib/open-amp/open-amp/lib/remoteproc/elf_loader.c:356:20:elf_next_load_segment	56	static
/home/ee/ncs/modules/lib/open-amp/open-amp/lib/remoteproc/elf_loader.c:377:15:elf_info_size	8	static
/home/ee/ncs/modules/lib/open-amp/open-amp/lib/include/openamp/elf_loader.h:419:19:elf_get_entry	8	static
/home/ee/ncs/modules/lib/open-amp/open-amp/lib/remoteproc/elf_loader.c:695:5:elf_get_load_state	8	static
/home/ee/ncs/modules/lib/open-amp/open-amp/lib/include/openamp/elf_loader.h:348:5:elf_load_header	88	static
/home/ee/ncs/modules/lib/open-amp/open-amp/lib/include/openamp/elf_loader.h:390:5:elf_load	72	static
/home/ee/ncs/modules/lib/open-amp/open-amp/lib/include/openamp/elf_loader.h:406:6:elf_release	8	static
/home/ee/ncs/modules/lib/open-amp/open-amp/lib/remoteproc/elf_loader.c:241:14:elf_get_section_from_name	24	static
/home/ee/ncs/modules/lib/open-amp/open-amp/lib/include/openamp/elf_loader.h:438:5:elf_locate_rsc_table	56	static
/home/ee/ncs/modules/lib/open-amp/open-amp/lib/include/openamp/elf_loader.h:326:5:elf_identify	8	static
