/home/ee/ncs/modules/lib/open-amp/open-amp/lib/include/openamp/elf_loader.h:419:19:elf_get_entry	0	static
/home/ee/ncs/modules/lib/open-amp/open-amp/lib/remoteproc/elf_loader.c:695:5:elf_get_load_state	0	static
/home/ee/ncs/modules/lib/open-amp/open-amp/lib/include/openamp/elf_loader.h:348:5:elf_load_header	56	static
/home/ee/ncs/modules/lib/open-amp/open-amp/lib/include/openamp/elf_loader.h:406:6:elf_release	8	static
/home/ee/ncs/modules/lib/open-amp/open-amp/lib/include/openamp/elf_loader.h:438:5:elf_locate_rsc_table	40	static
/home/ee/ncs/modules/lib/open-amp/open-amp/lib/include/openamp/elf_loader.h:390:5:elf_load	64	static
/home/ee/ncs/modules/lib/open-amp/open-amp/lib/include/openamp/elf_loader.h:326:5:elf_identify	8	static
