/home/ee/ncs/modules/lib/open-amp/open-amp/lib/remoteproc/remoteproc_virtio.c:237:13:rproc_virtio_write_config	24	static
/home/ee/ncs/modules/lib/open-amp/open-amp/lib/remoteproc/remoteproc_virtio.c:215:13:rproc_virtio_read_config	16	static
/home/ee/ncs/modules/lib/open-amp/open-amp/lib/remoteproc/remoteproc_virtio.c:101:13:rproc_virtio_virtqueue_notify	8	static
/home/ee/sensing_fw/build_primary/sensing_fw/modules/libmetal/libmetal/lib/include/metal/io.h:269:1:metal_io_write.part.0	8	static
/home/ee/ncs/modules/lib/open-amp/open-amp/lib/remoteproc/remoteproc_virtio.c:19:13:rproc_virtio_delete_virtqueues	16	static
/home/ee/ncs/modules/lib/open-amp/open-amp/lib/remoteproc/remoteproc_virtio.c:187:13:rproc_virtio_set_features	32	static
/home/ee/ncs/modules/lib/open-amp/open-amp/lib/remoteproc/remoteproc_virtio.c:73:12:rproc_virtio_create_virtqueues	80	static
/home/ee/sensing_fw/build_primary/sensing_fw/modules/libmetal/libmetal/lib/include/metal/io.h:235:1:metal_io_read.constprop	16	static
/home/ee/ncs/modules/lib/open-amp/open-amp/lib/remoteproc/remoteproc_virtio.c:150:17:rproc_virtio_get_dfeatures	8	static
/home/ee/ncs/modules/lib/open-amp/open-amp/lib/remoteproc/remoteproc_virtio.c:204:17:rproc_virtio_negotiate_features	16	static
/home/ee/ncs/modules/lib/open-amp/open-amp/lib/remoteproc/remoteproc_virtio.c:167:17:rproc_virtio_get_features	16	static
/home/ee/ncs/modules/lib/open-amp/open-amp/lib/remoteproc/remoteproc_virtio.c:115:22:rproc_virtio_get_status	8	static
/home/ee/ncs/modules/lib/open-amp/open-amp/lib/remoteproc/remoteproc_virtio.c:132:13:rproc_virtio_set_status	32	static
/home/ee/ncs/modules/lib/open-amp/open-amp/lib/remoteproc/remoteproc_virtio.c:259:13:rproc_virtio_reset_device	0	static
/home/ee/ncs/modules/lib/open-amp/open-amp/lib/include/openamp/remoteproc_virtio.h:78:1:rproc_virtio_create_vdev	48	static
/home/ee/ncs/modules/lib/open-amp/open-amp/lib/include/openamp/remoteproc_virtio.h:89:6:rproc_virtio_remove_vdev	8	static
/home/ee/ncs/modules/lib/open-amp/open-amp/lib/include/openamp/remoteproc_virtio.h:104:5:rproc_virtio_init_vring	12	static
/home/ee/ncs/modules/lib/open-amp/open-amp/lib/include/openamp/remoteproc_virtio.h:117:5:rproc_virtio_notified	24	static
/home/ee/ncs/modules/lib/open-amp/open-amp/lib/include/openamp/remoteproc_virtio.h:127:6:rproc_virtio_wait_remote_ready	8	static
