/home/ee/sensing_fw/build_primary/sensing_fw/modules/libmetal/libmetal/lib/include/metal/utilities.h:131:1:metal_bitmap_next_clear_bit	4	static
/home/ee/ncs/modules/lib/open-amp/open-amp/lib/rpmsg/rpmsg.c:28:17:rpmsg_get_address	16	static
/home/ee/ncs/modules/lib/open-amp/open-amp/lib/rpmsg/rpmsg.c:51:13:rpmsg_release_address	0	static
/home/ee/ncs/modules/lib/open-amp/open-amp/lib/rpmsg/rpmsg.c:70:12:rpmsg_is_address_set	0	static
/home/ee/ncs/modules/lib/open-amp/open-amp/lib/rpmsg/rpmsg.c:90:12:rpmsg_set_address	0	static
/home/ee/sensing_fw/build_primary/sensing_fw/modules/libmetal/libmetal/lib/include/metal/system/zephyr/mutex.h:74:20:__metal_mutex_acquire	8	static
/home/ee/ncs/modules/lib/open-amp/open-amp/lib/rpmsg/rpmsg.c:101:6:rpmsg_ept_incref	0	static
/home/ee/ncs/modules/lib/open-amp/open-amp/lib/rpmsg/rpmsg.c:107:6:rpmsg_ept_decref	8	static
/home/ee/ncs/modules/lib/open-amp/open-amp/lib/rpmsg/rpmsg.c:289:13:rpmsg_unregister_endpoint	16	static
/home/ee/ncs/modules/lib/open-amp/open-amp/lib/include/openamp/rpmsg.h:178:5:rpmsg_send_offchannel_raw	24	static
/home/ee/ncs/modules/lib/open-amp/open-amp/lib/rpmsg/rpmsg.c:138:5:rpmsg_send_ns_message	56	static
/home/ee/ncs/modules/lib/open-amp/open-amp/lib/include/openamp/rpmsg.h:352:6:rpmsg_hold_rx_buffer	8	static
/home/ee/ncs/modules/lib/open-amp/open-amp/lib/include/openamp/rpmsg.h:365:6:rpmsg_release_rx_buffer	8	static
/home/ee/ncs/modules/lib/open-amp/open-amp/lib/include/openamp/rpmsg.h:411:5:rpmsg_release_tx_buffer	8	static
/home/ee/ncs/modules/lib/open-amp/open-amp/lib/include/openamp/rpmsg.h:387:7:rpmsg_get_tx_payload_buffer	8	static
/home/ee/ncs/modules/lib/open-amp/open-amp/lib/include/openamp/rpmsg.h:423:5:rpmsg_get_tx_buffer_size	8	static
/home/ee/ncs/modules/lib/open-amp/open-amp/lib/include/openamp/rpmsg.h:435:5:rpmsg_get_rx_buffer_size	8	static
/home/ee/ncs/modules/lib/open-amp/open-amp/lib/include/openamp/rpmsg.h:469:5:rpmsg_send_offchannel_nocopy	24	static
/home/ee/ncs/modules/lib/open-amp/open-amp/lib/rpmsg/rpmsg.c:259:24:rpmsg_get_endpoint	32	static
/home/ee/ncs/modules/lib/open-amp/open-amp/lib/rpmsg/rpmsg.c:302:6:rpmsg_register_endpoint	16	static
/home/ee/ncs/modules/lib/open-amp/open-amp/lib/include/openamp/rpmsg.h:576:5:rpmsg_create_ept	56	static
/home/ee/ncs/modules/lib/open-amp/open-amp/lib/include/openamp/rpmsg.h:588:6:rpmsg_destroy_ept	8	static
