/home/ee/ncs/zephyr/drivers/counter/counter_nrfx_rtc.c:83:12:start	0	static
/home/ee/ncs/zephyr/drivers/counter/counter_nrfx_rtc.c:92:12:stop	0	static
/home/ee/ncs/zephyr/drivers/counter/counter_nrfx_rtc.c:108:12:get_value	0	static
/home/ee/ncs/zephyr/drivers/counter/counter_nrfx_rtc.c:484:12:set_top_value	20	static
/home/ee/ncs/zephyr/drivers/counter/counter_nrfx_rtc.c:539:17:get_pending_int	0	static
/home/ee/ncs/zephyr/drivers/counter/counter_nrfx_rtc.c:578:17:get_top_value	0	static
/home/ee/ncs/zephyr/drivers/counter/counter_nrfx_rtc.c:585:17:get_guard_period	0	static
/home/ee/ncs/zephyr/drivers/counter/counter_nrfx_rtc.c:592:12:set_guard_period	0	static
/home/ee/ncs/zephyr/drivers/counter/counter_nrfx_rtc.c:753:1:counter_0_init	40	static
/home/ee/ncs/zephyr/drivers/counter/counter_nrfx_rtc.c:368:12:cancel_alarm	8	static
/home/ee/ncs/zephyr/drivers/counter/counter_nrfx_rtc.c:117:17:ticks_sub.isra	8	static
/home/ee/ncs/modules/hal/nordic/nrfx/haly/nrfy_rtc.h:374:25:__nrfy_internal_rtc_event_handle.isra	12	static
/home/ee/ncs/modules/hal/nordic/nrfx/haly/nrfy_rtc.h:391:29:__nrfy_internal_rtc_events_process	24	static
/home/ee/ncs/zephyr/drivers/counter/counter_nrfx_rtc.c:666:13:irq_handler	48	static
/home/ee/ncs/zephyr/drivers/counter/counter_nrfx_rtc.c:161:13:set_cc_int_pending	8	static
/home/ee/ncs/zephyr/drivers/counter/counter_nrfx_rtc.c:143:17:ticks_add.isra	0	static
/home/ee/ncs/zephyr/drivers/counter/counter_nrfx_rtc.c:183:13:handle_next_tick_case	24	static
/home/ee/ncs/zephyr/drivers/counter/counter_nrfx_rtc.c:335:12:set_channel_alarm	64	static
