/home/ee/ncs/zephyr/lib/heap/heap.h:107:25:chunk_field	0	static
/home/ee/ncs/zephyr/lib/heap/heap.h:120:20:chunk_set	0	static
/home/ee/ncs/zephyr/lib/heap/heap.h:142:25:chunk_size	8	static
/home/ee/ncs/zephyr/lib/heap/heap.h:147:20:set_chunk_used	0	static
/home/ee/ncs/zephyr/lib/heap/heap.h:172:20:set_chunk_size	0	static
/home/ee/ncs/zephyr/lib/heap/heap.c:157:18:mem_to_chunkid	0	static
/home/ee/ncs/zephyr/lib/heap/heap.h:235:25:bytes_to_chunksz.isra	0	static
/home/ee/ncs/zephyr/lib/heap/heap.h:250:19:bucket_idx.isra	8	static
/home/ee/ncs/zephyr/lib/heap/heap.c:34:13:free_list_remove_bidx	24	static
/home/ee/ncs/zephyr/lib/heap/heap.c:60:13:free_list_remove	16	static
/home/ee/ncs/zephyr/lib/heap/heap.c:211:18:alloc_chunk	32	static
/home/ee/ncs/zephyr/lib/heap/heap.c:109:13:split_chunks	24	static
/home/ee/ncs/zephyr/lib/heap/heap.c:125:13:merge_chunks	24	static
/home/ee/ncs/zephyr/lib/heap/heap.c:98:13:free_list_add	24	static
/home/ee/ncs/zephyr/lib/heap/heap.c:133:13:free_chunk	24	static
/home/ee/ncs/zephyr/include/zephyr/sys/sys_heap.h:158:6:sys_heap_free	16	static
/home/ee/ncs/zephyr/include/zephyr/sys/sys_heap.h:198:8:sys_heap_usable_size	16	static
/home/ee/ncs/zephyr/include/zephyr/sys/sys_heap.h:128:7:sys_heap_alloc	16	static
/home/ee/ncs/zephyr/include/zephyr/sys/sys_heap.h:143:7:sys_heap_aligned_alloc	32	static
/home/ee/ncs/zephyr/include/zephyr/sys/sys_heap.h:178:7:sys_heap_aligned_realloc	48	static
/home/ee/ncs/zephyr/include/zephyr/sys/sys_heap.h:109:6:sys_heap_init	24	static
