/home/ee/ncs/zephyr/subsys/ipc/ipc_service/lib/ipc_static_vrings.c:13:13:ipc_virtio_notify	8	static
/home/ee/ncs/zephyr/subsys/ipc/ipc_service/lib/ipc_static_vrings.c:24:13:ipc_virtio_set_features	0	static
/home/ee/ncs/zephyr/subsys/ipc/ipc_service/lib/ipc_static_vrings.c:29:13:ipc_virtio_set_status	0	static
/home/ee/ncs/zephyr/subsys/ipc/ipc_service/lib/ipc_static_vrings.c:43:17:ipc_virtio_get_features	0	static
/home/ee/ncs/zephyr/subsys/ipc/ipc_service/lib/ipc_static_vrings.c:48:22:ipc_virtio_get_status	0	static
/home/ee/sensing_fw/build/sensing_fw/modules/libmetal/libmetal/lib/include/metal/io.h:107:20:metal_io_finish	8	static
/home/ee/ncs/modules/lib/open-amp/open-amp/lib/include/openamp/virtqueue.h:338:33:virtqueue_allocate	16	static
/home/ee/ncs/zephyr/subsys/ipc/ipc_service/lib/ipc_static_vrings.c:73:12:vq_setup	16	static
/home/ee/ncs/zephyr/subsys/ipc/ipc_service/lib/ipc_static_vrings.c:106:12:vq_teardown	16	static
/home/ee/ncs/zephyr/include/zephyr/ipc/ipc_static_vrings.h:103:5:ipc_static_vrings_init	40	static
/home/ee/ncs/zephyr/include/zephyr/ipc/ipc_static_vrings.h:115:5:ipc_static_vrings_deinit	16	static
