/home/ee/ncs/zephyr/subsys/mgmt/mcumgr/grp/img_mgmt/include/mgmt/mcumgr/grp/img_mgmt/img_mgmt_priv.h:119:19:img_mgmt_get_opposite_slot.part.0	8	static
/home/ee/ncs/zephyr/subsys/mgmt/mcumgr/grp/img_mgmt/include/mgmt/mcumgr/grp/img_mgmt/img_mgmt_priv.h:104:19:img_mgmt_slot_to_image.part.0	8	static
/home/ee/ncs/zephyr/subsys/mgmt/mcumgr/grp/img_mgmt/src/img_mgmt_state.c:414:13:img_mgmt_state_encode_slot.isra	104	static
/home/ee/ncs/zephyr/include/zephyr/mgmt/mcumgr/grp/img_mgmt/img_mgmt.h:311:9:img_mgmt_state_flags	16	static
/home/ee/ncs/zephyr/subsys/mgmt/mcumgr/grp/img_mgmt/src/img_mgmt_state.c:147:5:img_mgmt_get_next_boot_slot	16	static
/home/ee/ncs/zephyr/include/zephyr/mgmt/mcumgr/grp/img_mgmt/img_mgmt.h:294:5:img_mgmt_state_any_pending	8	static
/home/ee/ncs/zephyr/include/zephyr/mgmt/mcumgr/grp/img_mgmt/img_mgmt.h:284:5:img_mgmt_slot_in_use	24	static
/home/ee/ncs/zephyr/include/zephyr/mgmt/mcumgr/grp/img_mgmt/img_mgmt.h:325:5:img_mgmt_state_set_pending	16	static
/home/ee/ncs/zephyr/include/zephyr/mgmt/mcumgr/grp/img_mgmt/img_mgmt.h:335:5:img_mgmt_state_confirm	32	static
/home/ee/ncs/zephyr/subsys/mgmt/mcumgr/grp/img_mgmt/src/img_mgmt_state.c:488:1:img_mgmt_state_read	48	static
/home/ee/ncs/zephyr/subsys/mgmt/mcumgr/grp/img_mgmt/src/img_mgmt_state.c:590:5:img_mgmt_set_next_boot_slot	48	static
/home/ee/ncs/zephyr/subsys/mgmt/mcumgr/grp/img_mgmt/src/img_mgmt_state.c:687:1:img_mgmt_state_write	112	static
