/home/ee/ncs/zephyr/kernel/init.c:305:12:do_device_init	8	static
/home/ee/ncs/zephyr/kernel/init.c:347:13:z_sys_init_run_level	16	static
/home/ee/ncs/zephyr/kernel/init.c:500:13:bg_thread_main	40	static
/home/ee/ncs/zephyr/kernel/init.c:195:13:z_early_memset	0	static
/home/ee/ncs/zephyr/kernel/init.c:208:13:z_early_memcpy	0	static
/home/ee/ncs/zephyr/kernel/init.c:219:6:z_bss_zero	8	static
/home/ee/sensing_fw/build_primary/sensing_fw/zephyr/include/generated/zephyr/syscalls/device.h:69:12:z_impl_device_init	8	static
/home/ee/ncs/zephyr/kernel/init.c:608:6:z_init_cpu	40	static
/home/ee/ncs/zephyr/kernel/init.c:705:13:z_early_rand_get	40	static
/home/ee/ncs/zephyr/kernel/init.c:749:20:z_cstart	32	static
