/home/ee/ncs/zephyr/kernel/mailbox.c:210:12:mbox_message_put	56	static
/home/ee/ncs/zephyr/kernel/mailbox.c:155:13:mbox_message_dispose	8	static
/home/ee/ncs/zephyr/kernel/mailbox.c:54:12:init_mbox_module	16	static
/home/ee/ncs/zephyr/include/zephyr/kernel.h:4911:6:k_mbox_init	0	static
/home/ee/ncs/zephyr/include/zephyr/kernel.h:4932:5:k_mbox_put	4	static
/home/ee/ncs/zephyr/include/zephyr/kernel.h:4948:6:k_mbox_async_put	40	static
/home/ee/ncs/zephyr/include/zephyr/kernel.h:4984:6:k_mbox_data_get	8	static
/home/ee/ncs/zephyr/include/zephyr/kernel.h:4968:5:k_mbox_get	48	static
