/home/ee/ncs/zephyr/kernel/mempool.c:12:14:z_heap_aligned_alloc	24	static
/home/ee/ncs/zephyr/include/zephyr/kernel.h:5697:6:k_free	8	static
/home/ee/ncs/zephyr/include/zephyr/kernel.h:5672:7:k_aligned_alloc	8	static
/home/ee/ncs/zephyr/include/zephyr/kernel.h:5685:7:k_malloc	8	static
/home/ee/ncs/zephyr/include/zephyr/kernel.h:5710:7:k_calloc	16	static
/home/ee/ncs/zephyr/include/zephyr/kernel.h:5729:7:k_realloc	16	static
/home/ee/ncs/zephyr/include/zephyr/kernel.h:515:6:k_thread_system_pool_assign	0	static
/home/ee/ncs/zephyr/kernel/mempool.c:160:7:z_thread_aligned_alloc	16	static
