/home/ee/ncs/zephyr/kernel/thread.c:216:15:copy_bytes	8	static
/home/ee/ncs/zephyr/kernel/thread.c:383:14:setup_thread_stack	24	static
/home/ee/ncs/zephyr/kernel/include/kthread.h:46:20:thread_schedule_new	8	static
/home/ee/ncs/zephyr/include/zephyr/kernel.h:1180:6:k_is_in_isr	0	static
/home/ee/sensing_fw/build_primary/sensing_fw/zephyr/include/generated/zephyr/syscalls/kernel.h:375:12:z_impl_k_is_preempt_thread	0	static
/home/ee/sensing_fw/build_primary/sensing_fw/zephyr/include/generated/zephyr/syscalls/kernel.h:273:12:z_impl_k_thread_priority_get	0	static
/home/ee/sensing_fw/build_primary/sensing_fw/zephyr/include/generated/zephyr/syscalls/kernel.h:422:12:z_impl_k_thread_name_set	8	static
/home/ee/ncs/zephyr/include/zephyr/kernel.h:1309:13:k_thread_name_get	0	static
/home/ee/sensing_fw/build_primary/sensing_fw/zephyr/include/generated/zephyr/syscalls/kernel.h:439:12:z_impl_k_thread_name_copy	8	static
/home/ee/ncs/zephyr/include/zephyr/kernel.h:1337:13:k_thread_state_str	32	static
/home/ee/ncs/zephyr/kernel/thread.c:333:6:z_check_stack_sentinel	0	static
/home/ee/ncs/zephyr/kernel/thread.c:742:6:z_init_thread_base	4	static
/home/ee/ncs/zephyr/kernel/thread.c:508:7:z_setup_new_thread	56	static
/home/ee/sensing_fw/build_primary/sensing_fw/zephyr/include/generated/zephyr/syscalls/kernel.h:56:16:z_impl_k_thread_create	40	static
/home/ee/ncs/zephyr/include/zephyr/kernel.h:437:20:k_thread_user_mode_enter	8	static
/home/ee/ncs/zephyr/kernel/thread.c:805:5:z_stack_space_get	4	static
/home/ee/sensing_fw/build_primary/sensing_fw/zephyr/include/generated/zephyr/syscalls/kernel.h:89:12:z_impl_k_thread_stack_space_get	8	static
/home/ee/ncs/zephyr/include/zephyr/kernel.h:6258:5:k_thread_runtime_stats_get	0	static
/home/ee/ncs/zephyr/include/zephyr/kernel.h:6267:5:k_thread_runtime_stats_all_get	0	static
/home/ee/ncs/zephyr/include/zephyr/kernel.h:6276:5:k_thread_runtime_stats_cpu_get	0	static
