/home/ee/ncs/zephyr/kernel/work.c:39:20:flag_test_and_clear	0	static
/home/ee/ncs/zephyr/kernel/work.c:66:13:handle_flush	0	static
/home/ee/ncs/zephyr/kernel/work.c:975:20:unschedule_locked	8	static
/home/ee/ncs/zephyr/kernel/work.c:227:20:notify_queue_locked.isra	0	static
/home/ee/ncs/zephyr/kernel/work.c:606:13:work_queue_main	48	static
/home/ee/ncs/zephyr/kernel/work.c:498:12:cancel_async_locked	16	static
/home/ee/ncs/zephyr/kernel/work.c:534:13:cancel_sync_locked	16	static
/home/ee/ncs/zephyr/kernel/work.c:317:12:submit_to_queue_locked	24	static
/home/ee/ncs/zephyr/kernel/work.c:864:13:work_timeout	24	static
/home/ee/ncs/zephyr/include/zephyr/kernel.h:3401:6:k_work_init	16	static
/home/ee/ncs/zephyr/kernel/work.c:437:13:work_flush_locked	24	static
/home/ee/ncs/zephyr/include/zephyr/kernel.h:3418:5:k_work_busy_get	16	static
/home/ee/ncs/zephyr/kernel/work.c:375:5:z_work_submit_to_queue	24	static
/home/ee/ncs/zephyr/include/zephyr/kernel.h:3455:5:k_work_submit_to_queue	8	static
/home/ee/ncs/zephyr/include/zephyr/kernel.h:3466:5:k_work_submit	0	static
/home/ee/ncs/zephyr/include/zephyr/kernel.h:3492:6:k_work_flush	16	static
/home/ee/ncs/zephyr/include/zephyr/kernel.h:3514:5:k_work_cancel	16	static
/home/ee/ncs/zephyr/include/zephyr/kernel.h:3546:6:k_work_cancel_sync	24	static
/home/ee/ncs/zephyr/include/zephyr/kernel.h:3557:6:k_work_queue_init	8	static
/home/ee/ncs/zephyr/include/zephyr/kernel.h:3578:6:k_work_queue_start	56	static
/home/ee/ncs/zephyr/include/zephyr/kernel.h:3616:5:k_work_queue_drain	32	static
/home/ee/ncs/zephyr/include/zephyr/kernel.h:3631:5:k_work_queue_unplug	16	static
/home/ee/ncs/zephyr/include/zephyr/kernel.h:3647:5:k_work_queue_stop	24	static
/home/ee/ncs/zephyr/include/zephyr/kernel.h:3662:6:k_work_init_delayable	16	static
/home/ee/ncs/zephyr/include/zephyr/kernel.h:3692:5:k_work_delayable_busy_get	16	static
/home/ee/ncs/zephyr/include/zephyr/kernel.h:3770:5:k_work_schedule_for_queue	32	static
/home/ee/ncs/zephyr/include/zephyr/kernel.h:3787:5:k_work_schedule	0	static
/home/ee/ncs/zephyr/include/zephyr/kernel.h:3825:5:k_work_reschedule_for_queue	32	static
/home/ee/ncs/zephyr/include/zephyr/kernel.h:3841:5:k_work_reschedule	0	static
/home/ee/ncs/zephyr/include/zephyr/kernel.h:3891:5:k_work_cancel_delayable	16	static
/home/ee/ncs/zephyr/include/zephyr/kernel.h:3921:6:k_work_cancel_delayable_sync	24	static
/home/ee/ncs/zephyr/include/zephyr/kernel.h:3868:6:k_work_flush_delayable	32	static
