/home/ee/ncs/modules/lib/nanopb/pb_decode.c:124:25:pb_readbyte	8	static
/home/ee/ncs/modules/lib/nanopb/pb_decode.c:68:25:buf_read	8	static
/home/ee/ncs/modules/lib/nanopb/pb_decode.c:81:18:pb_read	32	static
/home/ee/ncs/modules/lib/nanopb/pb_decode.c:142:14:pb_istream_from_buffer	8	static
/home/ee/ncs/modules/lib/nanopb/pb_decode.c:171:18:pb_decode_varint32	32	static
/home/ee/ncs/modules/lib/nanopb/pb_decode.c:230:18:pb_decode_varint	32	static
/home/ee/ncs/modules/lib/nanopb/pb_decode.c:278:18:pb_decode_tag	32	static
/home/ee/ncs/modules/lib/nanopb/pb_decode.c:318:18:pb_skip_field	16	static
/home/ee/ncs/modules/lib/nanopb/pb_decode.c:383:18:pb_make_string_substream	24	static
/home/ee/ncs/modules/lib/nanopb/pb_decode.c:398:18:pb_close_string_substream	16	static
/home/ee/ncs/modules/lib/nanopb/pb_decode.c:1355:6:pb_release	0	static
/home/ee/ncs/modules/lib/nanopb/pb_decode.c:1365:6:pb_decode_bool	16	static
/home/ee/ncs/modules/lib/nanopb/pb_decode.c:1375:6:pb_decode_svarint	16	static
/home/ee/ncs/modules/lib/nanopb/pb_decode.c:1389:6:pb_decode_fixed32	16	static
/home/ee/ncs/modules/lib/nanopb/pb_decode.c:1412:6:pb_decode_fixed64	16	static
/home/ee/ncs/modules/lib/nanopb/pb_decode.c:417:25:decode_basic_field	40	static
/home/ee/ncs/modules/lib/nanopb/pb_decode.c:819:25:decode_field	80	static
/home/ee/ncs/modules/lib/nanopb/pb_decode.c:972:13:pb_message_set_to_defaults	80	static
/home/ee/ncs/modules/lib/nanopb/pb_decode.c:1011:25:pb_decode_inner	152	static
/home/ee/ncs/modules/lib/nanopb/pb_decode.c:1182:18:pb_decode_ex	40	static
/home/ee/ncs/modules/lib/nanopb/pb_decode.c:1210:18:pb_decode	0	static
