/home/ee/ncs/modules/lib/nanopb/pb_encode.c:115:13:safe_read_bool	0	static
/home/ee/ncs/modules/lib/nanopb/pb_encode.c:407:25:encode_callback_field	8	static
/home/ee/ncs/modules/lib/nanopb/pb_encode.c:53:25:buf_write	8	static
/home/ee/ncs/modules/lib/nanopb/pb_encode.c:244:25:pb_check_proto3_default_value	48	static
/home/ee/ncs/modules/lib/nanopb/pb_encode.c:63:14:pb_ostream_from_buffer	4	static
/home/ee/ncs/modules/lib/nanopb/pb_encode.c:84:18:pb_write	16	static
/home/ee/ncs/modules/lib/nanopb/pb_encode.c:573:25:pb_encode_varint_32	24	static
/home/ee/ncs/modules/lib/nanopb/pb_encode.c:607:18:pb_encode_varint	16	static
/home/ee/ncs/modules/lib/nanopb/pb_encode.c:781:25:pb_enc_bool	8	static
/home/ee/ncs/modules/lib/nanopb/pb_encode.c:625:18:pb_encode_svarint	8	static
/home/ee/ncs/modules/lib/nanopb/pb_encode.c:788:25:pb_enc_varint	8	static
/home/ee/ncs/modules/lib/nanopb/pb_encode.c:637:18:pb_encode_fixed32	8	static
/home/ee/ncs/modules/lib/nanopb/pb_encode.c:654:18:pb_encode_fixed64	8	static
/home/ee/ncs/modules/lib/nanopb/pb_encode.c:836:25:pb_enc_fixed	8	static
/home/ee/ncs/modules/lib/nanopb/pb_encode.c:675:18:pb_encode_tag	8	static
/home/ee/ncs/modules/lib/nanopb/pb_encode.c:681:6:pb_encode_tag_for_field	8	static
/home/ee/ncs/modules/lib/nanopb/pb_encode.c:716:18:pb_encode_string	16	static
/home/ee/ncs/modules/lib/nanopb/pb_encode.c:861:25:pb_enc_bytes	8	static
/home/ee/ncs/modules/lib/nanopb/pb_encode.c:882:25:pb_enc_string	8	static
/home/ee/ncs/modules/lib/nanopb/pb_encode.c:954:25:pb_enc_fixed_length_bytes	8	static
/home/ee/ncs/modules/lib/nanopb/pb_encode.c:724:18:pb_encode_submessage	48	static
/home/ee/ncs/modules/lib/nanopb/pb_encode.c:935:25:pb_enc_submessage	16	static
/home/ee/ncs/modules/lib/nanopb/pb_encode.c:362:25:encode_basic_field	16	static
/home/ee/ncs/modules/lib/nanopb/pb_encode.c:128:25:encode_array	56	static
/home/ee/ncs/modules/lib/nanopb/pb_encode.c:418:25:encode_field	16	static
/home/ee/ncs/modules/lib/nanopb/pb_encode.c:474:25:default_extension_encoder	48	static
/home/ee/ncs/modules/lib/nanopb/pb_encode.c:487:37:encode_extension_field	16	static
/home/ee/ncs/modules/lib/nanopb/pb_encode.c:512:18:pb_encode	56	static
/home/ee/ncs/modules/lib/nanopb/pb_encode.c:557:6:pb_get_encoded_size	32	static
/home/ee/ncs/modules/lib/nanopb/pb_encode.c:536:18:pb_encode_ex	16	static
