/home/ee/ncs/zephyr/lib/utils/rb.c:79:12:find_and_stack	24	static
/home/ee/ncs/zephyr/lib/utils/rb.c:540:30:stack_left_limb	8	static
/home/ee/ncs/zephyr/lib/utils/rb.c:34:13:set_child	0	static
/home/ee/ncs/zephyr/lib/utils/rb.c:130:13:rotate	40	static
/home/ee/ncs/zephyr/include/zephyr/sys/rb.h:117:16:z_rb_get_minmax	0	static
/home/ee/ncs/zephyr/include/zephyr/sys/rb.h:122:6:rb_insert	48	dynamic
/home/ee/ncs/zephyr/include/zephyr/sys/rb.h:127:6:rb_remove	64	dynamic
/home/ee/ncs/zephyr/include/zephyr/sys/rb.h:115:6:z_rb_walk	16	static
/home/ee/ncs/zephyr/include/zephyr/sys/rb.h:112:16:z_rb_child	0	static
/home/ee/ncs/zephyr/include/zephyr/sys/rb.h:113:5:z_rb_is_black	0	static
/home/ee/ncs/zephyr/include/zephyr/sys/rb.h:154:6:rb_contains	16	static
/home/ee/ncs/zephyr/include/zephyr/sys/rb.h:193:16:z_rb_foreach_next	8	static
