/home/ee/ncs/zephyr/drivers/flash/soc_flash_nrf.c:287:13:flash_nrf_pages_layout	0	static
/home/ee/ncs/zephyr/drivers/flash/soc_flash_nrf.c:297:1:flash_nrf_get_parameters	0	static
/home/ee/ncs/zephyr/drivers/flash/soc_flash_nrf.c:275:12:flash_nrf_get_size	8	static
/home/ee/ncs/zephyr/drivers/flash/soc_flash_nrf.c:150:12:flash_nrf_read.part.0	16	static
/home/ee/ncs/zephyr/drivers/flash/soc_flash_nrf.c:110:20:is_regular_addr_valid	16	static
/home/ee/ncs/zephyr/drivers/flash/soc_flash_nrf.c:150:12:flash_nrf_read	16	static
/home/ee/ncs/zephyr/drivers/flash/soc_flash_nrf.c:315:12:nrf_flash_init	8	static
/home/ee/ncs/zephyr/drivers/flash/soc_flash_nrf.c:226:12:flash_nrf_erase	24	static
/home/ee/ncs/zephyr/drivers/flash/soc_flash_nrf.c:185:12:flash_nrf_write	24	static
