/home/ee/ncs/zephyr/include/zephyr/drivers/gpio.h:976:19:z_impl_gpio_pin_configure	24	static
/home/ee/sensing_fw/drivers/sensor/bosch/bhi360/bhi360_zephyr.c:263:12:bhi360_sample_fetch	16	static
/home/ee/sensing_fw/drivers/sensor/bosch/bhi360/bhi360_zephyr.c:255:13:bhi360_int_handler	0	static
/home/ee/sensing_fw/drivers/sensor/bosch/bhi360/bhi360_zephyr.c:160:15:bhi360_spi_read_wrapper	64	static
/home/ee/ncs/zephyr/include/zephyr/drivers/sensor.h:1349:19:sensor_value_from_float.isra	0	static
/home/ee/ncs/zephyr/include/zephyr/drivers/gpio.h:1697:19:gpio_pin_set_dt.isra	8	static
/home/ee/sensing_fw/drivers/sensor/bosch/bhi360/bhi360_zephyr.c:282:12:bhi360_channel_get	24	static
/home/ee/sensing_fw/drivers/sensor/bosch/bhi360/bhi360_zephyr.c:248:13:bhi360_delay_us	0	static
/home/ee/ncs/zephyr/include/zephyr/kernel.h:564:23:k_msleep.isra	8	static
/home/ee/sensing_fw/drivers/sensor/bosch/bhi360/bhi360_zephyr.c:207:15:bhi360_spi_write_wrapper	48	static
/home/ee/sensing_fw/drivers/sensor/bosch/bhi360/bhi360_zephyr.c:45:12:bhi360_init	56	static
/home/ee/sensing_fw/drivers/sensor/bosch/bhi360/bhi360_zephyr.c:361:18:bhi360_get_bhy2_dev	0	static
/home/ee/sensing_fw/drivers/sensor/bosch/bhi360/bhi360_zephyr.c:372:5:bhi360_wait_for_data	0	static
/home/ee/sensing_fw/drivers/sensor/bosch/bhi360/bhi360_zephyr.c:383:5:bhi360_process_fifo	8	static
/home/ee/sensing_fw/drivers/sensor/bosch/bhi360/bhi360_zephyr.c:406:5:bhi360_update_sensor_data	16	static
