/home/ee/ncs/zephyr/include/zephyr/sys/slist.h:392:1:sys_slist_get	0	static
/home/ee/ncs/zephyr/include/zephyr/net_buf.h:2696:22:net_buf_frags_len	0	static
/home/ee/ncs/zephyr/subsys/bluetooth/host/att.c:1368:13:attr_read_type_cb	8	static
/home/ee/ncs/zephyr/subsys/bluetooth/host/att.c:2906:19:att_op_get_type	0	static
/home/ee/ncs/zephyr/subsys/bluetooth/host/att.c:3377:13:bt_att_released	0	static
/home/ee/ncs/zephyr/subsys/bluetooth/host/att.c:2744:16:att_notify_mult	8	static
/home/ee/ncs/zephyr/subsys/bluetooth/host/att.c:2711:16:att_notify	16	static
/home/ee/ncs/zephyr/subsys/bluetooth/host/att.c:3917:13:att_chan_mtu_updated	12	static
/home/ee/ncs/zephyr/subsys/bluetooth/host/att.c:2068:16:write_cb	24	static
/home/ee/ncs/zephyr/include/zephyr/bluetooth/gatt.h:733:20:bt_gatt_foreach_attr	24	static
/home/ee/ncs/zephyr/subsys/bluetooth/host/att.c:1053:16:find_info_cb	24	static
/home/ee/ncs/zephyr/subsys/bluetooth/host/att.c:1163:16:find_type_cb	104	static
/home/ee/ncs/zephyr/subsys/bluetooth/host/att.c:1888:13:attr_read_group_cb	0	static
/home/ee/ncs/zephyr/include/zephyr/sys/slist.h:450:1:sys_slist_find_and_remove.isra	0	static
/home/ee/ncs/zephyr/include/zephyr/sys/atomic.h:170:20:atomic_test_and_set_bit.constprop	0	static
/home/ee/ncs/zephyr/subsys/bluetooth/host/att.c:3221:13:bt_att_connected	8	static
/home/ee/ncs/zephyr/subsys/bluetooth/host/att.c:1386:16:att_chan_read	56	static
/home/ee/ncs/zephyr/subsys/bluetooth/host/att.c:1906:16:read_group_cb	40	static
/home/ee/ncs/zephyr/subsys/bluetooth/host/att.c:3500:12:bt_att_accept	32	static
/home/ee/ncs/zephyr/subsys/bluetooth/host/att.c:1444:16:read_type_cb	40	static
/home/ee/ncs/zephyr/subsys/bluetooth/host/att.c:1611:16:read_cb	24	static
/home/ee/ncs/zephyr/subsys/bluetooth/host/att.c:1781:16:read_vl_cb	32	static
/home/ee/ncs/zephyr/subsys/bluetooth/host/att.c:2186:16:prep_write_cb	32	static
/home/ee/ncs/zephyr/subsys/bluetooth/host/att.c:3020:23:att_get	16	static
/home/ee/ncs/zephyr/subsys/bluetooth/host/att.c:279:29:bt_att_get_tx_meta_data	8	static
/home/ee/ncs/zephyr/subsys/bluetooth/host/att.c:332:12:chan_send	32	static
/home/ee/ncs/zephyr/subsys/bluetooth/host/att.c:543:12:chan_req_send	24	static
/home/ee/ncs/zephyr/subsys/bluetooth/host/att.c:897:12:bt_att_chan_req_send	8	static
/home/ee/ncs/zephyr/subsys/bluetooth/host/att.c:3342:13:bt_att_status	16	static
/home/ee/ncs/zephyr/subsys/bluetooth/host/att.c:910:13:att_req_send_process	24	static
/home/ee/ncs/zephyr/subsys/bluetooth/host/att.c:522:12:process_queue	16	static
/home/ee/ncs/zephyr/subsys/bluetooth/host/att.c:577:13:bt_att_sent	24	static
/home/ee/ncs/zephyr/subsys/bluetooth/host/att.c:800:13:bt_att_chan_send_rsp	16	static
/home/ee/ncs/zephyr/subsys/bluetooth/host/att.c:243:13:att_tx_destroy	40	static
/home/ee/ncs/zephyr/subsys/bluetooth/host/att.c:704:24:bt_att_chan_create_pdu	24	static
/home/ee/ncs/zephyr/subsys/bluetooth/host/att.c:2724:16:att_indicate	16	static
/home/ee/ncs/zephyr/subsys/bluetooth/host/att.c:811:13:send_err_rsp.part.0	24	static
/home/ee/ncs/zephyr/subsys/bluetooth/host/att.c:2960:12:bt_att_recv	40	static
/home/ee/ncs/zephyr/subsys/bluetooth/host/att.c:2110:16:att_write_rsp	48	static
/home/ee/ncs/zephyr/subsys/bluetooth/host/att.c:2455:16:att_write_cmd	32	static
/home/ee/ncs/zephyr/subsys/bluetooth/host/att.c:2164:16:att_write_req	32	static
/home/ee/ncs/zephyr/subsys/bluetooth/host/att.c:3045:17:bt_att_create_pdu	16	static
/home/ee/ncs/zephyr/subsys/bluetooth/host/att.c:3069:17:bt_att_create_rsp_pdu	24	static
/home/ee/ncs/zephyr/subsys/bluetooth/host/att.c:2440:16:att_exec_write_req	64	static
/home/ee/ncs/zephyr/subsys/bluetooth/host/att.c:2298:16:att_prepare_write_req	56	static
/home/ee/ncs/zephyr/subsys/bluetooth/host/att.c:1993:16:att_read_group_req	72	static
/home/ee/ncs/zephyr/subsys/bluetooth/host/att.c:1830:16:att_read_mult_vl_req	48	static
/home/ee/ncs/zephyr/subsys/bluetooth/host/att.c:1726:16:att_read_mult_req	48	static
/home/ee/ncs/zephyr/subsys/bluetooth/host/att.c:1649:16:att_read_rsp	40	static
/home/ee/ncs/zephyr/subsys/bluetooth/host/att.c:1709:16:att_read_blob_req	16	static
/home/ee/ncs/zephyr/subsys/bluetooth/host/att.c:1694:16:att_read_req	16	static
/home/ee/ncs/zephyr/subsys/bluetooth/host/att.c:1544:16:att_read_type_req	72	static
/home/ee/ncs/zephyr/subsys/bluetooth/host/att.c:1295:16:att_find_type_req	56	static
/home/ee/ncs/zephyr/subsys/bluetooth/host/att.c:1133:16:att_find_info_req	32	static
/home/ee/ncs/zephyr/subsys/bluetooth/host/att.c:835:16:att_mtu_req	24	static
/home/ee/ncs/zephyr/subsys/bluetooth/host/att.c:3867:6:bt_att_init	0	static
/home/ee/ncs/zephyr/subsys/bluetooth/host/att.c:3876:10:bt_att_get_mtu	8	static
/home/ee/ncs/zephyr/subsys/bluetooth/host/att.c:3896:10:bt_att_get_uatt_mtu	16	static
/home/ee/ncs/zephyr/subsys/bluetooth/host/att.c:3941:20:bt_att_req_alloc	24	static
/home/ee/ncs/zephyr/subsys/bluetooth/host/att.c:3966:6:bt_att_req_free	8	static
/home/ee/ncs/zephyr/subsys/bluetooth/host/att.c:946:16:att_handle_rsp	40	static
/home/ee/ncs/zephyr/subsys/bluetooth/host/att.c:2618:16:att_handle_find_info_rsp	0	static
/home/ee/ncs/zephyr/subsys/bluetooth/host/att.c:2626:16:att_handle_find_type_rsp	0	static
/home/ee/ncs/zephyr/subsys/bluetooth/host/att.c:2634:16:att_handle_read_type_rsp	0	static
/home/ee/ncs/zephyr/subsys/bluetooth/host/att.c:2642:16:att_handle_read_rsp	0	static
/home/ee/ncs/zephyr/subsys/bluetooth/host/att.c:2650:16:att_handle_read_blob_rsp	0	static
/home/ee/ncs/zephyr/subsys/bluetooth/host/att.c:2659:16:att_handle_read_mult_rsp	0	static
/home/ee/ncs/zephyr/subsys/bluetooth/host/att.c:2670:16:att_handle_read_mult_vl_rsp	0	static
/home/ee/ncs/zephyr/subsys/bluetooth/host/att.c:2679:16:att_handle_read_group_rsp	0	static
/home/ee/ncs/zephyr/subsys/bluetooth/host/att.c:2687:16:att_handle_write_rsp	0	static
/home/ee/ncs/zephyr/subsys/bluetooth/host/att.c:2695:16:att_handle_prepare_write_rsp	0	static
/home/ee/ncs/zephyr/subsys/bluetooth/host/att.c:2703:16:att_handle_exec_write_rsp	0	static
/home/ee/ncs/zephyr/subsys/bluetooth/host/att.c:2754:16:att_confirm	0	static
/home/ee/ncs/zephyr/subsys/bluetooth/host/att.c:988:16:att_mtu_rsp	16	static
/home/ee/ncs/zephyr/subsys/bluetooth/host/att.c:2569:16:att_error_rsp	16	static
/home/ee/ncs/zephyr/subsys/bluetooth/host/att.c:3293:13:bt_att_encrypt_change	16	static
/home/ee/ncs/zephyr/subsys/bluetooth/host/att.c:3237:13:bt_att_disconnected	32	static
/home/ee/ncs/zephyr/subsys/bluetooth/host/att.c:3164:13:att_timeout	144	dynamic,bounded
/home/ee/ncs/zephyr/subsys/bluetooth/host/att.c:3978:5:bt_att_send	16	static
/home/ee/ncs/zephyr/subsys/bluetooth/host/att.c:3997:5:bt_att_req_send	16	static
/home/ee/ncs/zephyr/subsys/bluetooth/host/att.c:4036:6:bt_att_req_cancel	8	static
/home/ee/ncs/zephyr/subsys/bluetooth/host/att.c:4065:20:bt_att_find_req_by_user_data	8	static
/home/ee/ncs/zephyr/subsys/bluetooth/host/att.c:4091:6:bt_att_fixed_chan_only	0	static
/home/ee/ncs/zephyr/subsys/bluetooth/host/att.c:4100:6:bt_att_clear_out_of_sync_sent	8	static
/home/ee/ncs/zephyr/subsys/bluetooth/host/att.c:4114:6:bt_att_out_of_sync_sent_on_fixed	8	static
/home/ee/ncs/zephyr/subsys/bluetooth/host/att.c:4128:6:bt_att_set_tx_meta_data	16	static
/home/ee/ncs/zephyr/subsys/bluetooth/host/att.c:4139:6:bt_att_increment_tx_meta_data_attr_count	8	static
/home/ee/ncs/zephyr/subsys/bluetooth/host/att.c:4146:6:bt_att_tx_meta_data_match	16	static
/home/ee/ncs/zephyr/subsys/bluetooth/host/att.c:4156:6:bt_att_chan_opt_valid	8	static
/home/ee/ncs/zephyr/include/zephyr/bluetooth/gatt.h:637:5:bt_gatt_authorization_cb_register	0	static
