/home/ee/ncs/zephyr/include/zephyr/sys/slist.h:318:1:sys_slist_append	0	static
/home/ee/ncs/zephyr/subsys/bluetooth/host/conn.c:809:13:acl_has_data	0	static
/home/ee/ncs/zephyr/subsys/bluetooth/host/conn.c:137:6:frag_destroy	8	static
/home/ee/ncs/zephyr/subsys/bluetooth/host/conn.c:1912:13:notify_connected	16	static
/home/ee/ncs/zephyr/include/zephyr/sys/atomic_builtin.h:59:28:atomic_get	0	static
/home/ee/ncs/zephyr/include/zephyr/sys/atomic_builtin.h:93:28:atomic_or	8	static
/home/ee/ncs/zephyr/subsys/bluetooth/host/conn.c:998:13:destroy_and_callback	24	static
/home/ee/ncs/zephyr/subsys/bluetooth/host/conn.c:148:24:get_data_frag	16	static
/home/ee/ncs/zephyr/subsys/bluetooth/host/conn.c:3023:12:bt_conn_get_tx_power_level	32	static
/home/ee/ncs/zephyr/subsys/bluetooth/host/conn.c:62:13:conn_tx_destroy	16	static
/home/ee/ncs/zephyr/subsys/bluetooth/host/conn.c:984:13:acl_get_and_clear_cb	8	static
/home/ee/ncs/zephyr/subsys/bluetooth/host/conn.c:1752:13:perform_auto_initiated_procedures.part.0	8	static
/home/ee/ncs/zephyr/subsys/bluetooth/host/conn.c:1752:13:perform_auto_initiated_procedures	16	static
/home/ee/ncs/zephyr/subsys/bluetooth/host/conn.c:1515:13:recycled_work_handler	16	static
/home/ee/ncs/zephyr/subsys/bluetooth/host/conn.c:271:13:tx_notify_process	32	static
/home/ee/ncs/zephyr/subsys/bluetooth/host/conn.c:1667:13:tx_complete_work	0	static
/home/ee/ncs/zephyr/include/zephyr/sys/slist.h:450:1:sys_slist_find_and_remove	0	static
/home/ee/ncs/zephyr/subsys/bluetooth/host/conn.c:132:17:get_frag_md	8	static
/home/ee/ncs/zephyr/subsys/bluetooth/host/conn.c:197:15:bt_conn_get_pkts	0	static
/home/ee/ncs/zephyr/subsys/bluetooth/host/conn.c:319:6:bt_conn_tx_notify	56	static
/home/ee/ncs/zephyr/subsys/bluetooth/host/conn.c:342:17:bt_conn_new	16	static
/home/ee/ncs/zephyr/subsys/bluetooth/host/conn.c:370:6:bt_conn_reset_rx_state	8	static
/home/ee/ncs/zephyr/subsys/bluetooth/host/conn.c:479:6:bt_conn_recv	24	static
/home/ee/ncs/zephyr/include/zephyr/bluetooth/conn.h:677:17:bt_conn_ref	8	static
/home/ee/ncs/zephyr/subsys/bluetooth/host/conn.c:857:6:bt_conn_data_ready	16	static
/home/ee/ncs/zephyr/subsys/bluetooth/host/conn.c:919:17:get_conn_ready	16	static
/home/ee/ncs/zephyr/include/zephyr/bluetooth/conn.h:685:6:bt_conn_unref	24	static
/home/ee/ncs/zephyr/subsys/bluetooth/host/conn.c:1157:17:conn_lookup_handle	32	static
/home/ee/ncs/zephyr/subsys/bluetooth/host/conn.c:1186:6:bt_conn_set_state	56	dynamic,bounded
/home/ee/ncs/zephyr/subsys/bluetooth/host/conn.c:790:13:conn_destroy	8	static
/home/ee/ncs/zephyr/subsys/bluetooth/host/conn.c:1394:17:bt_conn_lookup_handle	16	static
/home/ee/ncs/zephyr/include/zephyr/bluetooth/hci.h:126:17:bt_hci_conn_lookup_handle	0	static
/home/ee/ncs/zephyr/include/zephyr/bluetooth/conn.h:703:6:bt_conn_foreach	32	static
/home/ee/ncs/zephyr/subsys/bluetooth/host/conn.c:802:6:bt_conn_cleanup_all	0	static
/home/ee/ncs/zephyr/subsys/bluetooth/host/conn.c:1832:13:auto_initiated_procedures	0	static
/home/ee/ncs/zephyr/include/zephyr/bluetooth/conn.h:739:9:bt_conn_index	8	static
/home/ee/ncs/zephyr/subsys/bluetooth/host/conn.c:1605:17:bt_conn_create_pdu_timeout	32	static
/home/ee/ncs/zephyr/subsys/bluetooth/host/conn.c:1847:6:bt_conn_connected	8	static
/home/ee/ncs/zephyr/include/zephyr/bluetooth/conn.h:1225:5:bt_conn_disconnect	8	static
/home/ee/ncs/zephyr/subsys/bluetooth/host/conn.c:1032:6:bt_conn_tx_processor	64	static
/home/ee/ncs/zephyr/subsys/bluetooth/host/conn.c:1975:6:notify_le_param_updated	24	static
/home/ee/ncs/zephyr/subsys/bluetooth/host/conn.c:2045:6:le_param_req	24	static
/home/ee/ncs/zephyr/subsys/bluetooth/host/conn.c:2506:6:bt_conn_ltk_present	8	static
/home/ee/ncs/zephyr/subsys/bluetooth/host/conn.c:2525:6:bt_conn_identity_resolved	24	static
/home/ee/ncs/zephyr/subsys/bluetooth/host/conn.c:2551:5:bt_conn_le_start_encryption	32	static
/home/ee/ncs/zephyr/include/zephyr/bluetooth/conn.h:1494:9:bt_conn_enc_key_size	0	static
/home/ee/ncs/zephyr/subsys/bluetooth/host/conn.c:2641:6:bt_conn_security_changed	24	static
/home/ee/ncs/zephyr/include/zephyr/bluetooth/conn.h:1477:5:bt_conn_set_security	16	static
/home/ee/ncs/zephyr/include/zephyr/bluetooth/conn.h:1483:15:bt_conn_get_security	0	static
/home/ee/ncs/zephyr/include/zephyr/bluetooth/conn.h:1958:5:bt_conn_cb_register	8	static
/home/ee/ncs/zephyr/include/zephyr/bluetooth/conn.h:1971:5:bt_conn_cb_unregister	8	static
/home/ee/ncs/zephyr/subsys/bluetooth/host/conn.c:2787:17:bt_conn_add_le	16	static
/home/ee/ncs/zephyr/subsys/bluetooth/host/conn.c:2811:6:bt_conn_is_peer_addr_le	16	static
/home/ee/ncs/zephyr/include/zephyr/bluetooth/conn.h:719:17:bt_conn_lookup_addr_le	24	static
/home/ee/ncs/zephyr/subsys/bluetooth/host/conn.c:2766:6:bt_conn_exists_le	56	dynamic,bounded
/home/ee/ncs/zephyr/subsys/bluetooth/host/conn.c:2858:17:bt_conn_lookup_state_le	32	static
/home/ee/ncs/zephyr/include/zephyr/bluetooth/conn.h:727:21:bt_conn_get_dst	0	static
/home/ee/ncs/zephyr/include/zephyr/bluetooth/conn.h:1042:5:bt_conn_get_info	8	static
/home/ee/ncs/zephyr/include/zephyr/bluetooth/conn.h:1059:5:bt_conn_get_remote_info	8	static
/home/ee/ncs/zephyr/include/zephyr/bluetooth/conn.h:1070:5:bt_conn_le_get_tx_power_level	16	static
/home/ee/ncs/zephyr/subsys/bluetooth/host/conn.c:3934:5:bt_conn_le_conn_update	24	static
/home/ee/ncs/zephyr/subsys/bluetooth/host/conn.c:2091:12:send_conn_le_param_update	16	static
/home/ee/ncs/zephyr/subsys/bluetooth/host/conn.c:2176:13:deferred_work	32	static
/home/ee/ncs/zephyr/include/zephyr/bluetooth/conn.h:1177:5:bt_conn_le_param_update	16	static
/home/ee/ncs/zephyr/include/zephyr/bluetooth/conn.h:2442:5:bt_conn_auth_cb_register	0	static
/home/ee/ncs/zephyr/include/zephyr/bluetooth/conn.h:2458:5:bt_conn_auth_cb_overlay	0	static
/home/ee/ncs/zephyr/include/zephyr/bluetooth/conn.h:2469:5:bt_conn_auth_info_cb_register	8	static
/home/ee/ncs/zephyr/include/zephyr/bluetooth/conn.h:2479:5:bt_conn_auth_info_cb_unregister	8	static
/home/ee/ncs/zephyr/include/zephyr/bluetooth/conn.h:2491:5:bt_conn_auth_passkey_entry	0	static
/home/ee/ncs/zephyr/include/zephyr/bluetooth/conn.h:2529:5:bt_conn_auth_passkey_confirm	0	static
/home/ee/ncs/zephyr/include/zephyr/bluetooth/conn.h:2518:5:bt_conn_auth_cancel	0	static
/home/ee/ncs/zephyr/include/zephyr/bluetooth/conn.h:2540:5:bt_conn_auth_pairing_confirm	0	static
/home/ee/ncs/zephyr/subsys/bluetooth/host/conn.c:4119:17:bt_conn_lookup_index	0	static
/home/ee/ncs/zephyr/subsys/bluetooth/host/conn.c:4128:5:bt_conn_init	16	static
