/home/ee/ncs/zephyr/subsys/bluetooth/host/scan.c:148:12:cmd_le_set_scan_enable_legacy	40	static
/home/ee/ncs/zephyr/include/zephyr/sys/atomic_builtin.h:59:28:atomic_get	0	static
/home/ee/ncs/zephyr/subsys/bluetooth/host/scan.c:479:12:scan_check_if_state_allowed	8	static
/home/ee/ncs/zephyr/include/zephyr/sys/atomic.h:191:20:atomic_clear_bit.constprop	0	static
/home/ee/ncs/zephyr/subsys/bluetooth/host/scan.c:425:12:scan_update	40	static
/home/ee/ncs/zephyr/subsys/bluetooth/host/scan.c:102:6:bt_scan_softreset	0	static
/home/ee/ncs/zephyr/subsys/bluetooth/host/scan.c:110:6:bt_scan_reset	8	static
/home/ee/ncs/zephyr/subsys/bluetooth/host/scan.c:185:5:bt_le_scan_set_enable	0	static
/home/ee/ncs/zephyr/subsys/bluetooth/host/scan.c:335:6:bt_le_scan_active_scanner_running	8	static
/home/ee/ncs/zephyr/subsys/bluetooth/host/scan.c:494:5:bt_le_scan_user_add	16	static
/home/ee/ncs/zephyr/subsys/bluetooth/host/scan.c:520:5:bt_le_scan_user_remove	8	static
/home/ee/ncs/zephyr/subsys/bluetooth/host/scan.c:1665:6:bt_hci_le_adv_report	72	static
/home/ee/ncs/zephyr/include/zephyr/bluetooth/bluetooth.h:2530:5:bt_le_scan_start	24	static
/home/ee/ncs/zephyr/include/zephyr/bluetooth/bluetooth.h:2540:5:bt_le_scan_stop	0	static
/home/ee/ncs/zephyr/include/zephyr/bluetooth/bluetooth.h:2556:5:bt_le_scan_cb_register	0	static
/home/ee/ncs/zephyr/include/zephyr/bluetooth/bluetooth.h:2565:6:bt_le_scan_cb_unregister	8	static
/home/ee/ncs/zephyr/subsys/bluetooth/host/scan.c:2442:6:bt_le_explicit_scanner_running	8	static
/home/ee/ncs/zephyr/subsys/bluetooth/host/scan.c:2447:6:bt_le_explicit_scanner_uses_same_params	0	static
