/home/ee/ncs/zephyr/subsys/bluetooth/host/settings.c:120:12:set_setting	40	static
/home/ee/ncs/zephyr/subsys/bluetooth/host/settings.c:27:6:bt_settings_encode_key	56	static
/home/ee/ncs/zephyr/subsys/bluetooth/host/settings.c:97:5:bt_settings_decode_key	16	static
/home/ee/ncs/zephyr/subsys/bluetooth/host/settings.c:288:5:bt_settings_init	8	static
/home/ee/ncs/zephyr/subsys/bluetooth/host/settings.c:303:13:bt_testing_settings_store_hook	0	static
/home/ee/ncs/zephyr/subsys/bluetooth/host/settings.c:310:13:bt_testing_settings_delete_hook	0	static
/home/ee/ncs/zephyr/subsys/bluetooth/host/settings.c:315:5:bt_settings_store	64	static
/home/ee/ncs/zephyr/subsys/bluetooth/host/settings.c:428:13:do_store_id	16	static
/home/ee/ncs/zephyr/subsys/bluetooth/host/settings.c:451:13:do_store_irk	16	static
/home/ee/ncs/zephyr/subsys/bluetooth/host/settings.c:342:5:bt_settings_delete	64	static
/home/ee/ncs/zephyr/subsys/bluetooth/host/settings.c:368:5:bt_settings_store_sc	16	static
/home/ee/ncs/zephyr/subsys/bluetooth/host/settings.c:373:5:bt_settings_delete_sc	0	static
/home/ee/ncs/zephyr/subsys/bluetooth/host/settings.c:378:5:bt_settings_store_cf	16	static
/home/ee/ncs/zephyr/subsys/bluetooth/host/settings.c:383:5:bt_settings_delete_cf	0	static
/home/ee/ncs/zephyr/subsys/bluetooth/host/settings.c:388:5:bt_settings_store_ccc	16	static
/home/ee/ncs/zephyr/subsys/bluetooth/host/settings.c:393:5:bt_settings_delete_ccc	0	static
/home/ee/ncs/zephyr/subsys/bluetooth/host/settings.c:398:5:bt_settings_store_hash	16	static
/home/ee/ncs/zephyr/subsys/bluetooth/host/settings.c:403:5:bt_settings_delete_hash	0	static
/home/ee/ncs/zephyr/subsys/bluetooth/host/settings.c:408:5:bt_settings_store_name	16	static
/home/ee/ncs/zephyr/subsys/bluetooth/host/settings.c:413:5:bt_settings_delete_name	0	static
/home/ee/ncs/zephyr/subsys/bluetooth/host/settings.c:418:5:bt_settings_store_appearance	16	static
/home/ee/ncs/zephyr/subsys/bluetooth/host/settings.c:423:5:bt_settings_delete_appearance	0	static
/home/ee/ncs/zephyr/subsys/bluetooth/host/settings.c:439:5:bt_settings_store_id	8	static
/home/ee/ncs/zephyr/subsys/bluetooth/host/settings.c:446:5:bt_settings_delete_id	0	static
/home/ee/ncs/zephyr/subsys/bluetooth/host/settings.c:464:5:bt_settings_store_irk	8	static
/home/ee/ncs/zephyr/subsys/bluetooth/host/settings.c:232:12:commit_settings	24	static
/home/ee/ncs/zephyr/subsys/bluetooth/host/settings.c:472:5:bt_settings_delete_irk	0	static
/home/ee/ncs/zephyr/subsys/bluetooth/host/settings.c:477:5:bt_settings_store_link_key	16	static
/home/ee/ncs/zephyr/subsys/bluetooth/host/settings.c:482:5:bt_settings_delete_link_key	0	static
/home/ee/ncs/zephyr/subsys/bluetooth/host/settings.c:487:5:bt_settings_store_keys	16	static
/home/ee/ncs/zephyr/subsys/bluetooth/host/settings.c:492:5:bt_settings_delete_keys	0	static
