/home/ee/ncs/modules/fs/littlefs/lfs.c:306:20:lfs_pair_issync	8	static
/home/ee/ncs/modules/fs/littlefs/lfs.c:394:20:lfs_gstate_xor	4	static
/home/ee/ncs/modules/fs/littlefs/lfs.c:427:20:lfs_gstate_hasmovehere	0	static
/home/ee/ncs/modules/fs/littlefs/lfs.c:499:13:lfs_mlist_isopen	8	static
/home/ee/ncs/modules/fs/littlefs/lfs.c:512:13:lfs_mlist_remove	0	static
/home/ee/ncs/modules/fs/littlefs/lfs.c:521:13:lfs_mlist_append	0	static
/home/ee/ncs/modules/fs/littlefs/lfs.c:527:17:lfs_fs_disk_version	0	static
/home/ee/ncs/modules/fs/littlefs/lfs.c:539:17:lfs_fs_disk_version_major	8	static
/home/ee/ncs/modules/fs/littlefs/lfs.c:544:17:lfs_fs_disk_version_minor	8	static
/home/ee/ncs/modules/fs/littlefs/lfs.c:606:13:lfs_alloc_ckpoint	0	static
/home/ee/ncs/modules/fs/littlefs/lfs.c:612:13:lfs_alloc_drop	8	static
/home/ee/ncs/modules/fs/littlefs/lfs.c:619:12:lfs_alloc_lookahead	4	static
/home/ee/ncs/modules/fs/littlefs/lfs.c:845:12:lfs_dir_traverse_filter	4	static
/home/ee/ncs/modules/fs/littlefs/lfs.c:1892:12:lfs_dir_commit_size	0	static
/home/ee/ncs/modules/fs/littlefs/lfs.c:1916:13:lfs_dir_needsrelocation	0	static
/home/ee/ncs/modules/fs/littlefs/lfs.c:2740:12:lfs_dir_close_	8	static
/home/ee/ncs/modules/fs/littlefs/lfs.c:2829:19:lfs_dir_tell_	0	static
/home/ee/ncs/modules/fs/littlefs/lfs.c:3815:19:lfs_file_tell_	0	static
/home/ee/ncs/modules/fs/littlefs/lfs.c:3829:19:lfs_file_size_	0	static
/home/ee/ncs/modules/fs/littlefs/lfs.c:4832:13:lfs_fs_prepsuperblock	0	static
/home/ee/ncs/modules/fs/littlefs/lfs.c:4850:13:lfs_fs_prepmove	4	static
/home/ee/ncs/modules/fs/littlefs/lfs.c:5116:12:lfs_fs_size_count	0	static
/home/ee/ncs/modules/fs/littlefs/lfs.c:278:12:lfs_bd_erase	8	static
/home/ee/ncs/modules/fs/littlefs/lfs.c:4838:12:lfs_fs_preporphans	8	static
/home/ee/ncs/modules/fs/littlefs/lfs.c:41:20:lfs_cache_zero	8	static
/home/ee/ncs/modules/fs/littlefs/lfs.c:2848:12:lfs_ctz_index	24	static
/home/ee/ncs/modules/fs/littlefs/lfs.c:47:12:lfs_bd_read	64	static
/home/ee/ncs/modules/fs/littlefs/lfs.c:711:19:lfs_dir_getslice	72	static
/home/ee/ncs/modules/fs/littlefs/lfs.c:776:19:lfs_dir_get	24	static
/home/ee/ncs/modules/fs/littlefs/lfs.c:1387:12:lfs_dir_getgstate	32	static
/home/ee/ncs/modules/fs/littlefs/lfs.c:2995:12:lfs_ctz_traverse	72	static
/home/ee/ncs/modules/fs/littlefs/lfs.c:4774:12:lfs_fs_parent_match	40	static
/home/ee/ncs/modules/fs/littlefs/lfs.c:905:12:lfs_dir_traverse	224	static
/home/ee/ncs/modules/fs/littlefs/lfs.c:783:12:lfs_dir_getread	64	static
/home/ee/ncs/modules/fs/littlefs/lfs.c:130:12:lfs_bd_cmp	72	static
/home/ee/ncs/modules/fs/littlefs/lfs.c:179:12:lfs_bd_flush	48	static
/home/ee/ncs/modules/fs/littlefs/lfs.c:230:12:lfs_bd_prog	48	static
/home/ee/ncs/modules/fs/littlefs/lfs.c:214:12:lfs_bd_sync	16	static
/home/ee/ncs/modules/fs/littlefs/lfs.c:1445:12:lfs_dir_find_match	32	static
/home/ee/ncs/modules/fs/littlefs/lfs.c:2861:12:lfs_ctz_find	64	static
/home/ee/ncs/modules/fs/littlefs/lfs.c:3461:20:lfs_file_flushedread	56	static
/home/ee/ncs/modules/fs/littlefs/lfs.c:157:12:lfs_bd_crc	72	static
/home/ee/ncs/modules/fs/littlefs/lfs.c:1100:19:lfs_dir_fetchmatch	176	dynamic,bounded
/home/ee/ncs/modules/fs/littlefs/lfs.c:4795:19:lfs_fs_parent	128	dynamic,bounded
/home/ee/ncs/modules/fs/littlefs/lfs.c:1379:12:lfs_dir_fetch	24	static
/home/ee/ncs/modules/fs/littlefs/lfs.c:4622:5:lfs_fs_traverse_	160	dynamic,bounded
/home/ee/ncs/modules/fs/littlefs/lfs.c:633:12:lfs_alloc_scan	16	static
/home/ee/ncs/modules/fs/littlefs/lfs.c:658:12:lfs_alloc	80	dynamic,bounded
/home/ee/ncs/modules/fs/littlefs/lfs.c:1792:12:lfs_dir_alloc	32	static
/home/ee/ncs/modules/fs/littlefs/lfs.c:3235:12:lfs_file_relocate	56	static
/home/ee/ncs/modules/fs/littlefs/lfs.c:3306:12:lfs_file_outline	16	static
/home/ee/ncs/modules/fs/littlefs/lfs.c:2896:12:lfs_ctz_extend	80	static
/home/ee/ncs/modules/fs/littlefs/lfs.c:3541:20:lfs_file_flushedwrite	56	static
/home/ee/ncs/modules/fs/littlefs/lfs.c:3319:12:lfs_file_flush	104	static
/home/ee/ncs/modules/fs/littlefs/lfs.c:3522:20:lfs_file_read_	24	static
/home/ee/ncs/modules/fs/littlefs/lfs.c:3669:19:lfs_file_seek_	32	static
/home/ee/ncs/modules/fs/littlefs/lfs.c:3820:12:lfs_file_rewind_	8	static
/home/ee/ncs/modules/fs/littlefs/lfs.c:3625:20:lfs_file_write_	32	static
/home/ee/ncs/modules/fs/littlefs/lfs.c:3733:12:lfs_file_truncate_	48	static
/home/ee/ncs/modules/fs/littlefs/lfs.c:5123:20:lfs_fs_size_	16	static
/home/ee/ncs/modules/fs/littlefs/lfs.c:4730:12:lfs_fs_pred	96	dynamic,bounded
/home/ee/ncs/modules/fs/littlefs/lfs.c:2834:12:lfs_dir_rewind_	8	static
/home/ee/ncs/modules/fs/littlefs/lfs.c:2792:12:lfs_dir_seek_	24	static
/home/ee/ncs/modules/fs/littlefs/lfs.c:4582:12:lfs_fs_stat_	80	static
/home/ee/ncs/modules/fs/littlefs/lfs.c:1581:12:lfs_dir_commitprog	40	static
/home/ee/ncs/modules/fs/littlefs/lfs.c:1598:12:lfs_dir_commitattr	64	static
/home/ee/ncs/modules/fs/littlefs/lfs.c:1909:12:lfs_dir_commit_commit	8	static
/home/ee/ncs/modules/fs/littlefs/lfs.c:1646:12:lfs_dir_commitcrc	80	static
/home/ee/ncs/modules/fs/littlefs/lfs.c:1929:12:lfs_dir_compact	192	dynamic,bounded
/home/ee/ncs/modules/fs/littlefs/lfs.c:1857:12:lfs_dir_split	80	static
/home/ee/ncs/modules/fs/littlefs/lfs.c:2102:12:lfs_dir_splittingcompact	200	dynamic,bounded
/home/ee/ncs/modules/fs/littlefs/lfs.c:2210:12:lfs_dir_relocatingcommit	144	static
/home/ee/ncs/modules/fs/littlefs/lfs.c:2383:12:lfs_dir_orphaningcommit	160	static
/home/ee/ncs/modules/fs/littlefs/lfs.c:4935:12:lfs_fs_deorphan	160	static
/home/ee/ncs/modules/fs/littlefs/lfs.c:2576:12:lfs_dir_commit	8	static
/home/ee/ncs/modules/fs/littlefs/lfs.c:4860:12:lfs_fs_desuperblock	80	static
/home/ee/ncs/modules/fs/littlefs/lfs.c:4899:12:lfs_fs_demove	56	static
/home/ee/ncs/modules/fs/littlefs/lfs.c:5066:12:lfs_fs_forceconsistency	8	static
/home/ee/ncs/modules/fs/littlefs/lfs.c:1836:12:lfs_dir_drop	24	static
/home/ee/ncs/modules/fs/littlefs/lfs.c:3400:12:lfs_file_sync_	40	static
/home/ee/ncs/modules/fs/littlefs/lfs.c:5185:12:lfs_fs_grow_	80	static
/home/ee/ncs/modules/fs/littlefs/lfs.c:5087:12:lfs_fs_mkconsistent_	64	static
/home/ee/ncs/modules/fs/littlefs/lfs.c:5135:12:lfs_fs_gc_	48	static
/home/ee/ncs/modules/fs/littlefs/lfs.c:4317:12:lfs_deinit	8	static
/home/ee/ncs/modules/fs/littlefs/lfs.c:4161:12:lfs_init	16	static
/home/ee/ncs/modules/fs/littlefs/lfs.c:4337:12:lfs_format_	104	static
/home/ee/ncs/modules/fs/littlefs/lfs.c:4576:12:lfs_unmount_	8	static
/home/ee/ncs/modules/fs/littlefs/lfs.c:4404:12:lfs_mount_	496	dynamic,bounded
/home/ee/ncs/modules/fs/littlefs/lfs.c:3215:12:lfs_file_close_	16	static
/home/ee/ncs/modules/fs/littlefs/lfs.c:1469:19:lfs_dir_find	88	static
/home/ee/ncs/modules/fs/littlefs/lfs.c:3854:12:lfs_remove_	120	static
/home/ee/ncs/modules/fs/littlefs/lfs.c:4070:20:lfs_getattr_	64	static
/home/ee/ncs/modules/fs/littlefs/lfs.c:4104:12:lfs_commitattr	64	static
/home/ee/ncs/modules/fs/littlefs/lfs.c:4128:12:lfs_setattr_	24	static
/home/ee/ncs/modules/fs/littlefs/lfs.c:4139:12:lfs_removeattr_	16	static
/home/ee/ncs/modules/fs/littlefs/lfs.c:2696:12:lfs_dir_open_	48	static
/home/ee/ncs/modules/fs/littlefs/lfs.c:3933:12:lfs_rename_	216	static
/home/ee/ncs/modules/fs/littlefs/lfs.c:3040:12:lfs_file_opencfg_	72	static
/home/ee/ncs/modules/fs/littlefs/lfs.c:3207:12:lfs_file_open_	16	static
/home/ee/ncs/modules/fs/littlefs/lfs.c:2600:12:lfs_mkdir_	184	static
/home/ee/ncs/modules/fs/littlefs/lfs.c:1405:12:lfs_dir_getinfo	40	static
/home/ee/ncs/modules/fs/littlefs/lfs.c:3843:12:lfs_stat_	56	static
/home/ee/ncs/modules/fs/littlefs/lfs.c:2747:12:lfs_dir_read_	16	static
/home/ee/ncs/modules/fs/littlefs/lfs.c:5889:5:lfs_format	8	static
/home/ee/ncs/modules/fs/littlefs/lfs.c:5919:5:lfs_mount	8	static
/home/ee/ncs/modules/fs/littlefs/lfs.c:5948:5:lfs_unmount	8	static
/home/ee/ncs/modules/fs/littlefs/lfs.c:5963:5:lfs_remove	8	static
/home/ee/ncs/modules/fs/littlefs/lfs.c:5979:5:lfs_rename	8	static
/home/ee/ncs/modules/fs/littlefs/lfs.c:5994:5:lfs_stat	8	static
/home/ee/ncs/modules/fs/littlefs/lfs.c:6008:13:lfs_getattr	16	static
/home/ee/ncs/modules/fs/littlefs/lfs.c:6025:5:lfs_setattr	16	static
/home/ee/ncs/modules/fs/littlefs/lfs.c:6043:5:lfs_removeattr	8	static
/home/ee/ncs/modules/fs/littlefs/lfs.c:6059:5:lfs_file_open	24	static
/home/ee/ncs/modules/fs/littlefs/lfs.c:6076:5:lfs_file_opencfg	32	static
/home/ee/ncs/modules/fs/littlefs/lfs.c:6096:5:lfs_file_close	16	static
/home/ee/ncs/modules/fs/littlefs/lfs.c:6112:5:lfs_file_sync	16	static
/home/ee/ncs/modules/fs/littlefs/lfs.c:6128:13:lfs_file_read	24	static
/home/ee/ncs/modules/fs/littlefs/lfs.c:6146:13:lfs_file_write	24	static
/home/ee/ncs/modules/fs/littlefs/lfs.c:6164:12:lfs_file_seek	24	static
/home/ee/ncs/modules/fs/littlefs/lfs.c:6182:5:lfs_file_truncate	16	static
/home/ee/ncs/modules/fs/littlefs/lfs.c:6199:12:lfs_file_tell	16	static
/home/ee/ncs/modules/fs/littlefs/lfs.c:6214:5:lfs_file_rewind	8	static
/home/ee/ncs/modules/fs/littlefs/lfs.c:6228:12:lfs_file_size	16	static
/home/ee/ncs/modules/fs/littlefs/lfs.c:6244:5:lfs_mkdir	8	static
/home/ee/ncs/modules/fs/littlefs/lfs.c:6259:5:lfs_dir_open	16	static
/home/ee/ncs/modules/fs/littlefs/lfs.c:6274:5:lfs_dir_close	8	static
/home/ee/ncs/modules/fs/littlefs/lfs.c:6288:5:lfs_dir_read	8	static
/home/ee/ncs/modules/fs/littlefs/lfs.c:6303:5:lfs_dir_seek	8	static
/home/ee/ncs/modules/fs/littlefs/lfs.c:6318:12:lfs_dir_tell	8	static
/home/ee/ncs/modules/fs/littlefs/lfs.c:6332:5:lfs_dir_rewind	8	static
/home/ee/ncs/modules/fs/littlefs/lfs.c:6346:5:lfs_fs_stat	8	static
/home/ee/ncs/modules/fs/littlefs/lfs.c:6360:13:lfs_fs_size	8	static
/home/ee/ncs/modules/fs/littlefs/lfs.c:6374:5:lfs_fs_traverse	8	static
/home/ee/ncs/modules/fs/littlefs/lfs.c:6390:5:lfs_fs_mkconsistent	8	static
/home/ee/ncs/modules/fs/littlefs/lfs.c:6406:5:lfs_fs_gc	8	static
/home/ee/ncs/modules/fs/littlefs/lfs.c:6422:5:lfs_fs_grow	8	static
