/home/ee/ncs/zephyr/include/zephyr/logging/log_msg.h:741:24:log_msg_generic_get_wlen	0	static
/home/ee/ncs/zephyr/subsys/logging/log_core.c:152:24:dummy_timestamp	0	static
/home/ee/ncs/zephyr/subsys/logging/log_core.c:229:24:default_get_timestamp	0	static
/home/ee/ncs/zephyr/include/zephyr/sys/atomic_builtin.h:49:28:atomic_inc	0	static
/home/ee/ncs/zephyr/subsys/logging/log_core.c:974:12:enable_logger	48	static
/home/ee/ncs/zephyr/subsys/logging/log_core.c:293:17:activate_foreach_backend	32	static
/home/ee/ncs/zephyr/subsys/logging/log_core.c:313:17:z_log_init	32	static
/home/ee/ncs/zephyr/subsys/logging/log_core.c:919:13:log_process_thread_timer_expiry_fn	0	static
/home/ee/ncs/zephyr/include/zephyr/logging/log_output.h:118:19:log_format_func_t_get	0	static
/home/ee/ncs/zephyr/include/zephyr/logging/log_backend.h:322:16:log_format_table_size	0	static
/home/ee/ncs/zephyr/include/zephyr/logging/log_internal.h:164:17:z_log_timestamp	0	static
/home/ee/ncs/zephyr/include/zephyr/logging/log_ctrl.h:234:27:log_format_set_all_active_backends	24	static
/home/ee/ncs/zephyr/include/zephyr/logging/log.h:299:6:z_log_vprintk	24	static
/home/ee/ncs/zephyr/include/zephyr/logging/log_ctrl.h:48:6:log_init	0	static
/home/ee/ncs/zephyr/include/zephyr/logging/log_ctrl.h:54:6:log_thread_trigger	8	static
/home/ee/ncs/zephyr/include/zephyr/logging/log_ctrl.h:65:6:log_thread_set	8	static
/home/ee/ncs/zephyr/include/zephyr/logging/log_ctrl.h:75:5:log_set_timestamp_func	8	static
/home/ee/ncs/zephyr/include/zephyr/logging/log_internal.h:79:6:z_log_notify_backend_enabled	8	static
/home/ee/sensing_fw/build_primary/sensing_fw/zephyr/include/generated/zephyr/syscalls/log_ctrl.h:68:17:z_impl_log_buffered_cnt	0	static
/home/ee/ncs/zephyr/include/zephyr/logging/log_internal.h:39:6:z_log_dropped	8	static
/home/ee/ncs/zephyr/include/zephyr/logging/log_internal.h:133:20:z_log_notify_drop	0	static
/home/ee/ncs/zephyr/include/zephyr/logging/log_internal.h:45:10:z_log_dropped_read_and_clear	0	static
/home/ee/ncs/zephyr/subsys/logging/log_core.c:509:6:dropped_notify	16	static
/home/ee/ncs/zephyr/include/zephyr/logging/log_internal.h:52:6:z_log_dropped_pending	0	static
/home/ee/ncs/zephyr/include/zephyr/logging/log_internal.h:105:6:z_log_msg_init	8	static
/home/ee/ncs/zephyr/include/zephyr/logging/log_ctrl.h:42:6:log_core_init	8	static
/home/ee/ncs/zephyr/include/zephyr/logging/log_msg.h:595:17:z_log_msg_alloc	0	static
/home/ee/ncs/zephyr/subsys/logging/log_core.c:520:6:unordered_notify	16	static
/home/ee/ncs/zephyr/subsys/logging/log_core.c:696:24:z_log_msg_local_claim	0	static
/home/ee/ncs/zephyr/subsys/logging/log_core.c:707:24:z_log_msg_claim_oldest	40	static
/home/ee/ncs/zephyr/include/zephyr/logging/log_internal.h:118:24:z_log_msg_claim	0	static
/home/ee/ncs/zephyr/include/zephyr/logging/log_internal.h:124:6:z_log_msg_free	0	static
/home/ee/ncs/zephyr/include/zephyr/logging/log_internal.h:131:6:z_log_msg_pending	0	static
/home/ee/sensing_fw/build_primary/sensing_fw/zephyr/include/generated/zephyr/syscalls/log_ctrl.h:46:13:z_impl_log_process	24	static
/home/ee/sensing_fw/build_primary/sensing_fw/zephyr/include/generated/zephyr/syscalls/log_ctrl.h:23:13:z_impl_log_panic	16	static
/home/ee/ncs/zephyr/subsys/logging/log_core.c:924:13:log_process_thread_func	32	static
/home/ee/ncs/zephyr/subsys/logging/log_core.c:162:13:z_log_msg_post_finalize	16	static
/home/ee/ncs/zephyr/include/zephyr/logging/log_internal.h:111:6:z_log_msg_commit	8	static
/home/ee/ncs/zephyr/include/zephyr/logging/log_link.h:282:6:z_log_msg_enqueue	24	static
/home/ee/ncs/zephyr/include/zephyr/logging/log_internal.h:146:13:z_log_get_tag	0	static
/home/ee/ncs/zephyr/include/zephyr/logging/log_ctrl.h:259:5:log_set_tag	0	static
/home/ee/ncs/zephyr/include/zephyr/logging/log_ctrl.h:270:5:log_mem_get_usage	8	static
/home/ee/ncs/zephyr/include/zephyr/logging/log_ctrl.h:285:5:log_mem_get_max_usage	8	static
