/home/ee/ncs/zephyr/include/zephyr/logging/log_output.h:200:20:log_output_write	24	static
/home/ee/ncs/zephyr/include/zephyr/logging/log_output.h:215:20:log_output_flush	8	static
/home/ee/ncs/zephyr/include/zephyr/sys/cbprintf.h:744:5:cbvprintf	16	static
/home/ee/ncs/zephyr/subsys/logging/log_output.c:129:12:print_formatted	12	static
/home/ee/ncs/zephyr/subsys/logging/log_output.c:336:13:newline_print	0	static
/home/ee/ncs/zephyr/subsys/logging/log_output.c:93:12:out_func	16	static
/home/ee/ncs/zephyr/subsys/logging/log_output.c:119:12:cr_out_func	16	static
/home/ee/ncs/zephyr/include/zephyr/logging/log_output.h:161:6:log_output_process	80	static
/home/ee/ncs/zephyr/include/zephyr/logging/log_output.h:145:6:log_output_msg_process	56	static
/home/ee/ncs/zephyr/include/zephyr/logging/log_output.h:191:6:log_output_dropped_process	24	static
/home/ee/ncs/zephyr/include/zephyr/logging/log_output.h:248:6:log_output_timestamp_freq_set	0	static
/home/ee/ncs/zephyr/include/zephyr/logging/log_output.h:256:10:log_output_timestamp_to_us	8	static
