/home/ee/ncs/zephyr/subsys/mgmt/mcumgr/transport/src/smp_bt.c:166:32:conn_param_data_get	0	static
/home/ee/ncs/zephyr/subsys/mgmt/mcumgr/transport/src/smp_bt.c:391:24:smp_bt_conn_from_pkt	0	static
/home/ee/ncs/zephyr/subsys/mgmt/mcumgr/transport/src/smp_bt.c:422:13:smp_bt_ud_free	0	static
/home/ee/ncs/zephyr/subsys/mgmt/mcumgr/transport/src/smp_bt.c:432:12:smp_bt_ud_copy	0	static
/home/ee/ncs/zephyr/subsys/mgmt/mcumgr/transport/src/smp_bt.c:632:13:smp_bt_query_valid_check	16	static
/home/ee/ncs/zephyr/subsys/mgmt/mcumgr/transport/src/smp_bt.c:178:13:smp_notify_finished	8	static
/home/ee/ncs/zephyr/subsys/mgmt/mcumgr/transport/src/smp_bt.c:591:13:disconnected	24	static
/home/ee/ncs/zephyr/subsys/mgmt/mcumgr/transport/src/smp_bt.c:126:32:conn_param_data_alloc	16	static
/home/ee/ncs/zephyr/subsys/mgmt/mcumgr/transport/src/smp_bt.c:583:13:connected	8	static
/home/ee/ncs/zephyr/subsys/mgmt/mcumgr/transport/src/smp_bt.c:351:13:smp_bt_ccc_changed	8	static
/home/ee/ncs/zephyr/subsys/mgmt/mcumgr/transport/src/smp_bt.c:188:13:conn_param_set	16	static
/home/ee/ncs/zephyr/subsys/mgmt/mcumgr/transport/src/smp_bt.c:227:13:conn_param_smp_enable	24	static
/home/ee/ncs/zephyr/subsys/mgmt/mcumgr/transport/src/smp_bt.c:245:16:smp_bt_chr_write	40	static
/home/ee/ncs/zephyr/subsys/mgmt/mcumgr/transport/src/smp_bt.c:217:13:conn_param_on_error_retry	24	static
/home/ee/ncs/zephyr/subsys/mgmt/mcumgr/transport/src/smp_bt.c:205:13:conn_param_on_pref_restore	16	static
/home/ee/ncs/zephyr/include/zephyr/bluetooth/gatt.h:1455:19:bt_gatt_notify	32	static
/home/ee/ncs/zephyr/subsys/mgmt/mcumgr/transport/src/smp_bt.c:406:17:smp_bt_get_mtu	8	static
/home/ee/ncs/zephyr/subsys/mgmt/mcumgr/transport/src/smp_bt.c:448:12:smp_bt_tx_pkt	104	static
/home/ee/ncs/zephyr/subsys/mgmt/mcumgr/transport/src/smp_bt.c:624:13:conn_param_control_init	16	static
/home/ee/ncs/zephyr/include/zephyr/mgmt/mcumgr/transport/smp_bt.h:65:5:smp_bt_notify	8	static
/home/ee/ncs/zephyr/include/zephyr/mgmt/mcumgr/transport/smp_bt.h:46:5:smp_bt_register	8	static
/home/ee/ncs/zephyr/subsys/mgmt/mcumgr/transport/src/smp_bt.c:651:13:smp_bt_setup	16	static
/home/ee/ncs/zephyr/include/zephyr/mgmt/mcumgr/transport/smp_bt.h:53:5:smp_bt_unregister	8	static
