/home/ee/ncs/modules/lib/open-amp/open-amp/lib/include/openamp/virtio.h:325:20:virtio_delete_virtqueues	8	static
/home/ee/ncs/modules/lib/open-amp/open-amp/lib/include/openamp/virtio.h:355:19:virtio_get_status	8	static
/home/ee/ncs/modules/lib/open-amp/open-amp/lib/include/openamp/virtio.h:375:19:virtio_set_status	8	static
/home/ee/ncs/modules/lib/open-amp/open-amp/lib/include/openamp/virtio.h:442:19:virtio_get_features	16	static
/home/ee/ncs/modules/lib/open-amp/open-amp/lib/rpmsg/rpmsg_virtio.c:257:12:rpmsg_virtio_wait_remote_ready	16	static
/home/ee/ncs/modules/lib/open-amp/open-amp/lib/rpmsg/rpmsg_virtio.c:288:13:rpmsg_virtio_buf_held_dec_test	8	static
/home/ee/ncs/modules/lib/open-amp/open-amp/lib/rpmsg/rpmsg_virtio.c:346:12:rpmsg_virtio_notify_wait	8	static
/home/ee/ncs/modules/lib/open-amp/open-amp/lib/rpmsg/rpmsg_virtio.c:545:13:rpmsg_virtio_tx_callback	0	static
/home/ee/sensing_fw/build/sensing_fw/modules/libmetal/libmetal/lib/include/metal/system/zephyr/mutex.h:74:20:__metal_mutex_acquire	8	static
/home/ee/ncs/modules/lib/open-amp/open-amp/lib/include/openamp/rpmsg_virtio.h:269:5:rpmsg_virtio_get_tx_buffer_size	16	static
/home/ee/ncs/modules/lib/open-amp/open-amp/lib/include/openamp/rpmsg_virtio.h:278:5:rpmsg_virtio_get_rx_buffer_size	16	static
/home/ee/ncs/modules/lib/open-amp/open-amp/lib/rpmsg/rpmsg_virtio.c:466:12:rpmsg_virtio_release_tx_buffer	24	static
/home/ee/ncs/modules/lib/open-amp/open-amp/lib/rpmsg/rpmsg_virtio.c:306:13:rpmsg_virtio_hold_rx_buffer	16	static
/home/ee/ncs/modules/lib/open-amp/open-amp/lib/rpmsg/rpmsg_virtio.c:635:12:rpmsg_virtio_ns_callback	64	static
/home/ee/ncs/modules/lib/open-amp/open-amp/lib/rpmsg/rpmsg_virtio.c:227:14:rpmsg_virtio_get_rx_buffer	16	static
/home/ee/ncs/modules/lib/open-amp/open-amp/lib/rpmsg/rpmsg_virtio.c:109:13:rpmsg_virtio_return_buffer	32	static
/home/ee/ncs/modules/lib/open-amp/open-amp/lib/rpmsg/rpmsg_virtio.c:313:13:rpmsg_virtio_release_rx_buffer_nolock	16	static
/home/ee/ncs/modules/lib/open-amp/open-amp/lib/rpmsg/rpmsg_virtio.c:557:13:rpmsg_virtio_rx_callback	40	static
/home/ee/ncs/modules/lib/open-amp/open-amp/lib/rpmsg/rpmsg_virtio.c:328:13:rpmsg_virtio_release_rx_buffer	16	static
/home/ee/ncs/modules/lib/open-amp/open-amp/lib/rpmsg/rpmsg_virtio.c:147:12:rpmsg_virtio_enqueue_buffer	24	static
/home/ee/ncs/modules/lib/open-amp/open-amp/lib/rpmsg/rpmsg_virtio.c:416:12:rpmsg_virtio_send_offchannel_nocopy	40	static
/home/ee/sensing_fw/build/sensing_fw/modules/libmetal/libmetal/lib/include/metal/system/zephyr/sleep.h:25:19:__metal_sleep_usec	8	static
/home/ee/ncs/modules/lib/open-amp/open-amp/lib/include/openamp/rpmsg_virtio.h:415:1:rpmsg_virtio_shm_pool_get_buffer	4	static
/home/ee/ncs/modules/lib/open-amp/open-amp/lib/rpmsg/rpmsg_virtio.c:182:14:rpmsg_virtio_get_tx_buffer	24	static
/home/ee/ncs/modules/lib/open-amp/open-amp/lib/rpmsg/rpmsg_virtio.c:358:14:rpmsg_virtio_get_tx_payload_buffer	32	static
/home/ee/ncs/modules/lib/open-amp/open-amp/lib/rpmsg/rpmsg_virtio.c:507:12:rpmsg_virtio_send_offchannel_raw	48	static
/home/ee/ncs/modules/lib/open-amp/open-amp/lib/include/openamp/rpmsg_virtio.h:382:6:rpmsg_virtio_init_shm_pool	0	static
/home/ee/ncs/modules/lib/open-amp/open-amp/lib/include/openamp/rpmsg_virtio.h:356:5:rpmsg_init_vdev_with_config	80	static
/home/ee/ncs/modules/lib/open-amp/open-amp/lib/include/openamp/rpmsg_virtio.h:318:5:rpmsg_init_vdev	40	static
/home/ee/ncs/modules/lib/open-amp/open-amp/lib/include/openamp/rpmsg_virtio.h:368:6:rpmsg_deinit_vdev	8	static
