/home/ee/sensing_fw/src/app/app.cpp:173:16:mgmt_cb_return fota_chunk_written_callback(uint32_t, mgmt_cb_return, int32_t*, uint16_t*, bool*, void*, size_t)	0	static
/home/ee/sensing_fw/src/app/app.cpp:88:16:mgmt_cb_return fota_started_callback(uint32_t, mgmt_cb_return, int32_t*, uint16_t*, bool*, void*, size_t)	584	static
/home/ee/sensing_fw/src/app/app.cpp:125:16:mgmt_cb_return fota_chunk_callback(uint32_t, mgmt_cb_return, int32_t*, uint16_t*, bool*, void*, size_t)	576	static
/home/ee/sensing_fw/src/app/app.cpp:191:16:mgmt_cb_return fota_pending_callback(uint32_t, mgmt_cb_return, int32_t*, uint16_t*, bool*, void*, size_t)	576	static
/home/ee/sensing_fw/src/app/app.cpp:274:16:mgmt_cb_return fota_stopped_callback(uint32_t, mgmt_cb_return, int32_t*, uint16_t*, bool*, void*, size_t)	584	static
/home/ee/sensing_fw/src/app/app.cpp:227:16:mgmt_cb_return fota_confirmed_callback(uint32_t, mgmt_cb_return, int32_t*, uint16_t*, bool*, void*, size_t)	576	static
/home/ee/ncs/nrf/include/caf/events/module_state_event.h:243:1:module_state_event* new_module_state_event()	8	static
/home/ee/ncs/nrf/include/caf/events/module_state_event.h:312:20:void module_set_state(module_state)	8	static
/home/ee/ncs/zephyr/include/zephyr/kernel.h:564:23:int32_t k_msleep(int32_t)	8	static
/home/ee/sensing_fw/src/app/app.cpp:391:6:void app_entry(void*, void*, void*)	8	static
/home/ee/sensing_fw/src/app/app.cpp:65:13:void fota_reset_handler(k_work*)	8	static
/home/ee/sensing_fw/src/app/app.cpp:372:13:void app_init()	40	static
/home/ee/sensing_fw/src/app/app.cpp:434:13:bool app_event_handler(const app_event_header*)	8	static
/home/ee/sensing_fw/src/app/app.cpp:346:29:fota_progress_state* get_fota_progress()	0	static
/home/ee/sensing_fw/src/app/app.cpp:351:6:)	272	static
/home/ee/sensing_fw/src/app/app.cpp:362:6:void initializing_entry()	0	static
/home/ee/sensing_fw/src/app/app.cpp:407:13:const char* get_sender_name(sender_type_t)	0	static
