/home/ee/ncs/modules/crypto/mbedtls/library/ctr_drbg.c:515:15:good_nonce_len	0	static
/home/ee/ncs/modules/crypto/mbedtls/library/ctr.h:21:20:mbedtls_ctr_increment_counter	0	static
/home/ee/ncs/modules/crypto/mbedtls/library/ctr_drbg.c:161:12:block_cipher_df	824	static
/home/ee/ncs/modules/crypto/mbedtls/library/ctr_drbg.c:332:12:ctr_drbg_update_internal	72	static
/home/ee/ncs/modules/crypto/mbedtls/library/ctr_drbg.c:447:12:mbedtls_ctr_drbg_reseed_internal	408	static
/home/ee/ncs/modules/crypto/mbedtls/library/ctr_drbg.c:73:6:mbedtls_ctr_drbg_init	8	static
/home/ee/ncs/modules/crypto/mbedtls/library/ctr_drbg.c:93:6:mbedtls_ctr_drbg_free	8	static
/home/ee/ncs/modules/crypto/mbedtls/library/ctr_drbg.c:115:6:mbedtls_ctr_drbg_set_prediction_resistance	0	static
/home/ee/ncs/modules/crypto/mbedtls/library/ctr_drbg.c:121:6:mbedtls_ctr_drbg_set_entropy_len	0	static
/home/ee/ncs/modules/crypto/mbedtls/library/ctr_drbg.c:127:5:mbedtls_ctr_drbg_set_nonce_len	0	static
/home/ee/ncs/modules/crypto/mbedtls/library/ctr_drbg.c:155:6:mbedtls_ctr_drbg_set_reseed_interval	0	static
/home/ee/ncs/modules/crypto/mbedtls/library/ctr_drbg.c:411:5:mbedtls_ctr_drbg_update	64	static
/home/ee/ncs/modules/crypto/mbedtls/library/ctr_drbg.c:504:5:mbedtls_ctr_drbg_reseed	8	static
/home/ee/ncs/modules/crypto/mbedtls/library/ctr_drbg.c:535:5:mbedtls_ctr_drbg_seed	56	static
/home/ee/ncs/modules/crypto/mbedtls/library/ctr_drbg.c:609:5:mbedtls_ctr_drbg_random_with_add	88	static
/home/ee/ncs/modules/crypto/mbedtls/library/ctr_drbg.c:696:5:mbedtls_ctr_drbg_random	16	static
